<html>
<body>
<pre>
<h1>µVision Build Log</h1>
<h2>Tool Versions:</h2>
IDE-Version: £gVision V5.40.0.0
Copyright (C) 2024 ARM Ltd and ARM Germany GmbH. All rights reserved.
License Information: Jos User1, DDM, LIC=76F5U-SU6WF-PCCJ8-33SS0-Q06QE-1MNHU
 
Tool Versions:
Toolchain:       MDK-ARM Plus  Version: 5.40.0.3
Toolchain Path:  C:\Keil_v540\ARM\ARMCC\Bin
C Compiler:      Armcc.exe V5.06 update 5 (build 528)
Assembler:       Armasm.exe V5.06 update 5 (build 528)
Linker/Locator:  ArmLink.exe V5.06 update 5 (build 528)
Library Manager: ArmAr.exe V5.06 update 5 (build 528)
Hex Converter:   FromElf.exe V5.06 update 5 (build 528)
CPU DLL:         SARMCM3.DLL V5.40.0.3
Dialog DLL:      DCM.DLL V1.17.5.0
Target DLL:      CMSIS_AGDI.dll V1.33.18.0
Dialog DLL:      TCM.DLL V1.56.4.0
 
<h2>Project:</h2>
E:\git\403a_prj_all\f4_all_ai\202510_edriver_make\9_1_release\f437_dm9051_u2510_r_9_1\utilities\mdk\mdk_v5\dm9051_u2510.uvprojx
Project File Date:  11/11/2025

<h2>Output:</h2>
*** Using Compiler 'V5.06 update 5 (build 528)', folder: 'C:\Keil_v540\ARM\ARMCC\Bin'
Rebuild target 'at_start_f437'
compiling at32f435_437_clock.c...
compiling at32f435_437_int.c...
compiling main.c...
compiling app_call.c...
compiling uIP_cTask.c...
compiling include_port.c...
compiling RttPrintf.c...
compiling tapdev.c...
compiling at32f435_437_acc.c...
compiling at32f435_437_board.c...
compiling at32f435_437_adc.c...
compiling at32f435_437_crc.c...
compiling at32f435_437_can.c...
compiling at32f435_437_crm.c...
compiling at32f435_437_dac.c...
compiling at32f435_437_debug.c...
compiling at32f435_437_dma.c...
compiling at32f435_437_dvp.c...
compiling at32f435_437_edma.c...
compiling at32f435_437_ertc.c...
compiling at32f435_437_exint.c...
compiling at32f435_437_flash.c...
compiling at32f435_437_gpio.c...
compiling at32f435_437_i2c.c...
compiling at32f435_437_misc.c...
compiling at32f435_437_pwc.c...
compiling at32f435_437_scfg.c...
compiling at32f435_437_qspi.c...
compiling at32f435_437_sdio.c...
compiling at32f435_437_spi.c...
compiling at32f435_437_tmr.c...
compiling at32f435_437_usart.c...
compiling at32f435_437_wdt.c...
compiling at32f435_437_usb.c...
compiling at32f435_437_wwdt.c...
assembling startup_at32f435_437.s...
compiling croutine.c...
compiling system_at32f435_437.c...
compiling at32f435_437_xmc.c...
compiling event_groups.c...
compiling list.c...
compiling stream_buffer.c...
compiling queue.c...
compiling timers.c...
compiling heap_4.c...
compiling tasks.c...
compiling timer.c...
compiling uip_arp.c...
compiling uip.c...
compiling psock.c...
compiling clock-arch.c...
compiling dhcpc.c...
compiling httpd-fs.c...
compiling httpd-cgi.c...
compiling httpd.c...
compiling http-strings.c...
compiling hex_dump.c...
compiling plat_uip.c...
compiling devif_uip.c...
compiling platform_info_uip.c...
compiling at32f437_int7.c...
compiling _fs.c...
compiling dm9051.c...
compiling fs_jjdynamic.c...
compiling at32f437_spi1.c...
linking...
Program Size: Code=30760 RO-data=7388 RW-data=452 ZI-data=46172  
FromELF: creating hex file...
".\objects\at32f403a_freertos.axf" - 0 Error(s), 0 Warning(s).

<h2>Software Packages used:</h2>

Package Vendor: ArteryTek
                
                ArteryTek::AT32F435_437_DFP@2.1.9
                ArteryTek AT32F4 Series Device Support,Drivers

<h2>Collection of Component include folders:</h2>
  C:/Keil_v540/ARM/PACK/ArteryTek/AT32F435_437_DFP/2.1.9/Device/Include

<h2>Collection of Component Files used:</h2>
Build Time Elapsed:  00:00:11
</pre>
</body>
</html>
