<html>
<body>
<pre>
<h1>µVision Build Log</h1>
<h2>Tool Versions:</h2>
IDE-Version: £gVision V5.40.0.0
Copyright (C) 2024 ARM Ltd and ARM Germany GmbH. All rights reserved.
License Information: Jos User1, DDM, LIC=76F5U-SU6WF-PCCJ8-33SS0-Q06QE-1MNHU
 
Tool Versions:
Toolchain:       MDK-ARM Plus  Version: 5.40.0.3
Toolchain Path:  C:\Keil_v540\ARM\ARMCC\Bin
C Compiler:      Armcc.exe V5.06 update 5 (build 528)
Assembler:       Armasm.exe V5.06 update 5 (build 528)
Linker/Locator:  ArmLink.exe V5.06 update 5 (build 528)
Library Manager: ArmAr.exe V5.06 update 5 (build 528)
Hex Converter:   FromElf.exe V5.06 update 5 (build 528)
CPU DLL:         SARMCM3.DLL V5.40.0.3
Dialog DLL:      DCM.DLL V1.17.5.0
Target DLL:      CMSIS_AGDI.dll V1.33.18.0
Dialog DLL:      TCM.DLL V1.56.4.0
 
<h2>Project:</h2>
E:\git\2511\lwip_dm9051_r2412_v1.0+\utilities\daemon\mdk_v5\lwip_dm9051_daemon.uvprojx
Project File Date:  11/10/2025

<h2>Output:</h2>
*** Using Compiler 'V5.06 update 5 (build 528)', folder: 'C:\Keil_v540\ARM\ARMCC\Bin'
Rebuild target 'daemon'
compiling at32f435_437_clock.c...
compiling at32f435_437_int.c...
compiling main.c...
compiling at32_emac.c...
compiling netconf.c...
compiling netconf_emac.c...
compiling -core.c...
compiling -debug_types_data.c...
compiling -ethif.c...
compiling at32f435_437_board.c...
compiling at32f435_437_crm.c...
compiling at32f435_437_usart.c...
compiling at32f435_437_emac.c...
compiling at32f435_437_exint.c...
compiling at32f435_437_gpio.c...
compiling at32f435_437_misc.c...
compiling at32f435_437_scfg.c...
compiling at32f435_437_tmr.c...
assembling startup_at32f435_437.s...
compiling at32f435_437_spi.c...
compiling system_at32f435_437.c...
compiling altcp.c...
compiling altcp_alloc.c...
compiling api_lib.c...
compiling altcp_tcp.c...
compiling api_msg.c...
compiling autoip.c...
compiling def.c...
compiling dhcp.c...
compiling dns.c...
compiling err.c...
compiling etharp.c...
compiling ethernet.c...
compiling icmp.c...
compiling if_api.c...
compiling inet_chksum.c...
compiling igmp.c...
compiling init.c...
compiling ip.c...
compiling ip4.c...
compiling ip4_addr.c...
compiling ip4_frag.c...
compiling mem.c...
compiling memp.c...
compiling netbuf.c...
compiling netdb.c...
compiling netifapi.c...
compiling netif.c...
compiling pbuf.c...
compiling raw.c...
compiling stats.c...
compiling sockets.c...
compiling sys.c...
compiling sys_arch.c...
compiling tcp.c...
compiling tcp_in.c...
compiling tcp_out.c...
compiling tcpip.c...
compiling timeouts.c...
compiling ethernetif.c...
compiling udp.c...
compiling ethernetif_v51.c...
compiling dm9051.c...
compiling hex_dump.c...
compiling at32f437_spi1.c...
compiling plat_lwip.c...
compiling at32f437_int7.c...
compiling platform_info_lwip.c...
compiling fs_jjdynamic.c...
compiling devif_lwip.c...
compiling httpd.c...
linking...
Program Size: Code=50330 RO-data=27174 RW-data=460 ZI-data=50316  
".\objects\ptp_daemon.axf" - 0 Error(s), 0 Warning(s).

<h2>Software Packages used:</h2>

Package Vendor: ArteryTek
                
                ArteryTek::AT32F435_437_DFP@2.1.9
                ArteryTek AT32F4 Series Device Support,Drivers

<h2>Collection of Component include folders:</h2>
  C:/Keil_v540/ARM/PACK/ArteryTek/AT32F435_437_DFP/2.1.9/Device/Include

<h2>Collection of Component Files used:</h2>
Build Time Elapsed:  00:00:10
</pre>
</body>
</html>
