Component: ARM Compiler 5.06 update 5 (build 528) Tool: armlink [4d35e2]

==============================================================================

Section Cross References

    .\objects\main.o(i.SysTick_Handler) refers to .\objects\main.o(i.dm9051_boards_heartbeat_tick) for dm9051_boards_heartbeat_tick
    .\objects\main.o(i.SysTick_Handler) refers to .\objects\include_port.o(i.xPortSysTickHandler) for xPortSysTickHandler
    .\objects\main.o(i.create_network_task) refers to .\objects\tasks.o(i.xTaskCreate) for xTaskCreate
    .\objects\main.o(i.create_network_task) refers to C:\Keil_v540\ARM\ARMCC\Bin\..\lib\armlib\mc_w.l(printfa.o)(i.__0printf) for __2printf
    .\objects\main.o(i.create_network_task) refers to .\objects\main.o(.data) for network_handler
    .\objects\main.o(i.create_network_task) refers to .\objects\uip_ctask.o(i.vuIP_Task) for vuIP_Task
    .\objects\main.o(i.dm9051_boards_heartbeat_now) refers to .\objects\main.o(.data) for hal_tick_count
    .\objects\main.o(i.dm9051_boards_heartbeat_tick) refers to .\objects\main.o(.data) for AT_HalTicks
    .\objects\main.o(i.dm_version_info) refers to C:\Keil_v540\ARM\ARMCC\Bin\..\lib\armlib\mc_w.l(printfa.o)(i.__0sprintf) for __2sprintf
    .\objects\main.o(i.dm_version_info) refers to C:\Keil_v540\ARM\ARMCC\Bin\..\lib\armlib\mc_w.l(printfa.o)(i.__0printf) for __2printf
    .\objects\main.o(i.dm_version_info) refers to .\objects\main.o(i.ver_string_get) for ver_string_get
    .\objects\main.o(i.dm_version_info) refers to .\objects\main.o(.bss) for version_string
    .\objects\main.o(i.dump_data) refers to C:\Keil_v540\ARM\ARMCC\Bin\..\lib\armlib\mc_w.l(printfa.o)(i.__0sprintf) for __2sprintf
    .\objects\main.o(i.dump_data) refers to C:\Keil_v540\ARM\ARMCC\Bin\..\lib\armlib\mc_w.l(printfa.o)(i.__0printf) for __2printf
    .\objects\main.o(i.dump_data) refers to .\objects\main.o(.data) for link_log_reset_allow_num_dump_data
    .\objects\main.o(i.main) refers to .\objects\at32f435_437_misc.o(i.nvic_priority_group_config) for nvic_priority_group_config
    .\objects\main.o(i.main) refers to .\objects\at32f435_437_clock.o(i.system_clock_config) for system_clock_config
    .\objects\main.o(i.main) refers to .\objects\at32f435_437_board.o(i.uart_print_init) for uart_print_init
    .\objects\main.o(i.main) refers to .\objects\plat_uip.o(i.dm_eth_show_app_help_info) for dm_eth_show_app_help_info
    .\objects\main.o(i.main) refers to .\objects\include_port.o(i.vPortEnterCritical) for vPortEnterCritical
    .\objects\main.o(i.main) refers to .\objects\main.o(i.create_network_task) for create_network_task
    .\objects\main.o(i.main) refers to .\objects\include_port.o(i.vPortExitCritical) for vPortExitCritical
    .\objects\main.o(i.main) refers to .\objects\tasks.o(i.vTaskStartScheduler) for vTaskStartScheduler
    .\objects\main.o(i.ver_string_get) refers to C:\Keil_v540\ARM\ARMCC\Bin\..\lib\armlib\mc_w.l(strlen.o)(.text) for strlen
    .\objects\at32f435_437_clock.o(i.system_clock_config) refers to .\objects\at32f435_437_crm.o(i.crm_periph_clock_enable) for crm_periph_clock_enable
    .\objects\at32f435_437_clock.o(i.system_clock_config) refers to .\objects\at32f435_437_crm.o(i.crm_reset) for crm_reset
    .\objects\at32f435_437_clock.o(i.system_clock_config) refers to .\objects\at32f435_437_crm.o(i.crm_clock_source_enable) for crm_clock_source_enable
    .\objects\at32f435_437_clock.o(i.system_clock_config) refers to .\objects\at32f435_437_crm.o(i.crm_hext_stable_wait) for crm_hext_stable_wait
    .\objects\at32f435_437_clock.o(i.system_clock_config) refers to .\objects\at32f435_437_crm.o(i.crm_pll_config) for crm_pll_config
    .\objects\at32f435_437_clock.o(i.system_clock_config) refers to .\objects\at32f435_437_crm.o(i.crm_flag_get) for crm_flag_get
    .\objects\at32f435_437_clock.o(i.system_clock_config) refers to .\objects\at32f435_437_crm.o(i.crm_ahb_div_set) for crm_ahb_div_set
    .\objects\at32f435_437_clock.o(i.system_clock_config) refers to .\objects\at32f435_437_crm.o(i.crm_apb2_div_set) for crm_apb2_div_set
    .\objects\at32f435_437_clock.o(i.system_clock_config) refers to .\objects\at32f435_437_crm.o(i.crm_apb1_div_set) for crm_apb1_div_set
    .\objects\at32f435_437_clock.o(i.system_clock_config) refers to .\objects\at32f435_437_crm.o(i.crm_auto_step_mode_enable) for crm_auto_step_mode_enable
    .\objects\at32f435_437_clock.o(i.system_clock_config) refers to .\objects\at32f435_437_crm.o(i.crm_sysclk_switch) for crm_sysclk_switch
    .\objects\at32f435_437_clock.o(i.system_clock_config) refers to .\objects\at32f435_437_crm.o(i.crm_sysclk_switch_status_get) for crm_sysclk_switch_status_get
    .\objects\at32f435_437_clock.o(i.system_clock_config) refers to .\objects\system_at32f435_437.o(i.system_core_clock_update) for system_core_clock_update
    .\objects\include_port.o(.emb_text) refers to .\objects\tasks.o(i.vTaskSwitchContext) for vTaskSwitchContext
[...]
    strchr                                   0x08000389   Thumb Code    20  C:\Keil_v540\ARM\ARMCC\Bin\..\lib\armlib\mc_w.l(strchr.o)(.text)
    strlen                                   0x0800039d   Thumb Code    14  C:\Keil_v540\ARM\ARMCC\Bin\..\lib\armlib\mc_w.l(strlen.o)(.text)
    strcpy                                   0x080003ab   Thumb Code    18  C:\Keil_v540\ARM\ARMCC\Bin\..\lib\armlib\mc_w.l(strcpy.o)(.text)
    strncmp                                  0x080003bd   Thumb Code    30  C:\Keil_v540\ARM\ARMCC\Bin\..\lib\armlib\mc_w.l(strncmp.o)(.text)
    strrchr                                  0x080003db   Thumb Code    32  C:\Keil_v540\ARM\ARMCC\Bin\..\lib\armlib\mc_w.l(strrchr.o)(.text)
    __aeabi_uidiv                            0x080003fb   Thumb Code     0  C:\Keil_v540\ARM\ARMCC\Bin\..\lib\armlib\mc_w.l(uidiv.o)(.text)
    __aeabi_uidivmod                         0x080003fb   Thumb Code    44  C:\Keil_v540\ARM\ARMCC\Bin\..\lib\armlib\mc_w.l(uidiv.o)(.text)
    __aeabi_uldivmod                         0x08000427   Thumb Code    98  C:\Keil_v540\ARM\ARMCC\Bin\..\lib\armlib\mc_w.l(uldiv.o)(.text)
    __I$use$fp                               0x08000489   Thumb Code     0  C:\Keil_v540\ARM\ARMCC\Bin\..\lib\armlib\mc_w.l(iusefp.o)(.text)
    __aeabi_dadd                             0x08000489   Thumb Code   322  C:\Keil_v540\ARM\ARMCC\Bin\..\lib\armlib\mf_w.l(dadd.o)(.text)
    __aeabi_dsub                             0x080005cb   Thumb Code     6  C:\Keil_v540\ARM\ARMCC\Bin\..\lib\armlib\mf_w.l(dadd.o)(.text)
    __aeabi_drsub                            0x080005d1   Thumb Code     6  C:\Keil_v540\ARM\ARMCC\Bin\..\lib\armlib\mf_w.l(dadd.o)(.text)
    __aeabi_dmul                             0x080005d7   Thumb Code   228  C:\Keil_v540\ARM\ARMCC\Bin\..\lib\armlib\mf_w.l(dmul.o)(.text)
    __aeabi_ddiv                             0x080006bb   Thumb Code   222  C:\Keil_v540\ARM\ARMCC\Bin\..\lib\armlib\mf_w.l(ddiv.o)(.text)
    __aeabi_d2ulz                            0x08000799   Thumb Code    48  C:\Keil_v540\ARM\ARMCC\Bin\..\lib\armlib\mf_w.l(dfixul.o)(.text)
    __aeabi_cdrcmple                         0x080007c9   Thumb Code    48  C:\Keil_v540\ARM\ARMCC\Bin\..\lib\armlib\mf_w.l(cdrcmple.o)(.text)
    __scatterload                            0x080007f9   Thumb Code    28  C:\Keil_v540\ARM\ARMCC\Bin\..\lib\armlib\mc_w.l(init.o)(.text)
    __scatterload_rt2                        0x080007f9   Thumb Code     0  C:\Keil_v540\ARM\ARMCC\Bin\..\lib\armlib\mc_w.l(init.o)(.text)
    __aeabi_llsl                             0x0800081d   Thumb Code    30  C:\Keil_v540\ARM\ARMCC\Bin\..\lib\armlib\mc_w.l(llshl.o)(.text)
    _ll_shift_l                              0x0800081d   Thumb Code     0  C:\Keil_v540\ARM\ARMCC\Bin\..\lib\armlib\mc_w.l(llshl.o)(.text)
    __aeabi_llsr                             0x0800083b   Thumb Code    32  C:\Keil_v540\ARM\ARMCC\Bin\..\lib\armlib\mc_w.l(llushr.o)(.text)
    _ll_ushift_r                             0x0800083b   Thumb Code     0  C:\Keil_v540\ARM\ARMCC\Bin\..\lib\armlib\mc_w.l(llushr.o)(.text)
    __aeabi_lasr                             0x0800085b   Thumb Code    36  C:\Keil_v540\ARM\ARMCC\Bin\..\lib\armlib\mc_w.l(llsshr.o)(.text)
    _ll_sshift_r                             0x0800085b   Thumb Code     0  C:\Keil_v540\ARM\ARMCC\Bin\..\lib\armlib\mc_w.l(llsshr.o)(.text)
    _double_round                            0x0800087f   Thumb Code    30  C:\Keil_v540\ARM\ARMCC\Bin\..\lib\armlib\mf_w.l(depilogue.o)(.text)
    _double_epilogue                         0x0800089d   Thumb Code   156  C:\Keil_v540\ARM\ARMCC\Bin\..\lib\armlib\mf_w.l(depilogue.o)(.text)
    __decompress                             0x08000939   Thumb Code     0  C:\Keil_v540\ARM\ARMCC\Bin\..\lib\armlib\mc_w.l(__dczerorl2.o)(.text)
    __decompress1                            0x08000939   Thumb Code    86  C:\Keil_v540\ARM\ARMCC\Bin\..\lib\armlib\mc_w.l(__dczerorl2.o)(.text)
    BusFault_Handler                         0x0800098f   Thumb Code     4  .\objects\at32f435_437_int.o(i.BusFault_Handler)
    DM_ETHER_Receive_Route_W                 0x08000995   Thumb Code   148  .\objects\uip_ctask.o(i.DM_ETHER_Receive_Route_W)
    DM_ETH_Init                              0x08000a31   Thumb Code    16  .\objects\devif_uip.o(i.DM_ETH_Init)
    DM_ETH_Init_mode                         0x08000a41   Thumb Code     8  .\objects\devif_uip.o(i.DM_ETH_Init_mode)
    DM_ETH_RXHandler_Poll                    0x08000a49   Thumb Code    18  .\objects\uip_ctask.o(i.DM_ETH_RXHandler_Poll)
    DM_ETH_Read_mdra                         0x08000a61   Thumb Code    14  .\objects\hex_dump.o(i.DM_ETH_Read_mdra)
    DM_ETH_ToCalc_rx_pointers                0x08000a6f   Thumb Code    32  .\objects\hex_dump.o(i.DM_ETH_ToCalc_rx_pointers)
    DM_Eth_Info_Linkup                       0x08000a8f   Thumb Code    30  .\objects\platform_info_uip.o(i.DM_Eth_Info_Linkup)
    DM_Eth_Read_Info                         0x08000aad   Thumb Code    24  .\objects\platform_info_uip.o(i.DM_Eth_Read_Info)
    DebugMon_Handler                         0x08000ac5   Thumb Code     2  .\objects\at32f435_437_int.o(i.DebugMon_Handler)
    EXINT9_5_IRQHandler                      0x08000ac7   Thumb Code    36  .\objects\at32f437_int7.o(i.EXINT9_5_IRQHandler)
    HardFault_Handler                        0x08000aeb   Thumb Code     4  .\objects\at32f435_437_int.o(i.HardFault_Handler)
    MemManage_Handler                        0x08000aef   Thumb Code     4  .\objects\at32f435_437_int.o(i.MemManage_Handler)
    NMI_Handler                              0x08000af3   Thumb Code     2  .\objects\at32f435_437_int.o(i.NMI_Handler)
    RttPrintf                                0x08000af5   Thumb Code    26  .\objects\rttprintf.o(i.RttPrintf)
    SysTick_Handler                          0x08000b0f   Thumb Code    12  .\objects\main.o(i.SysTick_Handler)
    SystemInit                               0x08000b1d   Thumb Code   126  .\objects\system_at32f435_437.o(i.SystemInit)
    UsageFault_Handler                       0x08000bad   Thumb Code     4  .\objects\at32f435_437_int.o(i.UsageFault_Handler)
    __0printf                                0x08000bb1   Thumb Code    22  C:\Keil_v540\ARM\ARMCC\Bin\..\lib\armlib\mc_w.l(printfa.o)(i.__0printf)
    __1printf                                0x08000bb1   Thumb Code     0  C:\Keil_v540\ARM\ARMCC\Bin\..\lib\armlib\mc_w.l(printfa.o)(i.__0printf)
    __2printf                                0x08000bb1   Thumb Code     0  C:\Keil_v540\ARM\ARMCC\Bin\..\lib\armlib\mc_w.l(printfa.o)(i.__0printf)
    __c89printf                              0x08000bb1   Thumb Code     0  C:\Keil_v540\ARM\ARMCC\Bin\..\lib\armlib\mc_w.l(printfa.o)(i.__0printf)
    printf                                   0x08000bb1   Thumb Code     0  C:\Keil_v540\ARM\ARMCC\Bin\..\lib\armlib\mc_w.l(printfa.o)(i.__0printf)
    __0snprintf                              0x08000bd1   Thumb Code    44  C:\Keil_v540\ARM\ARMCC\Bin\..\lib\armlib\mc_w.l(printfa.o)(i.__0snprintf)
    __1snprintf                              0x08000bd1   Thumb Code     0  C:\Keil_v540\ARM\ARMCC\Bin\..\lib\armlib\mc_w.l(printfa.o)(i.__0snprintf)
    __2snprintf                              0x08000bd1   Thumb Code     0  C:\Keil_v540\ARM\ARMCC\Bin\..\lib\armlib\mc_w.l(printfa.o)(i.__0snprintf)
    __c89snprintf                            0x08000bd1   Thumb Code     0  C:\Keil_v540\ARM\ARMCC\Bin\..\lib\armlib\mc_w.l(printfa.o)(i.__0snprintf)
    snprintf                                 0x08000bd1   Thumb Code     0  C:\Keil_v540\ARM\ARMCC\Bin\..\lib\armlib\mc_w.l(printfa.o)(i.__0snprintf)
    __0sprintf                               0x08000c01   Thumb Code    34  C:\Keil_v540\ARM\ARMCC\Bin\..\lib\armlib\mc_w.l(printfa.o)(i.__0sprintf)
    __1sprintf                               0x08000c01   Thumb Code     0  C:\Keil_v540\ARM\ARMCC\Bin\..\lib\armlib\mc_w.l(printfa.o)(i.__0sprintf)
    __2sprintf                               0x08000c01   Thumb Code     0  C:\Keil_v540\ARM\ARMCC\Bin\..\lib\armlib\mc_w.l(printfa.o)(i.__0sprintf)
    __c89sprintf                             0x08000c01   Thumb Code     0  C:\Keil_v540\ARM\ARMCC\Bin\..\lib\armlib\mc_w.l(printfa.o)(i.__0sprintf)
    sprintf                                  0x08000c01   Thumb Code     0  C:\Keil_v540\ARM\ARMCC\Bin\..\lib\armlib\mc_w.l(printfa.o)(i.__0sprintf)
    __scatterload_copy                       0x08000c29   Thumb Code    14  C:\Keil_v540\ARM\ARMCC\Bin\..\lib\armlib\mc_w.l(handlers.o)(i.__scatterload_copy)
    __scatterload_null                       0x08000c37   Thumb Code     2  C:\Keil_v540\ARM\ARMCC\Bin\..\lib\armlib\mc_w.l(handlers.o)(i.__scatterload_null)
    __scatterload_zeroinit                   0x08000c39   Thumb Code    14  C:\Keil_v540\ARM\ARMCC\Bin\..\lib\armlib\mc_w.l(handlers.o)(i.__scatterload_zeroinit)
    check_force_stop                         0x08001589   Thumb Code    14  .\objects\dm9051.o(i.check_force_stop)
    clock_time                               0x080015e3   Thumb Code     8  .\objects\clock-arch.o(i.clock_time)
    create_network_task                      0x080015ed   Thumb Code    36  .\objects\main.o(i.create_network_task)
    crm_ahb_div_set                          0x08001641   Thumb Code    14  .\objects\at32f435_437_crm.o(i.crm_ahb_div_set)
    crm_apb1_div_set                         0x08001655   Thumb Code    14  .\objects\at32f435_437_crm.o(i.crm_apb1_div_set)
    crm_apb2_div_set                         0x08001669   Thumb Code    14  .\objects\at32f435_437_crm.o(i.crm_apb2_div_set)
    crm_auto_step_mode_enable                0x0800167d   Thumb Code    34  .\objects\at32f435_437_crm.o(i.crm_auto_step_mode_enable)
    crm_clock_source_enable                  0x080016a5   Thumb Code    98  .\objects\at32f435_437_crm.o(i.crm_clock_source_enable)
    crm_clocks_freq_get                      0x0800170d   Thumb Code   224  .\objects\at32f435_437_crm.o(i.crm_clocks_freq_get)
    crm_flag_get                             0x08001809   Thumb Code    44  .\objects\at32f435_437_crm.o(i.crm_flag_get)
    crm_hext_stable_wait                     0x08001839   Thumb Code    46  .\objects\at32f435_437_crm.o(i.crm_hext_stable_wait)
    crm_periph_clock_enable                  0x08001869   Thumb Code    70  .\objects\at32f435_437_crm.o(i.crm_periph_clock_enable)
    crm_pll_config                           0x080018b5   Thumb Code    46  .\objects\at32f435_437_crm.o(i.crm_pll_config)
    crm_reset                                0x080018e9   Thumb Code   104  .\objects\at32f435_437_crm.o(i.crm_reset)
    crm_sysclk_switch                        0x0800195d   Thumb Code    14  .\objects\at32f435_437_crm.o(i.crm_sysclk_switch)
    crm_sysclk_switch_status_get             0x08001971   Thumb Code    10  .\objects\at32f435_437_crm.o(i.crm_sysclk_switch_status_get)
    cspi_core_reset                          0x08001981   Thumb Code    20  .\objects\dm9051.o(i.cspi_core_reset)
    cspi_core_start1                         0x08001995   Thumb Code    22  .\objects\dm9051.o(i.cspi_core_start1)
    cspi_disble_irq                          0x080019b1   Thumb Code     8  .\objects\dm9051.o(i.cspi_disble_irq)
    cspi_enable_irq                          0x080019b9   Thumb Code    12  .\objects\dm9051.o(i.cspi_enable_irq)
    cspi_get_chipid                          0x080019c5   Thumb Code    26  .\objects\dm9051.o(i.cspi_get_chipid)
    cspi_get_mrrl                            0x080019df   Thumb Code    22  .\objects\dm9051.o(i.cspi_get_mrrl)
    cspi_get_par                             0x080019f5   Thumb Code    16  .\objects\dm9051.o(i.cspi_get_par)
    cspi_get_rwpa                            0x08001a05   Thumb Code    22  .\objects\dm9051.o(i.cspi_get_rwpa)
    cspi_get_status                          0x08001a1b   Thumb Code    26  .\objects\dm9051.o(i.cspi_get_status)
    cspi_macaddr_process                     0x08001a35   Thumb Code   176  .\objects\dm9051.o(i.cspi_macaddr_process)
    cspi_ncr_reset                           0x08001b35   Thumb Code    20  .\objects\dm9051.o(i.cspi_ncr_reset)
    cspi_phy_read                            0x08001b49   Thumb Code   102  .\objects\dm9051.o(i.cspi_phy_read)
    cspi_phy_write                           0x08001baf   Thumb Code    96  .\objects\dm9051.o(i.cspi_phy_write)
    cspi_phycore_on                          0x08001c0f   Thumb Code    20  .\objects\dm9051.o(i.cspi_phycore_on)
    cspi_read_regs                           0x08001c23   Thumb Code    38  .\objects\dm9051.o(i.cspi_read_regs)
    cspi_read_rxb                            0x08001c49   Thumb Code    16  .\objects\dm9051.o(i.cspi_read_rxb)
    cspi_rx_head                             0x08001c59   Thumb Code    26  .\objects\dm9051.o(i.cspi_rx_head)
    cspi_rx_read                             0x08001c73   Thumb Code    32  .\objects\dm9051.o(i.cspi_rx_read)
    cspi_rx_ready                            0x08001c95   Thumb Code    72  .\objects\dm9051.o(i.cspi_rx_ready)
    cspi_set_fcr                             0x08001ce1   Thumb Code    30  .\objects\dm9051.o(i.cspi_set_fcr)
    cspi_set_imr                             0x08001d05   Thumb Code     8  .\objects\dm9051.o(i.cspi_set_imr)
    cspi_set_mar                             0x08001d0d   Thumb Code    36  .\objects\dm9051.o(i.cspi_set_mar)
    cspi_set_par                             0x08001d31   Thumb Code    16  .\objects\dm9051.o(i.cspi_set_par)
    cspi_set_rcr                             0x08001d41   Thumb Code    26  .\objects\dm9051.o(i.cspi_set_rcr)
    cspi_set_recv                            0x08001d5d   Thumb Code    26  .\objects\dm9051.o(i.cspi_set_recv)
    cspi_soft_default                        0x08001d7d   Thumb Code    68  .\objects\dm9051.o(i.cspi_soft_default)
    cspi_tx_len                              0x08001dc5   Thumb Code    24  .\objects\dm9051.o(i.cspi_tx_len)
    cspi_tx_packet_len                       0x08001ddd   Thumb Code    12  .\objects\dm9051.o(i.cspi_tx_packet_len)
    cspi_tx_write                            0x08001de9   Thumb Code    16  .\objects\dm9051.o(i.cspi_tx_write)
    cspi_write_regs                          0x08001df9   Thumb Code    38  .\objects\dm9051.o(i.cspi_write_regs)
    ctick_delay_ms                           0x08001e1f   Thumb Code    24  .\objects\dm9051.o(i.ctick_delay_ms)
    ctick_delay_us                           0x08001e37   Thumb Code    36  .\objects\dm9051.o(i.ctick_delay_us)
    cyc_packets_tocalc                       0x08001e5d   Thumb Code   122  .\objects\hex_dump.o(i.cyc_packets_tocalc)
    diff_rx_e                                0x08001f4d   Thumb Code    42  .\objects\hex_dump.o(i.diff_rx_e)
    diff_rx_s                                0x08001fd9   Thumb Code    14  .\objects\hex_dump.o(i.diff_rx_s)
    dm9051_boards_heartbeat_now              0x08002035   Thumb Code    42  .\objects\main.o(i.dm9051_boards_heartbeat_now)
    dm9051_boards_heartbeat_tick             0x0800206d   Thumb Code    12  .\objects\main.o(i.dm9051_boards_heartbeat_tick)
    dm9051_clock_time                        0x0800207d   Thumb Code    44  .\objects\dm9051.o(i.dm9051_clock_time)
    dm9051_conf                              0x080020b1   Thumb Code    46  .\objects\dm9051.o(i.dm9051_conf)
    dm9051_imr_disab                         0x080020e5   Thumb Code    12  .\objects\dm9051.o(i.dm9051_imr_disab)
    dm9051_imr_enab                          0x080020f1   Thumb Code    26  .\objects\dm9051.o(i.dm9051_imr_enab)
    dm9051_init                              0x0800210d   Thumb Code    38  .\objects\dm9051.o(i.dm9051_init)
    dm9051_interrupt_get                     0x08002139   Thumb Code    26  .\objects\dm9051.o(i.dm9051_interrupt_get)
    dm9051_interrupt_reset                   0x08002159   Thumb Code     8  .\objects\dm9051.o(i.dm9051_interrupt_reset)
    dm9051_isr_enab                          0x08002161   Thumb Code    24  .\objects\dm9051.o(i.dm9051_isr_enab)
    dm9051_read_regs_info                    0x08002179   Thumb Code    48  .\objects\dm9051.o(i.dm9051_read_regs_info)
    dm9051_read_rx_pointers                  0x080021a9   Thumb Code    20  .\objects\dm9051.o(i.dm9051_read_rx_pointers)
    dm9051_rx                                0x080021bd   Thumb Code    30  .\objects\dm9051.o(i.dm9051_rx)
    dm9051_tx                                0x0800229d   Thumb Code    36  .\objects\dm9051.o(i.dm9051_tx)
    dm9051if_uart_config                     0x080022c1   Thumb Code    50  .\objects\at32f435_437_board.o(i.dm9051if_uart_config)
    dm9051if_uartpin_config                  0x080022f9   Thumb Code    66  .\objects\at32f435_437_board.o(i.dm9051if_uartpin_config)
    dm_eth_input_hexdump_reset               0x08002341   Thumb Code    14  .\objects\hex_dump.o(i.dm_eth_input_hexdump_reset)
    dm_eth_polling_downup                    0x08002355   Thumb Code   106  .\objects\platform_info_uip.o(i.dm_eth_polling_downup)
    dm_eth_show_app_help_info                0x080023c5   Thumb Code    84  .\objects\plat_uip.o(i.dm_eth_show_app_help_info)
    env_chip_id_and_ticks                    0x08002531   Thumb Code   202  .\objects\dm9051.o(i.env_chip_id_and_ticks)
    env_err_rsthdlr3                         0x0800268d   Thumb Code    56  .\objects\dm9051.o(i.env_err_rsthdlr3)
    env_evaluate_rxb                         0x080026c9   Thumb Code    72  .\objects\dm9051.o(i.env_evaluate_rxb)
    env_evaluate_rxb_zero                    0x0800276d   Thumb Code    32  .\objects\dm9051.o(i.env_evaluate_rxb_zero)
    exint_default_para_init                  0x0800278d   Thumb Code    14  .\objects\at32f435_437_exint.o(i.exint_default_para_init)
    exint_flag_clear                         0x0800279d   Thumb Code     6  .\objects\at32f435_437_exint.o(i.exint_flag_clear)
    exint_flag_get                           0x080027a9   Thumb Code    24  .\objects\at32f435_437_exint.o(i.exint_flag_get)
    exint_init                               0x080027c5   Thumb Code   148  .\objects\at32f435_437_exint.o(i.exint_init)
    fputc                                    0x0800285d   Thumb Code    32  .\objects\at32f435_437_board.o(i.fputc)
    gpio_bits_reset                          0x0800296d   Thumb Code     4  .\objects\at32f435_437_gpio.o(i.gpio_bits_reset)
    gpio_bits_set                            0x08002971   Thumb Code     4  .\objects\at32f435_437_gpio.o(i.gpio_bits_set)
    gpio_default_para_init                   0x08002975   Thumb Code    20  .\objects\at32f435_437_gpio.o(i.gpio_default_para_init)
    gpio_init                                0x08002989   Thumb Code   122  .\objects\at32f435_437_gpio.o(i.gpio_init)
    gpio_pin_mux_config                      0x08002a03   Thumb Code    66  .\objects\at32f435_437_gpio.o(i.gpio_pin_mux_config)
    hal_active_interrupt_desc                0x08002a45   Thumb Code     4  .\objects\dm9051.o(i.hal_active_interrupt_desc)
    hal_active_interrupt_info                0x08002a4d   Thumb Code    18  .\objects\dm9051.o(i.hal_active_interrupt_info)
    hal_active_interrupt_mode                0x08002a8d   Thumb Code     4  .\objects\dm9051.o(i.hal_active_interrupt_mode)
    hal_board_spi_info                       0x08002a91   Thumb Code    48  .\objects\at32f437_spi1.o(i.hal_board_spi_info)
    hal_clr_int_event                        0x08002af9   Thumb Code    20  .\objects\at32f437_int7.o(i.hal_clr_int_event)
    hal_enable_mcu_irq                       0x08002b11   Thumb Code    26  .\objects\at32f437_int7.o(i.hal_enable_mcu_irq)
    hal_get_dm9051_date                      0x08002b31   Thumb Code     4  .\objects\dm9051.o(i.hal_get_dm9051_date)
    hal_get_dm9051_release_num               0x08002b45   Thumb Code     4  .\objects\dm9051.o(i.hal_get_dm9051_release_num)
    hal_int_initialize                       0x08002b51   Thumb Code   122  .\objects\at32f437_int7.o(i.hal_int_initialize)
    hal_irqline                              0x08002be1   Thumb Code     6  .\objects\at32f437_int7.o(i.hal_irqline)
    hal_read_mem                             0x08002bed   Thumb Code    54  .\objects\at32f437_spi1.o(i.hal_read_mem)
    hal_read_reg                             0x08002c23   Thumb Code    34  .\objects\at32f437_spi1.o(i.hal_read_reg)
    hal_set_int_event                        0x08002c45   Thumb Code    20  .\objects\at32f437_int7.o(i.hal_set_int_event)
    hal_spi_info                             0x08002c5d   Thumb Code    10  .\objects\at32f437_spi1.o(i.hal_spi_info)
    hal_spi_initialize                       0x08002c6d   Thumb Code   198  .\objects\at32f437_spi1.o(i.hal_spi_initialize)
    hal_spi_speed_info                       0x08002d81   Thumb Code    60  .\objects\at32f437_spi1.o(i.hal_spi_speed_info)
    hal_write_mem                            0x08002e55   Thumb Code    54  .\objects\at32f437_spi1.o(i.hal_write_mem)
    hal_write_reg                            0x08002e8b   Thumb Code    34  .\objects\at32f437_spi1.o(i.hal_write_reg)
    hat_get_int_event                        0x080033ad   Thumb Code    32  .\objects\at32f437_int7.o(i.hat_get_int_event)
    htons                                    0x080033d1   Thumb Code    12  .\objects\uip.o(i.htons)
    httpd_appcall                            0x080033dd   Thumb Code   154  .\objects\httpd.o(i.httpd_appcall)
    httpd_cgi                                0x08003481   Thumb Code    50  .\objects\httpd-cgi.o(i.httpd_cgi)
    httpd_fs_open                            0x080034bd   Thumb Code    42  .\objects\httpd-fs.o(i.httpd_fs_open)
    httpd_init                               0x0800351d   Thumb Code    12  .\objects\httpd.o(i.httpd_init)
    identified_dhcp_start                    0x08003529   Thumb Code     2  .\objects\plat_uip.o(i.identified_dhcp_start)
    identified_dhcp_stop                     0x0800352b   Thumb Code     2  .\objects\plat_uip.o(i.identified_dhcp_stop)
    identified_eth_mac                       0x0800352d   Thumb Code     4  .\objects\dm9051.o(i.identified_eth_mac)
    identified_tcpip_ip                      0x08003535   Thumb Code     4  .\objects\plat_uip.o(i.identified_tcpip_ip)
    identify_eth_mac                         0x0800353d   Thumb Code    64  .\objects\dm9051.o(i.identify_eth_mac)
    init_setup                               0x08003591   Thumb Code    32  .\objects\dm9051.o(i.init_setup)
    is_zero_ether_addr                       0x080035d9   Thumb Code    22  .\objects\dm9051.o(i.is_zero_ether_addr)
    main                                     0x080035f1   Thumb Code    48  .\objects\main.o(i.main)
    ncr_compl_timeout                        0x08003639   Thumb Code    44  .\objects\dm9051.o(i.ncr_compl_timeout)
    nvic_irq_enable                          0x080036e1   Thumb Code   190  .\objects\at32f435_437_misc.o(i.nvic_irq_enable)
    nvic_priority_group_config               0x080037a9   Thumb Code    32  .\objects\at32f435_437_misc.o(i.nvic_priority_group_config)
    one_packet_tocalc                        0x080037d1   Thumb Code   114  .\objects\hex_dump.o(i.one_packet_tocalc)
    platform_if_notify_conn_changed          0x0800385d   Thumb Code    82  .\objects\platform_info_uip.o(i.platform_if_notify_conn_changed)
    platform_is_link_up                      0x08003909   Thumb Code     6  .\objects\platform_info_uip.o(i.platform_is_link_up)
    platform_set_link_down                   0x08003915   Thumb Code     8  .\objects\platform_info_uip.o(i.platform_set_link_down)
    platform_set_link_up                     0x08003921   Thumb Code     8  .\objects\platform_info_uip.o(i.platform_set_link_up)
    print_down                               0x0800392d   Thumb Code    22  .\objects\platform_info_uip.o(i.print_down)
    print_up                                 0x08003959   Thumb Code    42  .\objects\platform_info_uip.o(i.print_up)
    psock_datalen                            0x08003df5   Thumb Code    12  .\objects\psock.o(i.psock_datalen)
    psock_generator_send                     0x08003e01   Thumb Code   126  .\objects\psock.o(i.psock_generator_send)
    psock_init                               0x08003e89   Thumb Code    46  .\objects\psock.o(i.psock_init)
    psock_newdata                            0x08003eb9   Thumb Code    48  .\objects\psock.o(i.psock_newdata)
    psock_readto                             0x08003eed   Thumb Code   138  .\objects\psock.o(i.psock_readto)
    psock_send                               0x08003f81   Thumb Code   112  .\objects\psock.o(i.psock_send)
    putc                                     0x08003ff1   Thumb Code     4  C:\Keil_v540\ARM\ARMCC\Bin\..\lib\armlib\mc_w.l(putc.o)(i.putc)
    pvPortMalloc                             0x08003ff5   Thumb Code   338  .\objects\heap_4.o(i.pvPortMalloc)
    pxPortInitialiseStack                    0x08004161   Thumb Code    38  .\objects\include_port.o(i.pxPortInitialiseStack)
    rx_head_takelen                          0x080041f1   Thumb Code    62  .\objects\dm9051.o(i.rx_head_takelen)
    rx_manager_dispatch                      0x08004275   Thumb Code    26  .\objects\devif_uip.o(i.rx_manager_dispatch)
    rx_pointers_equ                          0x0800428f   Thumb Code    14  .\objects\dm9051.o(i.rx_pointers_equ)
    scfg_exint_line_config                   0x0800429d   Thumb Code   176  .\objects\at32f435_437_scfg.o(i.scfg_exint_line_config)
    spi_default_para_init                    0x08004a85   Thumb Code    22  .\objects\at32f435_437_spi.o(i.spi_default_para_init)
    spi_enable                               0x08004a9b   Thumb Code    10  .\objects\at32f435_437_spi.o(i.spi_enable)
    spi_i2s_data_receive                     0x08004aa5   Thumb Code     8  .\objects\at32f435_437_spi.o(i.spi_i2s_data_receive)
    spi_i2s_data_transmit                    0x08004aad   Thumb Code     4  .\objects\at32f435_437_spi.o(i.spi_i2s_data_transmit)
    spi_i2s_flag_get                         0x08004ab1   Thumb Code    16  .\objects\at32f435_437_spi.o(i.spi_i2s_flag_get)
    spi_init                                 0x08004ac1   Thumb Code   344  .\objects\at32f435_437_spi.o(i.spi_init)
    static_ip_welcome_page                   0x08004c19   Thumb Code   280  .\objects\plat_uip.o(i.static_ip_welcome_page)
    system_clock_config                      0x08004e85   Thumb Code   144  .\objects\at32f435_437_clock.o(i.system_clock_config)
    system_core_clock_update                 0x08004f21   Thumb Code   666  .\objects\system_at32f435_437.o(i.system_core_clock_update)
    tcp_appcall                              0x08005309   Thumb Code    32  .\objects\app_call.o(i.tcp_appcall)
    timer_expired                            0x0800532d   Thumb Code    26  .\objects\timer.o(i.timer_expired)
    timer_reset                              0x08005347   Thumb Code    10  .\objects\timer.o(i.timer_reset)
    timer_set                                0x08005351   Thumb Code    16  .\objects\timer.o(i.timer_set)
    tx_compl_timeout                         0x08005361   Thumb Code    54  .\objects\dm9051.o(i.tx_compl_timeout)
    tx_manager_dispatch                      0x080053d5   Thumb Code    16  .\objects\devif_uip.o(i.tx_manager_dispatch)
    uart_print_init                          0x080053e5   Thumb Code    16  .\objects\at32f435_437_board.o(i.uart_print_init)
    udp_appcall                              0x080053f5   Thumb Code     8  .\objects\app_call.o(i.udp_appcall)
    uip_add32                                0x080053fd   Thumb Code   106  .\objects\uip.o(i.uip_add32)
    uip_arp_arpin                            0x080054b1   Thumb Code   216  .\objects\uip_arp.o(i.uip_arp_arpin)
    uip_arp_init                             0x08005599   Thumb Code    46  .\objects\uip_arp.o(i.uip_arp_init)
    uip_arp_out                              0x080055d1   Thumb Code   366  .\objects\uip_arp.o(i.uip_arp_out)
    uip_arp_timer                            0x08005771   Thumb Code    76  .\objects\uip_arp.o(i.uip_arp_timer)
    uip_init                                 0x080058ed   Thumb Code   136  .\objects\uip.o(i.uip_init)
    uip_ipchksum                             0x08005989   Thumb Code    30  .\objects\uip.o(i.uip_ipchksum)
    uip_listen                               0x080059ad   Thumb Code    54  .\objects\uip.o(i.uip_listen)
    uip_log                                  0x080059ed   Thumb Code    14  .\objects\uip_ctask.o(i.uip_log)
    uip_process                              0x08005a15   Thumb Code  4718  .\objects\uip.o(i.uip_process)
    uip_send                                 0x08006c91   Thumb Code    38  .\objects\uip.o(i.uip_send)
    uip_tcpchksum                            0x08006cc1   Thumb Code    10  .\objects\uip.o(i.uip_tcpchksum)
    uip_udpchksum                            0x08006ccb   Thumb Code    10  .\objects\uip.o(i.uip_udpchksum)
    usart_data_transmit                      0x08006d81   Thumb Code     8  .\objects\at32f435_437_usart.o(i.usart_data_transmit)
    usart_enable                             0x08006d89   Thumb Code    10  .\objects\at32f435_437_usart.o(i.usart_enable)
    usart_flag_get                           0x08006d93   Thumb Code    16  .\objects\at32f435_437_usart.o(i.usart_flag_get)
    usart_init                               0x08006da5   Thumb Code   174  .\objects\at32f435_437_usart.o(i.usart_init)
    usart_transmitter_enable                 0x08006e65   Thumb Code    10  .\objects\at32f435_437_usart.o(i.usart_transmitter_enable)
    uxListRemove                             0x08006e6f   Thumb Code    40  .\objects\list.o(i.uxListRemove)
    vListInitialise                          0x08006e97   Thumb Code    26  .\objects\list.o(i.vListInitialise)
    vListInitialiseItem                      0x08006eb1   Thumb Code     6  .\objects\list.o(i.vListInitialiseItem)
    vListInsert                              0x08006eb7   Thumb Code    52  .\objects\list.o(i.vListInsert)
    vListInsertEnd                           0x08006eeb   Thumb Code    24  .\objects\list.o(i.vListInsertEnd)
    vPortEnterCritical                       0x08006f05   Thumb Code    76  .\objects\include_port.o(i.vPortEnterCritical)
    vPortExitCritical                        0x08006f59   Thumb Code    56  .\objects\include_port.o(i.vPortExitCritical)
    vPortFree                                0x08006f95   Thumb Code   150  .\objects\heap_4.o(i.vPortFree)
    vPortSetupTimerInterrupt                 0x08007039   Thumb Code    36  .\objects\include_port.o(i.vPortSetupTimerInterrupt)
    vTaskStartScheduler                      0x08007061   Thumb Code   112  .\objects\tasks.o(i.vTaskStartScheduler)
    vTaskSuspendAll                          0x080070f1   Thumb Code    12  .\objects\tasks.o(i.vTaskSuspendAll)
    vTaskSwitchContext                       0x08007101   Thumb Code   118  .\objects\tasks.o(i.vTaskSwitchContext)
    validate_macaddr                         0x0800718d   Thumb Code    28  .\objects\dm9051.o(i.validate_macaddr)
    vuIP_Init                                0x080071a9   Thumb Code   336  .\objects\uip_ctask.o(i.vuIP_Init)
    vuIP_Process                             0x08007405   Thumb Code   188  .\objects\uip_ctask.o(i.vuIP_Process)
    vuIP_Task                                0x080074e1   Thumb Code    32  .\objects\uip_ctask.o(i.vuIP_Task)
    wrpadiff                                 0x08007501   Thumb Code    20  .\objects\hex_dump.o(i.wrpadiff)
    xPortStartScheduler                      0x08007515   Thumb Code   330  .\objects\include_port.o(i.xPortStartScheduler)
    xPortSysTickHandler                      0x0800767d   Thumb Code    46  .\objects\include_port.o(i.xPortSysTickHandler)
    xTaskCreate                              0x080076b1   Thumb Code    96  .\objects\tasks.o(i.xTaskCreate)
    xTaskDelayUntil                          0x08007711   Thumb Code   202  .\objects\tasks.o(i.xTaskDelayUntil)
    xTaskIncrementTick                       0x080077e9   Thumb Code   282  .\objects\tasks.o(i.xTaskIncrementTick)
    xTaskResumeAll                           0x08007931   Thumb Code   224  .\objects\tasks.o(i.xTaskResumeAll)
    uip_ethaddr                              0x08007a90   Data           6  .\objects\uip.o(.constdata)
    file_webMain_shtml                       0x08008c24   Data          16  .\objects\httpd-fs.o(.constdata)
    http_http                                0x08008c3c   Data           8  .\objects\http-strings.o(.constdata)
    http_200                                 0x08008c44   Data           5  .\objects\http-strings.o(.constdata)
    http_301                                 0x08008c49   Data           5  .\objects\http-strings.o(.constdata)
    http_302                                 0x08008c4e   Data           5  .\objects\http-strings.o(.constdata)
    http_get                                 0x08008c53   Data           5  .\objects\http-strings.o(.constdata)
    http_10                                  0x08008c58   Data           9  .\objects\http-strings.o(.constdata)
    http_11                                  0x08008c61   Data           9  .\objects\http-strings.o(.constdata)
    http_content_type                        0x08008c6a   Data          15  .\objects\http-strings.o(.constdata)
    http_texthtml                            0x08008c79   Data          10  .\objects\http-strings.o(.constdata)
    http_location                            0x08008c83   Data          11  .\objects\http-strings.o(.constdata)
    http_host                                0x08008c8e   Data           7  .\objects\http-strings.o(.constdata)
    http_crnl                                0x08008c95   Data           3  .\objects\http-strings.o(.constdata)
    http_index_html                          0x08008c98   Data          12  .\objects\http-strings.o(.constdata)
    http_webMain_html                        0x08008ca4   Data          15  .\objects\http-strings.o(.constdata)
    http_404_html                            0x08008cb3   Data          10  .\objects\http-strings.o(.constdata)
    http_referer                             0x08008cbd   Data           9  .\objects\http-strings.o(.constdata)
    http_header_200                          0x08008cc6   Data          84  .\objects\http-strings.o(.constdata)
    http_header_404                          0x08008d1a   Data          91  .\objects\http-strings.o(.constdata)
    http_content_type_plain                  0x08008d75   Data          29  .\objects\http-strings.o(.constdata)
    http_content_type_html                   0x08008d92   Data          28  .\objects\http-strings.o(.constdata)
    http_content_type_css                    0x08008dae   Data          27  .\objects\http-strings.o(.constdata)
    http_content_type_text                   0x08008dc9   Data          28  .\objects\http-strings.o(.constdata)
    http_content_type_png                    0x08008de5   Data          28  .\objects\http-strings.o(.constdata)
    http_content_type_gif                    0x08008e01   Data          28  .\objects\http-strings.o(.constdata)
    http_content_type_jpg                    0x08008e1d   Data          29  .\objects\http-strings.o(.constdata)
    http_content_type_binary                 0x08008e3a   Data          43  .\objects\http-strings.o(.constdata)
    http_html                                0x08008e65   Data           6  .\objects\http-strings.o(.constdata)
    http_shtml                               0x08008e6b   Data           7  .\objects\http-strings.o(.constdata)
    http_htm                                 0x08008e72   Data           5  .\objects\http-strings.o(.constdata)
    http_css                                 0x08008e77   Data           5  .\objects\http-strings.o(.constdata)
    http_png                                 0x08008e7c   Data           5  .\objects\http-strings.o(.constdata)
    http_gif                                 0x08008e81   Data           5  .\objects\http-strings.o(.constdata)
    http_jpg                                 0x08008e86   Data           5  .\objects\http-strings.o(.constdata)
    http_text                                0x08008e8b   Data           5  .\objects\http-strings.o(.constdata)
    http_txt                                 0x08008e90   Data           5  .\objects\http-strings.o(.constdata)
    p1                                       0x08008ea8   Data           8  .\objects\at32f437_int7.o(.constdata)
    dm9051_def_inf                           0x08008ec0   Data          24  .\objects\dm9051.o(.constdata)
    Region$$Table$$Base                      0x080094e4   Number         0  anon$$obj.o(Region$$Table)
    Region$$Table$$Limit                     0x08009504   Number         0  anon$$obj.o(Region$$Table)
    Web_LED_FLASH                            0x20000004   Data           4  .\objects\main.o(.data)
    network_handler                          0x20000008   Data           4  .\objects\main.o(.data)
    input_mode                               0x20000030   Data           4  .\objects\uip_ctask.o(.data)
    downupcount                              0x20000034   Data           4  .\objects\uip_ctask.o(.data)
    dhcpccount                               0x20000038   Data           4  .\objects\uip_ctask.o(.data)
    led_gpio_port                            0x20000054   Data          12  .\objects\at32f435_437_board.o(.data)
    led_gpio_pin                             0x20000060   Data           6  .\objects\at32f435_437_board.o(.data)
    led_gpio_crm_clk                         0x20000068   Data          12  .\objects\at32f435_437_board.o(.data)
    __stdout                                 0x2000007c   Data           4  .\objects\at32f435_437_board.o(.data)
    uart1_s                                  0x20000080   Data           8  .\objects\at32f435_437_board.o(.data)
    system_core_clock                        0x20000090   Data           4  .\objects\system_at32f435_437.o(.data)
    pntdatc                                  0x20000094   Data           4  .\objects\system_at32f435_437.o(.data)
    pxCurrentTCB                             0x2000009c   Data           4  .\objects\tasks.o(.data)
    uxTopUsedPriority                        0x200000d4   Data           4  .\objects\tasks.o(.data)
    uip_hostaddr                             0x20000100   Data           4  .\objects\uip.o(.data)
    uip_draddr                               0x20000104   Data           4  .\objects\uip.o(.data)
    uip_netmask                              0x20000108   Data           4  .\objects\uip.o(.data)
    uip_appdata                              0x2000010c   Data           4  .\objects\uip.o(.data)
    uip_sappdata                             0x20000110   Data           4  .\objects\uip.o(.data)
    uip_len                                  0x20000114   Data           2  .\objects\uip.o(.data)
    uip_slen                                 0x20000116   Data           2  .\objects\uip.o(.data)
    uip_flags                                0x20000118   Data           1  .\objects\uip.o(.data)
    uip_conn                                 0x2000011c   Data           4  .\objects\uip.o(.data)
    uip_udp_conn                             0x20000120   Data           4  .\objects\uip.o(.data)
    uip_acc32                                0x2000012c   Data           4  .\objects\uip.o(.data)
    dm9051_interrupt_event                   0x2000014c   Data           4  .\objects\at32f437_int7.o(.data)
    gkeep_mdra_rds                           0x20000164   Data           2  .\objects\hex_dump.o(.data)
    mac_name_store                           0x20000166   Data           8  .\objects\hex_dump.o(.data)
    tracing_init_downup                      0x2000017c   Data           4  .\objects\platform_info_uip.o(.data)
    dm9051_inf                               0x2000019c   Data           4  .\objects\dm9051.o(.data)
    lab_data                                 0x200001a0   Data           8  .\objects\dm9051.o(.data)
    lab_inf                                  0x200001a8   Data           4  .\objects\dm9051.o(.data)
    final_mac                                0x200001ac   Data           6  .\objects\dm9051.o(.data)
    pntdat                                   0x200001c4   Data         252  .\objects\system_at32f435_437.o(.bss)
    uip_buf                                  0x2000a5a4   Data        1538  .\objects\uip.o(.bss)
    uip_conns                                0x2000aba8   Data        1020  .\objects\uip.o(.bss)
    uip_listenports                          0x2000afa4   Data          10  .\objects\uip.o(.bss)
    uip_udp_conns                            0x2000afb0   Data         160  .\objects\uip.o(.bss)
    uip_stat                                 0x2000b050   Data          52  .\objects\uip.o(.bss)
    __initial_sp                             0x2000b620   Data           0  .\objects\startup_at32f435_437.o(STACK)



==============================================================================

Memory Map of the image

  Image Entry point : 0x0800020d

  Load Region LR_IROM1 (Base: 0x08000000, Size: 0x000096c8, Max: 0x003f0000, ABSOLUTE, COMPRESSED[0x0000956c])

    Execution Region ER_IROM1 (Exec base: 0x08000000, Load base: 0x08000000, Size: 0x00009504, Max: 0x003f0000, ABSOLUTE)

    Exec Addr    Load Addr    Size         Type   Attr      Idx    E Section Name        Object

    0x08000000   0x08000000   0x0000020c   Data   RO         5400    RESET               .\objects\startup_at32f435_437.o
    0x0800020c   0x0800020c   0x00000000   Code   RO         7959  * .ARM.Collect$$$$00000000  C:\Keil_v540\ARM\ARMCC\Bin\..\lib\armlib\mc_w.l(entry.o)
    0x0800020c   0x0800020c   0x00000004   Code   RO         8250    .ARM.Collect$$$$00000001  C:\Keil_v540\ARM\ARMCC\Bin\..\lib\armlib\mc_w.l(entry2.o)
    0x08000210   0x08000210   0x00000004   Code   RO         8253    .ARM.Collect$$$$00000004  C:\Keil_v540\ARM\ARMCC\Bin\..\lib\armlib\mc_w.l(entry5.o)
    0x08000214   0x08000214   0x00000000   Code   RO         8255    .ARM.Collect$$$$00000008  C:\Keil_v540\ARM\ARMCC\Bin\..\lib\armlib\mc_w.l(entry7b.o)
    0x08000214   0x08000214   0x00000000   Code   RO         8257    .ARM.Collect$$$$0000000A  C:\Keil_v540\ARM\ARMCC\Bin\..\lib\armlib\mc_w.l(entry8b.o)
    0x08000214   0x08000214   0x00000008   Code   RO         8258    .ARM.Collect$$$$0000000B  C:\Keil_v540\ARM\ARMCC\Bin\..\lib\armlib\mc_w.l(entry9a.o)
    0x0800021c   0x0800021c   0x00000000   Code   RO         8260    .ARM.Collect$$$$0000000D  C:\Keil_v540\ARM\ARMCC\Bin\..\lib\armlib\mc_w.l(entry10a.o)
    0x0800021c   0x0800021c   0x00000000   Code   RO         8262    .ARM.Collect$$$$0000000F  C:\Keil_v540\ARM\ARMCC\Bin\..\lib\armlib\mc_w.l(entry11a.o)
    0x0800021c   0x0800021c   0x00000004   Code   RO         8251    .ARM.Collect$$$$00002712  C:\Keil_v540\ARM\ARMCC\Bin\..\lib\armlib\mc_w.l(entry2.o)
    0x08000220   0x08000220   0x000000be   Code   RO          352    .emb_text           .\objects\include_port.o
    0x080002de   0x080002de   0x00000002   PAD
    0x080002e0   0x080002e0   0x00000024   Code   RO         5401    .text               .\objects\startup_at32f435_437.o
    0x08000304   0x08000304   0x00000024   Code   RO         7964    .text               C:\Keil_v540\ARM\ARMCC\Bin\..\lib\armlib\mc_w.l(rand.o)
    0x08000328   0x08000328   0x00000024   Code   RO         7967    .text               C:\Keil_v540\ARM\ARMCC\Bin\..\lib\armlib\mc_w.l(memcpya.o)
    0x0800034c   0x0800034c   0x00000024   Code   RO         7971    .text               C:\Keil_v540\ARM\ARMCC\Bin\..\lib\armlib\mc_w.l(memseta.o)
    0x08000370   0x08000370   0x00000018   Code   RO         7973    .text               C:\Keil_v540\ARM\ARMCC\Bin\..\lib\armlib\mc_w.l(strncpy.o)
    0x08000388   0x08000388   0x00000014   Code   RO         7975    .text               C:\Keil_v540\ARM\ARMCC\Bin\..\lib\armlib\mc_w.l(strchr.o)
    0x0800039c   0x0800039c   0x0000000e   Code   RO         7977    .text               C:\Keil_v540\ARM\ARMCC\Bin\..\lib\armlib\mc_w.l(strlen.o)
    0x080003aa   0x080003aa   0x00000012   Code   RO         7981    .text               C:\Keil_v540\ARM\ARMCC\Bin\..\lib\armlib\mc_w.l(strcpy.o)
    0x080003bc   0x080003bc   0x0000001e   Code   RO         7983    .text               C:\Keil_v540\ARM\ARMCC\Bin\..\lib\armlib\mc_w.l(strncmp.o)
    0x080003da   0x080003da   0x00000020   Code   RO         7985    .text               C:\Keil_v540\ARM\ARMCC\Bin\..\lib\armlib\mc_w.l(strrchr.o)
    0x080003fa   0x080003fa   0x0000002c   Code   RO         8264    .text               C:\Keil_v540\ARM\ARMCC\Bin\..\lib\armlib\mc_w.l(uidiv.o)
    0x08000426   0x08000426   0x00000062   Code   RO         8266    .text               C:\Keil_v540\ARM\ARMCC\Bin\..\lib\armlib\mc_w.l(uldiv.o)
    0x08000488   0x08000488   0x00000000   Code   RO         8268    .text               C:\Keil_v540\ARM\ARMCC\Bin\..\lib\armlib\mc_w.l(iusefp.o)
    0x08000488   0x08000488   0x0000014e   Code   RO         8269    .text               C:\Keil_v540\ARM\ARMCC\Bin\..\lib\armlib\mf_w.l(dadd.o)
    0x080005d6   0x080005d6   0x000000e4   Code   RO         8271    .text               C:\Keil_v540\ARM\ARMCC\Bin\..\lib\armlib\mf_w.l(dmul.o)
    0x080006ba   0x080006ba   0x000000de   Code   RO         8273    .text               C:\Keil_v540\ARM\ARMCC\Bin\..\lib\armlib\mf_w.l(ddiv.o)
    0x08000798   0x08000798   0x00000030   Code   RO         8275    .text               C:\Keil_v540\ARM\ARMCC\Bin\..\lib\armlib\mf_w.l(dfixul.o)
    0x080007c8   0x080007c8   0x00000030   Code   RO         8277    .text               C:\Keil_v540\ARM\ARMCC\Bin\..\lib\armlib\mf_w.l(cdrcmple.o)
    0x080007f8   0x080007f8   0x00000024   Code   RO         8279    .text               C:\Keil_v540\ARM\ARMCC\Bin\..\lib\armlib\mc_w.l(init.o)
    0x0800081c   0x0800081c   0x0000001e   Code   RO         8281    .text               C:\Keil_v540\ARM\ARMCC\Bin\..\lib\armlib\mc_w.l(llshl.o)
    0x0800083a   0x0800083a   0x00000020   Code   RO         8283    .text               C:\Keil_v540\ARM\ARMCC\Bin\..\lib\armlib\mc_w.l(llushr.o)
    0x0800085a   0x0800085a   0x00000024   Code   RO         8285    .text               C:\Keil_v540\ARM\ARMCC\Bin\..\lib\armlib\mc_w.l(llsshr.o)
    0x0800087e   0x0800087e   0x000000ba   Code   RO         8287    .text               C:\Keil_v540\ARM\ARMCC\Bin\..\lib\armlib\mf_w.l(depilogue.o)
    0x08000938   0x08000938   0x00000056   Code   RO         8297    .text               C:\Keil_v540\ARM\ARMCC\Bin\..\lib\armlib\mc_w.l(__dczerorl2.o)
    0x0800098e   0x0800098e   0x00000004   Code   RO          281    i.BusFault_Handler  .\objects\at32f435_437_int.o
    0x08000992   0x08000992   0x00000002   PAD
    0x08000994   0x08000994   0x0000009c   Code   RO          435    i.DM_ETHER_Receive_Route_W  .\objects\uip_ctask.o
    0x08000a30   0x08000a30   0x00000010   Code   RO         7202    i.DM_ETH_Init       .\objects\devif_uip.o
    0x08000a40   0x08000a40   0x00000008   Code   RO         7203    i.DM_ETH_Init_mode  .\objects\devif_uip.o
    0x08000a48   0x08000a48   0x00000018   Code   RO          436    i.DM_ETH_RXHandler_Poll  .\objects\uip_ctask.o
    0x08000a60   0x08000a60   0x0000000e   Code   RO         6925    i.DM_ETH_Read_mdra  .\objects\hex_dump.o
    0x08000a6e   0x08000a6e   0x00000020   Code   RO         6926    i.DM_ETH_ToCalc_rx_pointers  .\objects\hex_dump.o
    0x08000a8e   0x08000a8e   0x0000001e   Code   RO         7256    i.DM_Eth_Info_Linkup  .\objects\platform_info_uip.o
    0x08000aac   0x08000aac   0x00000018   Code   RO         7257    i.DM_Eth_Read_Info  .\objects\platform_info_uip.o
    0x08000ac4   0x08000ac4   0x00000002   Code   RO          282    i.DebugMon_Handler  .\objects\at32f435_437_int.o
    0x08000ac6   0x08000ac6   0x00000024   Code   RO         6848    i.EXINT9_5_IRQHandler  .\objects\at32f437_int7.o
    0x08000aea   0x08000aea   0x00000004   Code   RO          283    i.HardFault_Handler  .\objects\at32f435_437_int.o
    0x08000aee   0x08000aee   0x00000004   Code   RO          284    i.MemManage_Handler  .\objects\at32f435_437_int.o
    0x08000af2   0x08000af2   0x00000002   Code   RO          285    i.NMI_Handler       .\objects\at32f435_437_int.o
    0x08000af4   0x08000af4   0x0000001a   Code   RO          651    i.RttPrintf         .\objects\rttprintf.o
    0x08000b0e   0x08000b0e   0x0000000c   Code   RO            4    i.SysTick_Handler   .\objects\main.o
    0x08000b1a   0x08000b1a   0x00000002   PAD
    0x08000b1c   0x08000b1c   0x00000090   Code   RO         5362    i.SystemInit        .\objects\system_at32f435_437.o
    0x08000bac   0x08000bac   0x00000004   Code   RO          286    i.UsageFault_Handler  .\objects\at32f435_437_int.o
    0x08000bb0   0x08000bb0   0x00000020   Code   RO         8222    i.__0printf         C:\Keil_v540\ARM\ARMCC\Bin\..\lib\armlib\mc_w.l(printfa.o)
    0x08000bd0   0x08000bd0   0x00000030   Code   RO         8223    i.__0snprintf       C:\Keil_v540\ARM\ARMCC\Bin\..\lib\armlib\mc_w.l(printfa.o)
    0x08000c00   0x08000c00   0x00000028   Code   RO         8224    i.__0sprintf        C:\Keil_v540\ARM\ARMCC\Bin\..\lib\armlib\mc_w.l(printfa.o)
    0x08000c28   0x08000c28   0x0000000e   Code   RO         8291    i.__scatterload_copy  C:\Keil_v540\ARM\ARMCC\Bin\..\lib\armlib\mc_w.l(handlers.o)
    0x08000c36   0x08000c36   0x00000002   Code   RO         8292    i.__scatterload_null  C:\Keil_v540\ARM\ARMCC\Bin\..\lib\armlib\mc_w.l(handlers.o)
    0x08000c38   0x08000c38   0x0000000e   Code   RO         8293    i.__scatterload_zeroinit  C:\Keil_v540\ARM\ARMCC\Bin\..\lib\armlib\mc_w.l(handlers.o)
    0x08000c46   0x08000c46   0x00000002   PAD
    0x08000c48   0x08000c48   0x00000184   Code   RO         8229    i._fp_digits        C:\Keil_v540\ARM\ARMCC\Bin\..\lib\armlib\mc_w.l(printfa.o)
    0x08000dcc   0x08000dcc   0x000006dc   Code   RO         8230    i._printf_core      C:\Keil_v540\ARM\ARMCC\Bin\..\lib\armlib\mc_w.l(printfa.o)
    0x080014a8   0x080014a8   0x00000024   Code   RO         8231    i._printf_post_padding  C:\Keil_v540\ARM\ARMCC\Bin\..\lib\armlib\mc_w.l(printfa.o)
    0x080014cc   0x080014cc   0x0000002e   Code   RO         8232    i._printf_pre_padding  C:\Keil_v540\ARM\ARMCC\Bin\..\lib\armlib\mc_w.l(printfa.o)
    0x080014fa   0x080014fa   0x00000016   Code   RO         8233    i._snputc           C:\Keil_v540\ARM\ARMCC\Bin\..\lib\armlib\mc_w.l(printfa.o)
    0x08001510   0x08001510   0x0000000a   Code   RO         8234    i._sputc            C:\Keil_v540\ARM\ARMCC\Bin\..\lib\armlib\mc_w.l(printfa.o)
    0x0800151a   0x0800151a   0x00000066   Code   RO         6556    i.buf_bufto         .\objects\psock.o
    0x08001580   0x08001580   0x00000006   Code   RO         6557    i.buf_setup         .\objects\psock.o
    0x08001586   0x08001586   0x00000002   PAD
    0x08001588   0x08001588   0x00000014   Code   RO         7454    i.check_force_stop  .\objects\dm9051.o
    0x0800159c   0x0800159c   0x00000046   Code   RO         6353    i.chksum            .\objects\uip.o
    0x080015e2   0x080015e2   0x00000008   Code   RO         6628    i.clock_time        .\objects\clock-arch.o
    0x080015ea   0x080015ea   0x00000002   PAD
    0x080015ec   0x080015ec   0x00000054   Code   RO            5    i.create_network_task  .\objects\main.o
    0x08001640   0x08001640   0x00000014   Code   RO         1480    i.crm_ahb_div_set   .\objects\at32f435_437_crm.o
    0x08001654   0x08001654   0x00000014   Code   RO         1481    i.crm_apb1_div_set  .\objects\at32f435_437_crm.o
    0x08001668   0x08001668   0x00000014   Code   RO         1482    i.crm_apb2_div_set  .\objects\at32f435_437_crm.o
    0x0800167c   0x0800167c   0x00000028   Code   RO         1483    i.crm_auto_step_mode_enable  .\objects\at32f435_437_crm.o
    0x080016a4   0x080016a4   0x00000068   Code   RO         1490    i.crm_clock_source_enable  .\objects\at32f435_437_crm.o
    0x0800170c   0x0800170c   0x000000fc   Code   RO         1491    i.crm_clocks_freq_get  .\objects\at32f435_437_crm.o
    0x08001808   0x08001808   0x00000030   Code   RO         1496    i.crm_flag_get      .\objects\at32f435_437_crm.o
    0x08001838   0x08001838   0x0000002e   Code   RO         1498    i.crm_hext_stable_wait  .\objects\at32f435_437_crm.o
    0x08001866   0x08001866   0x00000002   PAD
    0x08001868   0x08001868   0x0000004c   Code   RO         1505    i.crm_periph_clock_enable  .\objects\at32f435_437_crm.o
    0x080018b4   0x080018b4   0x00000034   Code   RO         1508    i.crm_pll_config    .\objects\at32f435_437_crm.o
    0x080018e8   0x080018e8   0x00000074   Code   RO         1510    i.crm_reset         .\objects\at32f435_437_crm.o
    0x0800195c   0x0800195c   0x00000014   Code   RO         1511    i.crm_sysclk_switch  .\objects\at32f435_437_crm.o
    0x08001970   0x08001970   0x00000010   Code   RO         1512    i.crm_sysclk_switch_status_get  .\objects\at32f435_437_crm.o
    0x08001980   0x08001980   0x00000014   Code   RO         7455    i.cspi_core_reset   .\objects\dm9051.o
    0x08001994   0x08001994   0x0000001c   Code   RO         7456    i.cspi_core_start1  .\objects\dm9051.o
    0x080019b0   0x080019b0   0x00000008   Code   RO         7457    i.cspi_disble_irq   .\objects\dm9051.o
    0x080019b8   0x080019b8   0x0000000c   Code   RO         7458    i.cspi_enable_irq   .\objects\dm9051.o
    0x080019c4   0x080019c4   0x0000001a   Code   RO         7459    i.cspi_get_chipid   .\objects\dm9051.o
    0x080019de   0x080019de   0x00000016   Code   RO         7460    i.cspi_get_mrrl     .\objects\dm9051.o
    0x080019f4   0x080019f4   0x00000010   Code   RO         7461    i.cspi_get_par      .\objects\dm9051.o
    0x08001a04   0x08001a04   0x00000016   Code   RO         7462    i.cspi_get_rwpa     .\objects\dm9051.o
    0x08001a1a   0x08001a1a   0x0000001a   Code   RO         7463    i.cspi_get_status   .\objects\dm9051.o
    0x08001a34   0x08001a34   0x00000100   Code   RO         7464    i.cspi_macaddr_process  .\objects\dm9051.o
    0x08001b34   0x08001b34   0x00000014   Code   RO         7465    i.cspi_ncr_reset    .\objects\dm9051.o
    0x08001b48   0x08001b48   0x00000066   Code   RO         7466    i.cspi_phy_read     .\objects\dm9051.o
    0x08001bae   0x08001bae   0x00000060   Code   RO         7467    i.cspi_phy_write    .\objects\dm9051.o
    0x08001c0e   0x08001c0e   0x00000014   Code   RO         7468    i.cspi_phycore_on   .\objects\dm9051.o
    0x08001c22   0x08001c22   0x00000026   Code   RO         7469    i.cspi_read_regs    .\objects\dm9051.o
    0x08001c48   0x08001c48   0x00000010   Code   RO         7470    i.cspi_read_rxb     .\objects\dm9051.o
    0x08001c58   0x08001c58   0x0000001a   Code   RO         7471    i.cspi_rx_head      .\objects\dm9051.o
    0x08001c72   0x08001c72   0x00000020   Code   RO         7472    i.cspi_rx_read      .\objects\dm9051.o
    0x08001c92   0x08001c92   0x00000002   PAD
    0x08001c94   0x08001c94   0x0000004c   Code   RO         7473    i.cspi_rx_ready     .\objects\dm9051.o
    0x08001ce0   0x08001ce0   0x00000024   Code   RO         7474    i.cspi_set_fcr      .\objects\dm9051.o
    0x08001d04   0x08001d04   0x00000008   Code   RO         7475    i.cspi_set_imr      .\objects\dm9051.o
    0x08001d0c   0x08001d0c   0x00000024   Code   RO         7476    i.cspi_set_mar      .\objects\dm9051.o
    0x08001d30   0x08001d30   0x00000010   Code   RO         7477    i.cspi_set_par      .\objects\dm9051.o
    0x08001d40   0x08001d40   0x0000001a   Code   RO         7478    i.cspi_set_rcr      .\objects\dm9051.o
    0x08001d5a   0x08001d5a   0x00000002   PAD
    0x08001d5c   0x08001d5c   0x00000020   Code   RO         7479    i.cspi_set_recv     .\objects\dm9051.o
    0x08001d7c   0x08001d7c   0x00000048   Code   RO         7480    i.cspi_soft_default  .\objects\dm9051.o
    0x08001dc4   0x08001dc4   0x00000018   Code   RO         7481    i.cspi_tx_len       .\objects\dm9051.o
    0x08001ddc   0x08001ddc   0x0000000c   Code   RO         7482    i.cspi_tx_packet_len  .\objects\dm9051.o
    0x08001de8   0x08001de8   0x00000010   Code   RO         7483    i.cspi_tx_write     .\objects\dm9051.o
    0x08001df8   0x08001df8   0x00000026   Code   RO         7484    i.cspi_write_regs   .\objects\dm9051.o
    0x08001e1e   0x08001e1e   0x00000018   Code   RO         7485    i.ctick_delay_ms    .\objects\dm9051.o
    0x08001e36   0x08001e36   0x00000024   Code   RO         7486    i.ctick_delay_us    .\objects\dm9051.o
    0x08001e5a   0x08001e5a   0x00000002   PAD
    0x08001e5c   0x08001e5c   0x00000090   Code   RO         6927    i.cyc_packets_tocalc  .\objects\hex_dump.o
    0x08001eec   0x08001eec   0x0000005c   Code   RO         6558    i.data_acked        .\objects\psock.o
    0x08001f48   0x08001f48   0x00000002   Code   RO         6930    i.debug_diff_rx_pointers  .\objects\hex_dump.o
    0x08001f4a   0x08001f4a   0x00000002   PAD
    0x08001f4c   0x08001f4c   0x00000038   Code   RO         6932    i.diff_rx_e         .\objects\hex_dump.o
    0x08001f84   0x08001f84   0x00000038   Code   RO         6933    i.diff_rx_pointers_e  .\objects\hex_dump.o
    0x08001fbc   0x08001fbc   0x0000001c   Code   RO         6934    i.diff_rx_pointers_s  .\objects\hex_dump.o
    0x08001fd8   0x08001fd8   0x00000014   Code   RO         6935    i.diff_rx_s         .\objects\hex_dump.o
    0x08001fec   0x08001fec   0x00000048   Code   RO          437    i.display_input_mode  .\objects\uip_ctask.o
    0x08002034   0x08002034   0x00000038   Code   RO            6    i.dm9051_boards_heartbeat_now  .\objects\main.o
    0x0800206c   0x0800206c   0x00000010   Code   RO            7    i.dm9051_boards_heartbeat_tick  .\objects\main.o
    0x0800207c   0x0800207c   0x00000034   Code   RO         7487    i.dm9051_clock_time  .\objects\dm9051.o
    0x080020b0   0x080020b0   0x00000034   Code   RO         7488    i.dm9051_conf       .\objects\dm9051.o
    0x080020e4   0x080020e4   0x0000000c   Code   RO         7490    i.dm9051_imr_disab  .\objects\dm9051.o
    0x080020f0   0x080020f0   0x0000001a   Code   RO         7491    i.dm9051_imr_enab   .\objects\dm9051.o
    0x0800210a   0x0800210a   0x00000002   PAD
    0x0800210c   0x0800210c   0x0000002c   Code   RO         7493    i.dm9051_init       .\objects\dm9051.o
    0x08002138   0x08002138   0x00000020   Code   RO         7494    i.dm9051_interrupt_get  .\objects\dm9051.o
    0x08002158   0x08002158   0x00000008   Code   RO         7495    i.dm9051_interrupt_reset  .\objects\dm9051.o
    0x08002160   0x08002160   0x00000018   Code   RO         7496    i.dm9051_isr_enab   .\objects\dm9051.o
    0x08002178   0x08002178   0x00000030   Code   RO         7498    i.dm9051_read_regs_info  .\objects\dm9051.o
    0x080021a8   0x080021a8   0x00000014   Code   RO         7499    i.dm9051_read_rx_pointers  .\objects\dm9051.o
    0x080021bc   0x080021bc   0x0000001e   Code   RO         7500    i.dm9051_rx         .\objects\dm9051.o
    0x080021da   0x080021da   0x00000002   PAD
    0x080021dc   0x080021dc   0x000000c0   Code   RO         7504    i.dm9051_show_rxbstatistic  .\objects\dm9051.o
    0x0800229c   0x0800229c   0x00000024   Code   RO         7506    i.dm9051_tx         .\objects\dm9051.o
    0x080022c0   0x080022c0   0x00000038   Code   RO          712    i.dm9051if_uart_config  .\objects\at32f435_437_board.o
    0x080022f8   0x080022f8   0x00000048   Code   RO          713    i.dm9051if_uartpin_config  .\objects\at32f435_437_board.o
    0x08002340   0x08002340   0x00000014   Code   RO         6939    i.dm_eth_input_hexdump_reset  .\objects\hex_dump.o
    0x08002354   0x08002354   0x00000070   Code   RO         7258    i.dm_eth_polling_downup  .\objects\platform_info_uip.o
    0x080023c4   0x080023c4   0x0000008c   Code   RO         7110    i.dm_eth_show_app_help_info  .\objects\plat_uip.o
    0x08002450   0x08002450   0x000000e0   Code   RO         7205    i.dump_data         .\objects\devif_uip.o
    0x08002530   0x08002530   0x0000015c   Code   RO         7509    i.env_chip_id_and_ticks  .\objects\dm9051.o
    0x0800268c   0x0800268c   0x0000003c   Code   RO         7510    i.env_err_rsthdlr3  .\objects\dm9051.o
    0x080026c8   0x080026c8   0x000000a4   Code   RO         7511    i.env_evaluate_rxb  .\objects\dm9051.o
    0x0800276c   0x0800276c   0x00000020   Code   RO         7512    i.env_evaluate_rxb_zero  .\objects\dm9051.o
    0x0800278c   0x0800278c   0x0000000e   Code   RO         2777    i.exint_default_para_init  .\objects\at32f435_437_exint.o
    0x0800279a   0x0800279a   0x00000002   PAD
    0x0800279c   0x0800279c   0x0000000c   Code   RO         2779    i.exint_flag_clear  .\objects\at32f435_437_exint.o
    0x080027a8   0x080027a8   0x0000001c   Code   RO         2780    i.exint_flag_get    .\objects\at32f435_437_exint.o
    0x080027c4   0x080027c4   0x00000098   Code   RO         2781    i.exint_init        .\objects\at32f435_437_exint.o
    0x0800285c   0x0800285c   0x00000024   Code   RO          716    i.fputc             .\objects\at32f435_437_board.o
    0x08002880   0x08002880   0x00000048   Code   RO         6689    i.generate_part_of_file  .\objects\httpd.o
    0x080028c8   0x080028c8   0x000000a4   Code   RO         6807    i.generate_sys_stats  .\objects\httpd-cgi.o
    0x0800296c   0x0800296c   0x00000004   Code   RO         3114    i.gpio_bits_reset   .\objects\at32f435_437_gpio.o
    0x08002970   0x08002970   0x00000004   Code   RO         3115    i.gpio_bits_set     .\objects\at32f435_437_gpio.o
    0x08002974   0x08002974   0x00000014   Code   RO         3117    i.gpio_default_para_init  .\objects\at32f435_437_gpio.o
    0x08002988   0x08002988   0x0000007a   Code   RO         3118    i.gpio_init         .\objects\at32f435_437_gpio.o
    0x08002a02   0x08002a02   0x00000042   Code   RO         3123    i.gpio_pin_mux_config  .\objects\at32f435_437_gpio.o
    0x08002a44   0x08002a44   0x00000008   Code   RO         7514    i.hal_active_interrupt_desc  .\objects\dm9051.o
    0x08002a4c   0x08002a4c   0x00000040   Code   RO         7515    i.hal_active_interrupt_info  .\objects\dm9051.o
    0x08002a8c   0x08002a8c   0x00000004   Code   RO         7516    i.hal_active_interrupt_mode  .\objects\dm9051.o
    0x08002a90   0x08002a90   0x00000068   Code   RO         7344    i.hal_board_spi_info  .\objects\at32f437_spi1.o
    0x08002af8   0x08002af8   0x00000018   Code   RO         6849    i.hal_clr_int_event  .\objects\at32f437_int7.o
    0x08002b10   0x08002b10   0x00000020   Code   RO         6851    i.hal_enable_mcu_irq  .\objects\at32f437_int7.o
    0x08002b30   0x08002b30   0x00000014   Code   RO         7517    i.hal_get_dm9051_date  .\objects\dm9051.o
    0x08002b44   0x08002b44   0x0000000c   Code   RO         7518    i.hal_get_dm9051_release_num  .\objects\dm9051.o
    0x08002b50   0x08002b50   0x00000090   Code   RO         6853    i.hal_int_initialize  .\objects\at32f437_int7.o
    0x08002be0   0x08002be0   0x0000000c   Code   RO         6854    i.hal_irqline       .\objects\at32f437_int7.o
    0x08002bec   0x08002bec   0x00000036   Code   RO         7345    i.hal_read_mem      .\objects\at32f437_spi1.o
    0x08002c22   0x08002c22   0x00000022   Code   RO         7346    i.hal_read_reg      .\objects\at32f437_spi1.o
    0x08002c44   0x08002c44   0x00000018   Code   RO         6855    i.hal_set_int_event  .\objects\at32f437_int7.o
    0x08002c5c   0x08002c5c   0x00000010   Code   RO         7347    i.hal_spi_info      .\objects\at32f437_spi1.o
    0x08002c6c   0x08002c6c   0x000000e0   Code   RO         7348    i.hal_spi_initialize  .\objects\at32f437_spi1.o
    0x08002d4c   0x08002d4c   0x00000034   Code   RO         7349    i.hal_spi_readxfer  .\objects\at32f437_spi1.o
    0x08002d80   0x08002d80   0x00000074   Code   RO         7350    i.hal_spi_speed_info  .\objects\at32f437_spi1.o
    0x08002df4   0x08002df4   0x00000038   Code   RO         7351    i.hal_spi_writexfer  .\objects\at32f437_spi1.o
    0x08002e2c   0x08002e2c   0x00000014   Code   RO         7352    i.hal_stdpin_hi     .\objects\at32f437_spi1.o
    0x08002e40   0x08002e40   0x00000014   Code   RO         7353    i.hal_stdpin_lo     .\objects\at32f437_spi1.o
    0x08002e54   0x08002e54   0x00000036   Code   RO         7354    i.hal_write_mem     .\objects\at32f437_spi1.o
    0x08002e8a   0x08002e8a   0x00000022   Code   RO         7355    i.hal_write_reg     .\objects\at32f437_spi1.o
    0x08002eac   0x08002eac   0x0000001a   Code   RO         6690    i.handle_connection  .\objects\httpd.o
    0x08002ec6   0x08002ec6   0x00000002   PAD
    0x08002ec8   0x08002ec8   0x00000184   Code   RO         6691    i.handle_input      .\objects\httpd.o
    0x0800304c   0x0800304c   0x00000184   Code   RO         6692    i.handle_output     .\objects\httpd.o
    0x080031d0   0x080031d0   0x00000060   Code   RO          441    i.handle_packet     .\objects\uip_ctask.o
    0x08003230   0x08003230   0x0000017c   Code   RO         6693    i.handle_script     .\objects\httpd.o
    0x080033ac   0x080033ac   0x00000024   Code   RO         6856    i.hat_get_int_event  .\objects\at32f437_int7.o
    0x080033d0   0x080033d0   0x0000000c   Code   RO         6354    i.htons             .\objects\uip.o
    0x080033dc   0x080033dc   0x000000a4   Code   RO         6694    i.httpd_appcall     .\objects\httpd.o
    0x08003480   0x08003480   0x0000003c   Code   RO         6808    i.httpd_cgi         .\objects\httpd-cgi.o
    0x080034bc   0x080034bc   0x00000030   Code   RO         6773    i.httpd_fs_open     .\objects\httpd-fs.o
    0x080034ec   0x080034ec   0x00000030   Code   RO         6774    i.httpd_fs_strcmp   .\objects\httpd-fs.o
    0x0800351c   0x0800351c   0x0000000c   Code   RO         6695    i.httpd_init        .\objects\httpd.o
    0x08003528   0x08003528   0x00000002   Code   RO         7115    i.identified_dhcp_start  .\objects\plat_uip.o
    0x0800352a   0x0800352a   0x00000002   Code   RO         7116    i.identified_dhcp_stop  .\objects\plat_uip.o
    0x0800352c   0x0800352c   0x00000008   Code   RO         7519    i.identified_eth_mac  .\objects\dm9051.o
    0x08003534   0x08003534   0x00000008   Code   RO         7118    i.identified_tcpip_ip  .\objects\plat_uip.o
    0x0800353c   0x0800353c   0x00000044   Code   RO         7520    i.identify_eth_mac  .\objects\dm9051.o
    0x08003580   0x08003580   0x00000010   Code   RO          442    i.inc_interrupt_count  .\objects\uip_ctask.o
    0x08003590   0x08003590   0x00000024   Code   RO         7521    i.init_setup        .\objects\dm9051.o
    0x080035b4   0x080035b4   0x00000024   Code   RO          443    i.input_packet      .\objects\uip_ctask.o
    0x080035d8   0x080035d8   0x00000016   Code   RO         7523    i.is_zero_ether_addr  .\objects\dm9051.o
    0x080035ee   0x080035ee   0x00000002   PAD
    0x080035f0   0x080035f0   0x00000048   Code   RO           10    i.main              .\objects\main.o
    0x08003638   0x08003638   0x0000006c   Code   RO         7524    i.ncr_compl_timeout  .\objects\dm9051.o
    0x080036a4   0x080036a4   0x00000022   Code   RO         6696    i.next_scriptstate  .\objects\httpd.o
    0x080036c6   0x080036c6   0x0000001a   Code   RO         6809    i.nullfunction      .\objects\httpd-cgi.o
    0x080036e0   0x080036e0   0x000000c8   Code   RO         3475    i.nvic_irq_enable   .\objects\at32f435_437_misc.o
    0x080037a8   0x080037a8   0x00000028   Code   RO         3477    i.nvic_priority_group_config  .\objects\at32f435_437_misc.o
    0x080037d0   0x080037d0   0x0000008c   Code   RO         6947    i.one_packet_tocalc  .\objects\hex_dump.o
    0x0800385c   0x0800385c   0x000000ac   Code   RO         7261    i.platform_if_notify_conn_changed  .\objects\platform_info_uip.o
    0x08003908   0x08003908   0x0000000c   Code   RO         7262    i.platform_is_link_up  .\objects\platform_info_uip.o
    0x08003914   0x08003914   0x0000000c   Code   RO         7263    i.platform_set_link_down  .\objects\platform_info_uip.o
    0x08003920   0x08003920   0x0000000c   Code   RO         7264    i.platform_set_link_up  .\objects\platform_info_uip.o
    0x0800392c   0x0800392c   0x0000002c   Code   RO         7265    i.print_down        .\objects\platform_info_uip.o
    0x08003958   0x08003958   0x0000004c   Code   RO         7266    i.print_up          .\objects\platform_info_uip.o
    0x080039a4   0x080039a4   0x00000098   Code   RO         5912    i.prvAddCurrentTaskToDelayedList  .\objects\tasks.o
    0x08003a3c   0x08003a3c   0x000000b8   Code   RO         5913    i.prvAddNewTaskToReadyList  .\objects\tasks.o
    0x08003af4   0x08003af4   0x00000048   Code   RO         5914    i.prvCheckTasksWaitingTermination  .\objects\tasks.o
    0x08003b3c   0x08003b3c   0x00000012   Code   RO         5915    i.prvDeleteTCB      .\objects\tasks.o
    0x08003b4e   0x08003b4e   0x00000002   PAD
    0x08003b50   0x08003b50   0x0000007c   Code   RO         6286    i.prvHeapInit       .\objects\heap_4.o
    0x08003bcc   0x08003bcc   0x00000028   Code   RO         5916    i.prvIdleTask       .\objects\tasks.o
    0x08003bf4   0x08003bf4   0x000000be   Code   RO         5917    i.prvInitialiseNewTask  .\objects\tasks.o
    0x08003cb2   0x08003cb2   0x00000002   PAD
    0x08003cb4   0x08003cb4   0x00000068   Code   RO         5918    i.prvInitialiseTaskLists  .\objects\tasks.o
    0x08003d1c   0x08003d1c   0x00000068   Code   RO         6287    i.prvInsertBlockIntoFreeList  .\objects\heap_4.o
    0x08003d84   0x08003d84   0x00000030   Code   RO         5920    i.prvResetNextTaskUnblockTime  .\objects\tasks.o
    0x08003db4   0x08003db4   0x00000040   Code   RO          353    i.prvTaskExitError  .\objects\include_port.o
    0x08003df4   0x08003df4   0x0000000c   Code   RO         6559    i.psock_datalen     .\objects\psock.o
    0x08003e00   0x08003e00   0x00000088   Code   RO         6560    i.psock_generator_send  .\objects\psock.o
    0x08003e88   0x08003e88   0x0000002e   Code   RO         6561    i.psock_init        .\objects\psock.o
    0x08003eb6   0x08003eb6   0x00000002   PAD
    0x08003eb8   0x08003eb8   0x00000034   Code   RO         6562    i.psock_newdata     .\objects\psock.o
    0x08003eec   0x08003eec   0x00000094   Code   RO         6564    i.psock_readto      .\objects\psock.o
    0x08003f80   0x08003f80   0x00000070   Code   RO         6565    i.psock_send        .\objects\psock.o
    0x08003ff0   0x08003ff0   0x00000004   Code   RO         7962    i.putc              C:\Keil_v540\ARM\ARMCC\Bin\..\lib\armlib\mc_w.l(putc.o)
    0x08003ff4   0x08003ff4   0x0000016c   Code   RO         6288    i.pvPortMalloc      .\objects\heap_4.o
    0x08004160   0x08004160   0x0000002c   Code   RO          354    i.pxPortInitialiseStack  .\objects\include_port.o
    0x0800418c   0x0800418c   0x00000064   Code   RO         7525    i.ret_fire_time     .\objects\dm9051.o
    0x080041f0   0x080041f0   0x00000084   Code   RO         7526    i.rx_head_takelen   .\objects\dm9051.o
    0x08004274   0x08004274   0x0000001a   Code   RO         7207    i.rx_manager_dispatch  .\objects\devif_uip.o
    0x0800428e   0x0800428e   0x0000000e   Code   RO         7527    i.rx_pointers_equ   .\objects\dm9051.o
    0x0800429c   0x0800429c   0x000000b4   Code   RO         3761    i.scfg_exint_line_config  .\objects\at32f435_437_scfg.o
    0x08004350   0x08004350   0x00000050   Code   RO         6566    i.send_data         .\objects\psock.o
    0x080043a0   0x080043a0   0x00000060   Code   RO         6697    i.send_file         .\objects\httpd.o
    0x08004400   0x08004400   0x0000020c   Code   RO         6698    i.send_headers      .\objects\httpd.o
    0x0800460c   0x0800460c   0x0000043c   Code   RO         6699    i.send_led_file     .\objects\httpd.o
    0x08004a48   0x08004a48   0x0000003c   Code   RO         6700    i.send_part_of_file  .\objects\httpd.o
    0x08004a84   0x08004a84   0x00000016   Code   RO         4014    i.spi_default_para_init  .\objects\at32f435_437_spi.o
    0x08004a9a   0x08004a9a   0x0000000a   Code   RO         4015    i.spi_enable        .\objects\at32f435_437_spi.o
    0x08004aa4   0x08004aa4   0x00000008   Code   RO         4019    i.spi_i2s_data_receive  .\objects\at32f435_437_spi.o
    0x08004aac   0x08004aac   0x00000004   Code   RO         4020    i.spi_i2s_data_transmit  .\objects\at32f435_437_spi.o
    0x08004ab0   0x08004ab0   0x00000010   Code   RO         4024    i.spi_i2s_flag_get  .\objects\at32f435_437_spi.o
    0x08004ac0   0x08004ac0   0x00000158   Code   RO         4027    i.spi_init          .\objects\at32f435_437_spi.o
    0x08004c18   0x08004c18   0x0000020c   Code   RO         7121    i.static_ip_welcome_page  .\objects\plat_uip.o
    0x08004e24   0x08004e24   0x00000060   Code   RO         6810    i.sys_stats         .\objects\httpd-cgi.o
    0x08004e84   0x08004e84   0x0000009c   Code   RO          257    i.system_clock_config  .\objects\at32f435_437_clock.o
    0x08004f20   0x08004f20   0x000003e8   Code   RO         5363    i.system_core_clock_update  .\objects\system_at32f435_437.o
    0x08005308   0x08005308   0x00000024   Code   RO          627    i.tcp_appcall       .\objects\app_call.o
    0x0800532c   0x0800532c   0x0000001a   Code   RO         6520    i.timer_expired     .\objects\timer.o
    0x08005346   0x08005346   0x0000000a   Code   RO         6521    i.timer_reset       .\objects\timer.o
    0x08005350   0x08005350   0x00000010   Code   RO         6523    i.timer_set         .\objects\timer.o
    0x08005360   0x08005360   0x00000074   Code   RO         7528    i.tx_compl_timeout  .\objects\dm9051.o
    0x080053d4   0x080053d4   0x00000010   Code   RO         7208    i.tx_manager_dispatch  .\objects\devif_uip.o
    0x080053e4   0x080053e4   0x00000010   Code   RO          717    i.uart_print_init   .\objects\at32f435_437_board.o
    0x080053f4   0x080053f4   0x00000008   Code   RO          628    i.udp_appcall       .\objects\app_call.o
    0x080053fc   0x080053fc   0x00000070   Code   RO         6355    i.uip_add32         .\objects\uip.o
    0x0800546c   0x0800546c   0x00000044   Code   RO         6356    i.uip_add_rcv_nxt   .\objects\uip.o
    0x080054b0   0x080054b0   0x000000e8   Code   RO         6473    i.uip_arp_arpin     .\objects\uip_arp.o
    0x08005598   0x08005598   0x00000038   Code   RO         6474    i.uip_arp_init      .\objects\uip_arp.o
    0x080055d0   0x080055d0   0x000001a0   Code   RO         6475    i.uip_arp_out       .\objects\uip_arp.o
    0x08005770   0x08005770   0x00000058   Code   RO         6476    i.uip_arp_timer     .\objects\uip_arp.o
    0x080057c8   0x080057c8   0x00000124   Code   RO         6477    i.uip_arp_update    .\objects\uip_arp.o
    0x080058ec   0x080058ec   0x0000009c   Code   RO         6359    i.uip_init          .\objects\uip.o
    0x08005988   0x08005988   0x00000024   Code   RO         6360    i.uip_ipchksum      .\objects\uip.o
    0x080059ac   0x080059ac   0x00000040   Code   RO         6361    i.uip_listen        .\objects\uip.o
    0x080059ec   0x080059ec   0x00000028   Code   RO          446    i.uip_log           .\objects\uip_ctask.o
    0x08005a14   0x08005a14   0x0000127c   Code   RO         6362    i.uip_process       .\objects\uip.o
    0x08006c90   0x08006c90   0x00000030   Code   RO         6363    i.uip_send          .\objects\uip.o
    0x08006cc0   0x08006cc0   0x0000000a   Code   RO         6365    i.uip_tcpchksum     .\objects\uip.o
    0x08006cca   0x08006cca   0x0000000a   Code   RO         6367    i.uip_udpchksum     .\objects\uip.o
    0x08006cd4   0x08006cd4   0x00000064   Code   RO          447    i.uip_update_ip_config  .\objects\uip_ctask.o
    0x08006d38   0x08006d38   0x00000048   Code   RO         6369    i.upper_layer_chksum  .\objects\uip.o
    0x08006d80   0x08006d80   0x00000008   Code   RO         4539    i.usart_data_transmit  .\objects\at32f435_437_usart.o
    0x08006d88   0x08006d88   0x0000000a   Code   RO         4543    i.usart_enable      .\objects\at32f435_437_usart.o
    0x08006d92   0x08006d92   0x00000010   Code   RO         4545    i.usart_flag_get    .\objects\at32f435_437_usart.o
    0x08006da2   0x08006da2   0x00000002   PAD
    0x08006da4   0x08006da4   0x000000c0   Code   RO         4548    i.usart_init        .\objects\at32f435_437_usart.o
    0x08006e64   0x08006e64   0x0000000a   Code   RO         4565    i.usart_transmitter_enable  .\objects\at32f435_437_usart.o
    0x08006e6e   0x08006e6e   0x00000028   Code   RO         5519    i.uxListRemove      .\objects\list.o
    0x08006e96   0x08006e96   0x0000001a   Code   RO         5520    i.vListInitialise   .\objects\list.o
    0x08006eb0   0x08006eb0   0x00000006   Code   RO         5521    i.vListInitialiseItem  .\objects\list.o
    0x08006eb6   0x08006eb6   0x00000034   Code   RO         5522    i.vListInsert       .\objects\list.o
    0x08006eea   0x08006eea   0x00000018   Code   RO         5523    i.vListInsertEnd    .\objects\list.o
    0x08006f02   0x08006f02   0x00000002   PAD
    0x08006f04   0x08006f04   0x00000054   Code   RO          356    i.vPortEnterCritical  .\objects\include_port.o
    0x08006f58   0x08006f58   0x0000003c   Code   RO          357    i.vPortExitCritical  .\objects\include_port.o
    0x08006f94   0x08006f94   0x000000a4   Code   RO         6289    i.vPortFree         .\objects\heap_4.o
    0x08007038   0x08007038   0x00000028   Code   RO          358    i.vPortSetupTimerInterrupt  .\objects\include_port.o
    0x08007060   0x08007060   0x00000090   Code   RO         5949    i.vTaskStartScheduler  .\objects\tasks.o
    0x080070f0   0x080070f0   0x00000010   Code   RO         5951    i.vTaskSuspendAll   .\objects\tasks.o
    0x08007100   0x08007100   0x0000008c   Code   RO         5952    i.vTaskSwitchContext  .\objects\tasks.o
    0x0800718c   0x0800718c   0x0000001c   Code   RO         7530    i.validate_macaddr  .\objects\dm9051.o
    0x080071a8   0x080071a8   0x0000025c   Code   RO          449    i.vuIP_Init         .\objects\uip_ctask.o
    0x08007404   0x08007404   0x000000dc   Code   RO          450    i.vuIP_Process      .\objects\uip_ctask.o
    0x080074e0   0x080074e0   0x00000020   Code   RO          451    i.vuIP_Task         .\objects\uip_ctask.o
    0x08007500   0x08007500   0x00000014   Code   RO         6954    i.wrpadiff          .\objects\hex_dump.o
    0x08007514   0x08007514   0x00000168   Code   RO          360    i.xPortStartScheduler  .\objects\include_port.o
    0x0800767c   0x0800767c   0x00000034   Code   RO          361    i.xPortSysTickHandler  .\objects\include_port.o
    0x080076b0   0x080076b0   0x00000060   Code   RO         5955    i.xTaskCreate       .\objects\tasks.o
    0x08007710   0x08007710   0x000000d8   Code   RO         5956    i.xTaskDelayUntil   .\objects\tasks.o
    0x080077e8   0x080077e8   0x00000148   Code   RO         5964    i.xTaskIncrementTick  .\objects\tasks.o
    0x08007930   0x08007930   0x00000104   Code   RO         5968    i.xTaskResumeAll    .\objects\tasks.o
    0x08007a34   0x08007a34   0x00000018   Data   RO          458    .constdata          .\objects\uip_ctask.o
    0x08007a4c   0x08007a4c   0x00000026   Data   RO         1515    .constdata          .\objects\at32f435_437_crm.o
    0x08007a72   0x08007a72   0x00000016   Data   RO         5365    .constdata          .\objects\system_at32f435_437.o
    0x08007a88   0x08007a88   0x0000000e   Data   RO         6371    .constdata          .\objects\uip.o
    0x08007a96   0x08007a96   0x0000000a   Data   RO         6479    .constdata          .\objects\uip_arp.o
    0x08007aa0   0x08007aa0   0x00001194   Data   RO         6775    .constdata          .\objects\httpd-fs.o
    0x08008c34   0x08008c34   0x00000008   Data   RO         6811    .constdata          .\objects\httpd-cgi.o
    0x08008c3c   0x08008c3c   0x00000259   Data   RO         6838    .constdata          .\objects\http-strings.o
    0x08008e95   0x08008e95   0x00000003   PAD
    0x08008e98   0x08008e98   0x00000018   Data   RO         6857    .constdata          .\objects\at32f437_int7.o
    0x08008eb0   0x08008eb0   0x0000000e   Data   RO         7358    .constdata          .\objects\at32f437_spi1.o
    0x08008ebe   0x08008ebe   0x00000002   PAD
    0x08008ec0   0x08008ec0   0x00000018   Data   RO         7533    .constdata          .\objects\dm9051.o
    0x08008ed8   0x08008ed8   0x00000047   Data   RO          459    .conststring        .\objects\uip_ctask.o
    0x08008f1f   0x08008f1f   0x00000001   PAD
    0x08008f20   0x08008f20   0x00000088   Data   RO         5366    .conststring        .\objects\system_at32f435_437.o
    0x08008fa8   0x08008fa8   0x0000011f   Data   RO         6701    .conststring        .\objects\httpd.o
    0x080090c7   0x080090c7   0x00000001   PAD
    0x080090c8   0x080090c8   0x00000222   Data   RO         6812    .conststring        .\objects\httpd-cgi.o
    0x080092ea   0x080092ea   0x00000002   PAD
    0x080092ec   0x080092ec   0x00000024   Data   RO         6858    .conststring        .\objects\at32f437_int7.o
    0x08009310   0x08009310   0x00000096   Data   RO         6957    .conststring        .\objects\hex_dump.o
    0x080093a6   0x080093a6   0x00000002   PAD
    0x080093a8   0x080093a8   0x0000009e   Data   RO         7269    .conststring        .\objects\platform_info_uip.o
    0x08009446   0x08009446   0x00000002   PAD
    0x08009448   0x08009448   0x00000039   Data   RO         7359    .conststring        .\objects\at32f437_spi1.o
    0x08009481   0x08009481   0x00000003   PAD
    0x08009484   0x08009484   0x0000005d   Data   RO         7534    .conststring        .\objects\dm9051.o
    0x080094e1   0x080094e1   0x00000003   PAD
    0x080094e4   0x080094e4   0x00000020   Data   RO         8289    Region$$Table       anon$$obj.o


    Execution Region RW_IRAM1 (Exec base: 0x20000000, Load base: 0x08009504, Size: 0x0000b620, Max: 0x00060000, ABSOLUTE, COMPRESSED[0x00000068])

    Exec Addr    Load Addr    Size         Type   Attr      Idx    E Section Name        Object

    0x20000000   COMPRESSED   0x00000018   Data   RW           13    .data               .\objects\main.o
    0x20000018   COMPRESSED   0x00000010   Data   RW          362    .data               .\objects\include_port.o
    0x20000028   COMPRESSED   0x0000002c   Data   RW          460    .data               .\objects\uip_ctask.o
    0x20000054   COMPRESSED   0x00000039   Data   RW          720    .data               .\objects\at32f435_437_board.o
    0x2000008d   COMPRESSED   0x00000003   PAD
    0x20000090   COMPRESSED   0x00000008   Data   RW         5367    .data               .\objects\system_at32f435_437.o
    0x20000098   COMPRESSED   0x00000044   Data   RW         5971    .data               .\objects\tasks.o
    0x200000dc   COMPRESSED   0x00000024   Data   RW         6295    .data               .\objects\heap_4.o
    0x20000100   COMPRESSED   0x00000034   Data   RW         6372    .data               .\objects\uip.o
    0x20000134   COMPRESSED   0x00000008   Data   RW         6480    .data               .\objects\uip_arp.o
    0x2000013c   COMPRESSED   0x00000008   Data   RW         6813    .data               .\objects\httpd-cgi.o
    0x20000144   COMPRESSED   0x0000000c   Data   RW         6859    .data               .\objects\at32f437_int7.o
    0x20000150   COMPRESSED   0x00000028   Data   RW         6958    .data               .\objects\hex_dump.o
    0x20000178   COMPRESSED   0x00000004   Data   RW         7211    .data               .\objects\devif_uip.o
    0x2000017c   COMPRESSED   0x0000000c   Data   RW         7270    .data               .\objects\platform_info_uip.o
    0x20000188   COMPRESSED   0x00000014   Data   RW         7360    .data               .\objects\at32f437_spi1.o
    0x2000019c   COMPRESSED   0x00000024   Data   RW         7535    .data               .\objects\dm9051.o
    0x200001c0   COMPRESSED   0x00000004   Data   RW         7965    .data               C:\Keil_v540\ARM\ARMCC\Bin\..\lib\armlib\mc_w.l(rand.o)
    0x200001c4        -       0x000000fc   Zero   RW         5364    .bss                .\objects\system_at32f435_437.o
    0x200002c0        -       0x000002e4   Zero   RW         5970    .bss                .\objects\tasks.o
    0x200005a4        -       0x0000a000   Zero   RW         6294    .bss                .\objects\heap_4.o
    0x2000a5a4        -       0x00000ae0   Zero   RW         6370    .bss                .\objects\uip.o
    0x2000b084        -       0x00000060   Zero   RW         6478    .bss                .\objects\uip_arp.o
    0x2000b0e4        -       0x0000013a   Zero   RW         7532    .bss                .\objects\dm9051.o
    0x2000b21e   COMPRESSED   0x00000002   PAD
    0x2000b220        -       0x00000400   Zero   RW         5398    STACK               .\objects\startup_at32f435_437.o


==============================================================================

Image component sizes


      Code (inc. data)   RO Data    RW Data    ZI Data      Debug   Object Name

        44          4          0          0          0       1056   .\objects\app_call.o
       180         16          0         57          0       6753   .\objects\at32f435_437_board.o
       156         12          0          0          0        642   .\objects\at32f435_437_clock.o
       830        104         38          0          0       9424   .\objects\at32f435_437_crm.o
       206         14          0          0          0       3107   .\objects\at32f435_437_exint.o
       216          0          0          0          0       3973   .\objects\at32f435_437_gpio.o
        20          0          0          0          0       3149   .\objects\at32f435_437_int.o
       240         18          0          0          0      32274   .\objects\at32f435_437_misc.o
       180          4          0          0          0        765   .\objects\at32f435_437_scfg.o
       404          0          0          0          0       4558   .\objects\at32f435_437_spi.o
       236         18          0          0          0       4062   .\objects\at32f435_437_usart.o
       308         46         60         12          0       6390   .\objects\at32f437_int7.o
       784        166         71         20          0      11608   .\objects\at32f437_spi1.o
         8          0          0          0          0        557   .\objects\clock-arch.o
       290         34          0          4          0       4293   .\objects\devif_uip.o
      3178        754        117         36        314      51756   .\objects\dm9051.o
         0          0          0          0          0       6408   .\objects\event_groups.o
       756         74          0         36      40960       7915   .\objects\heap_4.o
       532         84        150         40          0      13015   .\objects\hex_dump.o
         0          0        601          0          0       2383   .\objects\http-strings.o
       346         44        554          8          0       3688   .\objects\httpd-cgi.o
        96          6       4500          0          0       2973   .\objects\httpd-fs.o
      3228        518        287          0          0      10605   .\objects\httpd.o
       894         78          0         16          0      11884   .\objects\include_port.o
       148          0          0          0          0       3930   .\objects\list.o
       240         90          0         24          0      74928   .\objects\main.o
       676        304          0          0          0       3694   .\objects\plat_uip.o
       494        166        158         12          0       7938   .\objects\platform_info_uip.o
       786         44          0          0          0       7972   .\objects\psock.o
        26          0          0          0          0       1176   .\objects\rttprintf.o
        36          8        524          0       1024        984   .\objects\startup_at32f435_437.o
      1144        352        158          8        252       3107   .\objects\system_at32f435_437.o
         0          0          0          0          0       1476   .\objects\tapdev.o
      2008        272          0         68        740      23212   .\objects\tasks.o
        52          0          0          0          0       2134   .\objects\timer.o
      5390        684         14         52       2784      19031   .\objects\uip.o
      1084        108         10          8         96      12686   .\objects\uip_arp.o
      1396        406         95         44          0      16412   .\objects\uip_ctask.o

    ----------------------------------------------------------------------
     26652       4428       7388        448      46172     381918   Object Totals
         0          0         32          0          0          0   (incl. Generated)
        40          0         19          3          2          0   (incl. Padding)

    ----------------------------------------------------------------------

      Code (inc. data)   RO Data    RW Data    ZI Data      Debug   Library Member Name

        86          0          0          0          0          0   C:\Keil_v540\ARM\ARMCC\Bin\..\lib\armlib\mc_w.l(__dczerorl2.o)
         0          0          0          0          0          0   C:\Keil_v540\ARM\ARMCC\Bin\..\lib\armlib\mc_w.l(entry.o)
         0          0          0          0          0          0   C:\Keil_v540\ARM\ARMCC\Bin\..\lib\armlib\mc_w.l(entry10a.o)
         0          0          0          0          0          0   C:\Keil_v540\ARM\ARMCC\Bin\..\lib\armlib\mc_w.l(entry11a.o)
         8          4          0          0          0          0   C:\Keil_v540\ARM\ARMCC\Bin\..\lib\armlib\mc_w.l(entry2.o)
         4          0          0          0          0          0   C:\Keil_v540\ARM\ARMCC\Bin\..\lib\armlib\mc_w.l(entry5.o)
         0          0          0          0          0          0   C:\Keil_v540\ARM\ARMCC\Bin\..\lib\armlib\mc_w.l(entry7b.o)
         0          0          0          0          0          0   C:\Keil_v540\ARM\ARMCC\Bin\..\lib\armlib\mc_w.l(entry8b.o)
         8          4          0          0          0          0   C:\Keil_v540\ARM\ARMCC\Bin\..\lib\armlib\mc_w.l(entry9a.o)
        30          0          0          0          0          0   C:\Keil_v540\ARM\ARMCC\Bin\..\lib\armlib\mc_w.l(handlers.o)
        36          8          0          0          0         68   C:\Keil_v540\ARM\ARMCC\Bin\..\lib\armlib\mc_w.l(init.o)
         0          0          0          0          0          0   C:\Keil_v540\ARM\ARMCC\Bin\..\lib\armlib\mc_w.l(iusefp.o)
        30          0          0          0          0         68   C:\Keil_v540\ARM\ARMCC\Bin\..\lib\armlib\mc_w.l(llshl.o)
        36          0          0          0          0         68   C:\Keil_v540\ARM\ARMCC\Bin\..\lib\armlib\mc_w.l(llsshr.o)
        32          0          0          0          0         68   C:\Keil_v540\ARM\ARMCC\Bin\..\lib\armlib\mc_w.l(llushr.o)
        36          0          0          0          0         68   C:\Keil_v540\ARM\ARMCC\Bin\..\lib\armlib\mc_w.l(memcpya.o)
        36          0          0          0          0        108   C:\Keil_v540\ARM\ARMCC\Bin\..\lib\armlib\mc_w.l(memseta.o)
      2378        100          0          0          0        756   C:\Keil_v540\ARM\ARMCC\Bin\..\lib\armlib\mc_w.l(printfa.o)
         4          0          0          0          0         68   C:\Keil_v540\ARM\ARMCC\Bin\..\lib\armlib\mc_w.l(putc.o)
        36         10          0          4          0        136   C:\Keil_v540\ARM\ARMCC\Bin\..\lib\armlib\mc_w.l(rand.o)
        20          0          0          0          0         68   C:\Keil_v540\ARM\ARMCC\Bin\..\lib\armlib\mc_w.l(strchr.o)
        18          0          0          0          0         68   C:\Keil_v540\ARM\ARMCC\Bin\..\lib\armlib\mc_w.l(strcpy.o)
        14          0          0          0          0         68   C:\Keil_v540\ARM\ARMCC\Bin\..\lib\armlib\mc_w.l(strlen.o)
        30          0          0          0          0         80   C:\Keil_v540\ARM\ARMCC\Bin\..\lib\armlib\mc_w.l(strncmp.o)
        24          0          0          0          0         76   C:\Keil_v540\ARM\ARMCC\Bin\..\lib\armlib\mc_w.l(strncpy.o)
        32          0          0          0          0         68   C:\Keil_v540\ARM\ARMCC\Bin\..\lib\armlib\mc_w.l(strrchr.o)
        44          0          0          0          0         80   C:\Keil_v540\ARM\ARMCC\Bin\..\lib\armlib\mc_w.l(uidiv.o)
        98          0          0          0          0         92   C:\Keil_v540\ARM\ARMCC\Bin\..\lib\armlib\mc_w.l(uldiv.o)
        48          0          0          0          0         68   C:\Keil_v540\ARM\ARMCC\Bin\..\lib\armlib\mf_w.l(cdrcmple.o)
       334          0          0          0          0        148   C:\Keil_v540\ARM\ARMCC\Bin\..\lib\armlib\mf_w.l(dadd.o)
       222          0          0          0          0        100   C:\Keil_v540\ARM\ARMCC\Bin\..\lib\armlib\mf_w.l(ddiv.o)
       186          0          0          0          0        176   C:\Keil_v540\ARM\ARMCC\Bin\..\lib\armlib\mf_w.l(depilogue.o)
        48          0          0          0          0         68   C:\Keil_v540\ARM\ARMCC\Bin\..\lib\armlib\mf_w.l(dfixul.o)
       228          0          0          0          0         96   C:\Keil_v540\ARM\ARMCC\Bin\..\lib\armlib\mf_w.l(dmul.o)

    ----------------------------------------------------------------------
      4108        126          0          4          0       2664   Library Totals
         2          0          0          0          0          0   (incl. Padding)

    ----------------------------------------------------------------------

      Code (inc. data)   RO Data    RW Data    ZI Data      Debug   Library Name

      3040        126          0          4          0       2008   C:\Keil_v540\ARM\ARMCC\Bin\..\lib\armlib\mc_w.l
      1066          0          0          0          0        656   C:\Keil_v540\ARM\ARMCC\Bin\..\lib\armlib\mf_w.l

    ----------------------------------------------------------------------
      4108        126          0          4          0       2664   Library Totals

    ----------------------------------------------------------------------

==============================================================================


      Code (inc. data)   RO Data    RW Data    ZI Data      Debug   

     30760       4554       7388        452      46172     357710   Grand Totals
     30760       4554       7388        104      46172     357710   ELF Image Totals (compressed)
     30760       4554       7388        104          0          0   ROM Totals

==============================================================================

    Total RO  Size (Code + RO Data)                38148 (  37.25kB)
    Total RW  Size (RW Data + ZI Data)             46624 (  45.53kB)
    Total ROM Size (Code + RO Data + RW Data)      38252 (  37.36kB)

==============================================================================

