Component: ARM Compiler 5.06 update 5 (build 528) Tool: armlink [4d35e2]

==============================================================================

Section Cross References

    .\objects\main.o(i.SysTick_Handler) refers to .\objects\main.o(i.dm9051_boards_heartbeat_tick) for dm9051_boards_heartbeat_tick
    .\objects\main.o(i.SysTick_Handler) refers to .\objects\include_port.o(i.xPortSysTickHandler) for xPortSysTickHandler
    .\objects\main.o(i.create_network_task) refers to .\objects\tasks.o(i.xTaskCreate) for xTaskCreate
    .\objects\main.o(i.create_network_task) refers to C:\Keil_v540\ARM\ARMCC\Bin\..\lib\armlib\mc_w.l(printfa.o)(i.__0printf) for __2printf
    .\objects\main.o(i.create_network_task) refers to .\objects\main.o(.data) for network_handler
    .\objects\main.o(i.create_network_task) refers to .\objects\uip_ctask.o(i.vuIP_Task) for vuIP_Task
    .\objects\main.o(i.dm9051_boards_heartbeat_now) refers to .\objects\main.o(.data) for hal_tick_count
    .\objects\main.o(i.dm9051_boards_heartbeat_tick) refers to .\objects\main.o(.data) for AT_HalTicks
    .\objects\main.o(i.dm_version_info) refers to C:\Keil_v540\ARM\ARMCC\Bin\..\lib\armlib\mc_w.l(printfa.o)(i.__0sprintf) for __2sprintf
    .\objects\main.o(i.dm_version_info) refers to C:\Keil_v540\ARM\ARMCC\Bin\..\lib\armlib\mc_w.l(printfa.o)(i.__0printf) for __2printf
    .\objects\main.o(i.dm_version_info) refers to .\objects\main.o(i.ver_string_get) for ver_string_get
    .\objects\main.o(i.dm_version_info) refers to .\objects\main.o(.bss) for version_string
    .\objects\main.o(i.dump_data) refers to C:\Keil_v540\ARM\ARMCC\Bin\..\lib\armlib\mc_w.l(printfa.o)(i.__0sprintf) for __2sprintf
    .\objects\main.o(i.dump_data) refers to C:\Keil_v540\ARM\ARMCC\Bin\..\lib\armlib\mc_w.l(printfa.o)(i.__0printf) for __2printf
    .\objects\main.o(i.dump_data) refers to .\objects\main.o(.data) for link_log_reset_allow_num_dump_data
    .\objects\main.o(i.main) refers to .\objects\hex_dump.o(i.dm9051_config_app_mcu_name) for dm9051_config_app_mcu_name
    .\objects\main.o(i.main) refers to .\objects\at32f435_437_misc.o(i.nvic_priority_group_config) for nvic_priority_group_config
    .\objects\main.o(i.main) refers to .\objects\at32f435_437_clock.o(i.system_clock_config) for system_clock_config
    .\objects\main.o(i.main) refers to .\objects\at32f435_437_board.o(i.uart_print_init) for uart_print_init
    .\objects\main.o(i.main) refers to C:\Keil_v540\ARM\ARMCC\Bin\..\lib\armlib\mc_w.l(printfa.o)(i.__0printf) for __2printf
    .\objects\main.o(i.main) refers to .\objects\hex_dump.o(i.dm_eth_app_mcu_name) for dm_eth_app_mcu_name
    .\objects\main.o(i.main) refers to .\objects\plat_uip.o(i.dm_eth_show_app_help_info) for dm_eth_show_app_help_info
    .\objects\main.o(i.main) refers to .\objects\include_port.o(i.vPortEnterCritical) for vPortEnterCritical
    .\objects\main.o(i.main) refers to .\objects\main.o(i.create_network_task) for create_network_task
    .\objects\main.o(i.main) refers to .\objects\include_port.o(i.vPortExitCritical) for vPortExitCritical
    .\objects\main.o(i.main) refers to .\objects\tasks.o(i.vTaskStartScheduler) for vTaskStartScheduler
    .\objects\main.o(i.ver_string_get) refers to C:\Keil_v540\ARM\ARMCC\Bin\..\lib\armlib\mc_w.l(strlen.o)(.text) for strlen
    .\objects\at32f435_437_clock.o(i.system_clock_config) refers to .\objects\at32f435_437_crm.o(i.crm_periph_clock_enable) for crm_periph_clock_enable
    .\objects\at32f435_437_clock.o(i.system_clock_config) refers to .\objects\at32f435_437_crm.o(i.crm_reset) for crm_reset
    .\objects\at32f435_437_clock.o(i.system_clock_config) refers to .\objects\at32f435_437_crm.o(i.crm_clock_source_enable) for crm_clock_source_enable
    .\objects\at32f435_437_clock.o(i.system_clock_config) refers to .\objects\at32f435_437_crm.o(i.crm_hext_stable_wait) for crm_hext_stable_wait
    .\objects\at32f435_437_clock.o(i.system_clock_config) refers to .\objects\at32f435_437_crm.o(i.crm_pll_config) for crm_pll_config
    .\objects\at32f435_437_clock.o(i.system_clock_config) refers to .\objects\at32f435_437_crm.o(i.crm_flag_get) for crm_flag_get
    .\objects\at32f435_437_clock.o(i.system_clock_config) refers to .\objects\at32f435_437_crm.o(i.crm_ahb_div_set) for crm_ahb_div_set
    .\objects\at32f435_437_clock.o(i.system_clock_config) refers to .\objects\at32f435_437_crm.o(i.crm_apb2_div_set) for crm_apb2_div_set
    .\objects\at32f435_437_clock.o(i.system_clock_config) refers to .\objects\at32f435_437_crm.o(i.crm_apb1_div_set) for crm_apb1_div_set
    .\objects\at32f435_437_clock.o(i.system_clock_config) refers to .\objects\at32f435_437_crm.o(i.crm_auto_step_mode_enable) for crm_auto_step_mode_enable
    .\objects\at32f435_437_clock.o(i.system_clock_config) refers to .\objects\at32f435_437_crm.o(i.crm_sysclk_switch) for crm_sysclk_switch
[...]
    __aeabi_uidivmod                         0x08000417   Thumb Code    44  C:\Keil_v540\ARM\ARMCC\Bin\..\lib\armlib\mc_w.l(uidiv.o)(.text)
    __aeabi_uldivmod                         0x08000443   Thumb Code    98  C:\Keil_v540\ARM\ARMCC\Bin\..\lib\armlib\mc_w.l(uldiv.o)(.text)
    __I$use$fp                               0x080004a5   Thumb Code     0  C:\Keil_v540\ARM\ARMCC\Bin\..\lib\armlib\mc_w.l(iusefp.o)(.text)
    __aeabi_dadd                             0x080004a5   Thumb Code   322  C:\Keil_v540\ARM\ARMCC\Bin\..\lib\armlib\mf_w.l(dadd.o)(.text)
    __aeabi_dsub                             0x080005e7   Thumb Code     6  C:\Keil_v540\ARM\ARMCC\Bin\..\lib\armlib\mf_w.l(dadd.o)(.text)
    __aeabi_drsub                            0x080005ed   Thumb Code     6  C:\Keil_v540\ARM\ARMCC\Bin\..\lib\armlib\mf_w.l(dadd.o)(.text)
    __aeabi_dmul                             0x080005f3   Thumb Code   228  C:\Keil_v540\ARM\ARMCC\Bin\..\lib\armlib\mf_w.l(dmul.o)(.text)
    __aeabi_ddiv                             0x080006d7   Thumb Code   222  C:\Keil_v540\ARM\ARMCC\Bin\..\lib\armlib\mf_w.l(ddiv.o)(.text)
    __aeabi_d2ulz                            0x080007b5   Thumb Code    48  C:\Keil_v540\ARM\ARMCC\Bin\..\lib\armlib\mf_w.l(dfixul.o)(.text)
    __aeabi_cdrcmple                         0x080007e5   Thumb Code    48  C:\Keil_v540\ARM\ARMCC\Bin\..\lib\armlib\mf_w.l(cdrcmple.o)(.text)
    __scatterload                            0x08000815   Thumb Code    28  C:\Keil_v540\ARM\ARMCC\Bin\..\lib\armlib\mc_w.l(init.o)(.text)
    __scatterload_rt2                        0x08000815   Thumb Code     0  C:\Keil_v540\ARM\ARMCC\Bin\..\lib\armlib\mc_w.l(init.o)(.text)
    __aeabi_llsl                             0x08000839   Thumb Code    30  C:\Keil_v540\ARM\ARMCC\Bin\..\lib\armlib\mc_w.l(llshl.o)(.text)
    _ll_shift_l                              0x08000839   Thumb Code     0  C:\Keil_v540\ARM\ARMCC\Bin\..\lib\armlib\mc_w.l(llshl.o)(.text)
    __aeabi_llsr                             0x08000857   Thumb Code    32  C:\Keil_v540\ARM\ARMCC\Bin\..\lib\armlib\mc_w.l(llushr.o)(.text)
    _ll_ushift_r                             0x08000857   Thumb Code     0  C:\Keil_v540\ARM\ARMCC\Bin\..\lib\armlib\mc_w.l(llushr.o)(.text)
    __aeabi_lasr                             0x08000877   Thumb Code    36  C:\Keil_v540\ARM\ARMCC\Bin\..\lib\armlib\mc_w.l(llsshr.o)(.text)
    _ll_sshift_r                             0x08000877   Thumb Code     0  C:\Keil_v540\ARM\ARMCC\Bin\..\lib\armlib\mc_w.l(llsshr.o)(.text)
    _double_round                            0x0800089b   Thumb Code    30  C:\Keil_v540\ARM\ARMCC\Bin\..\lib\armlib\mf_w.l(depilogue.o)(.text)
    _double_epilogue                         0x080008b9   Thumb Code   156  C:\Keil_v540\ARM\ARMCC\Bin\..\lib\armlib\mf_w.l(depilogue.o)(.text)
    __decompress                             0x08000955   Thumb Code     0  C:\Keil_v540\ARM\ARMCC\Bin\..\lib\armlib\mc_w.l(__dczerorl2.o)(.text)
    __decompress1                            0x08000955   Thumb Code    86  C:\Keil_v540\ARM\ARMCC\Bin\..\lib\armlib\mc_w.l(__dczerorl2.o)(.text)
    BusFault_Handler                         0x080009ab   Thumb Code     4  .\objects\at32f435_437_int.o(i.BusFault_Handler)
    DM_ETH_Init                              0x080009af   Thumb Code    16  .\objects\devif_uip.o(i.DM_ETH_Init)
    DM_ETH_RXHandler_Poll                    0x080009c1   Thumb Code    18  .\objects\uip_ctask.o(i.DM_ETH_RXHandler_Poll)
    DM_ETH_RXHandler_Route                   0x080009d9   Thumb Code    62  .\objects\uip_ctask.o(i.DM_ETH_RXHandler_Route)
    DM_ETH_Read_mdra                         0x08000a17   Thumb Code    14  .\objects\hex_dump.o(i.DM_ETH_Read_mdra)
    DM_ETH_ToCalc_rx_pointers                0x08000a25   Thumb Code    32  .\objects\hex_dump.o(i.DM_ETH_ToCalc_rx_pointers)
    DM_Eth_Info_Linkup                       0x08000a45   Thumb Code    30  .\objects\platform_info_uip.o(i.DM_Eth_Info_Linkup)
    DM_Eth_Read_Info                         0x08000a63   Thumb Code    24  .\objects\platform_info_uip.o(i.DM_Eth_Read_Info)
    DebugMon_Handler                         0x08000a7b   Thumb Code     2  .\objects\at32f435_437_int.o(i.DebugMon_Handler)
    EXINT9_5_IRQHandler                      0x08000a7d   Thumb Code    36  .\objects\at32f437_int7.o(i.EXINT9_5_IRQHandler)
    HardFault_Handler                        0x08000aa1   Thumb Code     4  .\objects\at32f435_437_int.o(i.HardFault_Handler)
    MemManage_Handler                        0x08000aa5   Thumb Code     4  .\objects\at32f435_437_int.o(i.MemManage_Handler)
    NMI_Handler                              0x08000aa9   Thumb Code     2  .\objects\at32f435_437_int.o(i.NMI_Handler)
    RttPrintf                                0x08000aab   Thumb Code    26  .\objects\rttprintf.o(i.RttPrintf)
    SysTick_Handler                          0x08000ac5   Thumb Code    12  .\objects\main.o(i.SysTick_Handler)
    SystemInit                               0x08000ad1   Thumb Code   126  .\objects\system_at32f435_437.o(i.SystemInit)
    UsageFault_Handler                       0x08000b61   Thumb Code     4  .\objects\at32f435_437_int.o(i.UsageFault_Handler)
    __0printf                                0x08000b65   Thumb Code    22  C:\Keil_v540\ARM\ARMCC\Bin\..\lib\armlib\mc_w.l(printfa.o)(i.__0printf)
    __1printf                                0x08000b65   Thumb Code     0  C:\Keil_v540\ARM\ARMCC\Bin\..\lib\armlib\mc_w.l(printfa.o)(i.__0printf)
    __2printf                                0x08000b65   Thumb Code     0  C:\Keil_v540\ARM\ARMCC\Bin\..\lib\armlib\mc_w.l(printfa.o)(i.__0printf)
    __c89printf                              0x08000b65   Thumb Code     0  C:\Keil_v540\ARM\ARMCC\Bin\..\lib\armlib\mc_w.l(printfa.o)(i.__0printf)
    printf                                   0x08000b65   Thumb Code     0  C:\Keil_v540\ARM\ARMCC\Bin\..\lib\armlib\mc_w.l(printfa.o)(i.__0printf)
    __0snprintf                              0x08000b85   Thumb Code    44  C:\Keil_v540\ARM\ARMCC\Bin\..\lib\armlib\mc_w.l(printfa.o)(i.__0snprintf)
    __1snprintf                              0x08000b85   Thumb Code     0  C:\Keil_v540\ARM\ARMCC\Bin\..\lib\armlib\mc_w.l(printfa.o)(i.__0snprintf)
    __2snprintf                              0x08000b85   Thumb Code     0  C:\Keil_v540\ARM\ARMCC\Bin\..\lib\armlib\mc_w.l(printfa.o)(i.__0snprintf)
    __c89snprintf                            0x08000b85   Thumb Code     0  C:\Keil_v540\ARM\ARMCC\Bin\..\lib\armlib\mc_w.l(printfa.o)(i.__0snprintf)
    snprintf                                 0x08000b85   Thumb Code     0  C:\Keil_v540\ARM\ARMCC\Bin\..\lib\armlib\mc_w.l(printfa.o)(i.__0snprintf)
    __0sprintf                               0x08000bb5   Thumb Code    34  C:\Keil_v540\ARM\ARMCC\Bin\..\lib\armlib\mc_w.l(printfa.o)(i.__0sprintf)
    __1sprintf                               0x08000bb5   Thumb Code     0  C:\Keil_v540\ARM\ARMCC\Bin\..\lib\armlib\mc_w.l(printfa.o)(i.__0sprintf)
    __2sprintf                               0x08000bb5   Thumb Code     0  C:\Keil_v540\ARM\ARMCC\Bin\..\lib\armlib\mc_w.l(printfa.o)(i.__0sprintf)
    __c89sprintf                             0x08000bb5   Thumb Code     0  C:\Keil_v540\ARM\ARMCC\Bin\..\lib\armlib\mc_w.l(printfa.o)(i.__0sprintf)
    sprintf                                  0x08000bb5   Thumb Code     0  C:\Keil_v540\ARM\ARMCC\Bin\..\lib\armlib\mc_w.l(printfa.o)(i.__0sprintf)
    __scatterload_copy                       0x08000bdd   Thumb Code    14  C:\Keil_v540\ARM\ARMCC\Bin\..\lib\armlib\mc_w.l(handlers.o)(i.__scatterload_copy)
    __scatterload_null                       0x08000beb   Thumb Code     2  C:\Keil_v540\ARM\ARMCC\Bin\..\lib\armlib\mc_w.l(handlers.o)(i.__scatterload_null)
    __scatterload_zeroinit                   0x08000bed   Thumb Code    14  C:\Keil_v540\ARM\ARMCC\Bin\..\lib\armlib\mc_w.l(handlers.o)(i.__scatterload_zeroinit)
    check_force_stop                         0x0800153d   Thumb Code    14  .\objects\dm9051.o(i.check_force_stop)
    clock_time                               0x08001597   Thumb Code     8  .\objects\clock-arch.o(i.clock_time)
    create_network_task                      0x080015a1   Thumb Code    36  .\objects\main.o(i.create_network_task)
    crm_ahb_div_set                          0x080015f5   Thumb Code    14  .\objects\at32f435_437_crm.o(i.crm_ahb_div_set)
    crm_apb1_div_set                         0x08001609   Thumb Code    14  .\objects\at32f435_437_crm.o(i.crm_apb1_div_set)
    crm_apb2_div_set                         0x0800161d   Thumb Code    14  .\objects\at32f435_437_crm.o(i.crm_apb2_div_set)
    crm_auto_step_mode_enable                0x08001631   Thumb Code    34  .\objects\at32f435_437_crm.o(i.crm_auto_step_mode_enable)
    crm_clock_source_enable                  0x08001659   Thumb Code    98  .\objects\at32f435_437_crm.o(i.crm_clock_source_enable)
    crm_clocks_freq_get                      0x080016c1   Thumb Code   224  .\objects\at32f435_437_crm.o(i.crm_clocks_freq_get)
    crm_flag_get                             0x080017bd   Thumb Code    44  .\objects\at32f435_437_crm.o(i.crm_flag_get)
    crm_hext_stable_wait                     0x080017ed   Thumb Code    46  .\objects\at32f435_437_crm.o(i.crm_hext_stable_wait)
    crm_periph_clock_enable                  0x0800181d   Thumb Code    70  .\objects\at32f435_437_crm.o(i.crm_periph_clock_enable)
    crm_pll_config                           0x08001869   Thumb Code    46  .\objects\at32f435_437_crm.o(i.crm_pll_config)
    crm_reset                                0x0800189d   Thumb Code   104  .\objects\at32f435_437_crm.o(i.crm_reset)
    crm_sysclk_switch                        0x08001911   Thumb Code    14  .\objects\at32f435_437_crm.o(i.crm_sysclk_switch)
    crm_sysclk_switch_status_get             0x08001925   Thumb Code    10  .\objects\at32f435_437_crm.o(i.crm_sysclk_switch_status_get)
    cspi_core_reset                          0x08001935   Thumb Code    20  .\objects\dm9051.o(i.cspi_core_reset)
    cspi_core_start1                         0x08001949   Thumb Code    22  .\objects\dm9051.o(i.cspi_core_start1)
    cspi_disble_irq                          0x08001965   Thumb Code     8  .\objects\dm9051.o(i.cspi_disble_irq)
    cspi_enable_irq                          0x0800196d   Thumb Code    12  .\objects\dm9051.o(i.cspi_enable_irq)
    cspi_get_chipid                          0x08001979   Thumb Code    26  .\objects\dm9051.o(i.cspi_get_chipid)
    cspi_get_mrrl                            0x08001993   Thumb Code    22  .\objects\dm9051.o(i.cspi_get_mrrl)
    cspi_get_par                             0x080019a9   Thumb Code    16  .\objects\dm9051.o(i.cspi_get_par)
    cspi_get_rwpa                            0x080019b9   Thumb Code    22  .\objects\dm9051.o(i.cspi_get_rwpa)
    cspi_get_status                          0x080019cf   Thumb Code    26  .\objects\dm9051.o(i.cspi_get_status)
    cspi_macaddr_process                     0x080019e9   Thumb Code   176  .\objects\dm9051.o(i.cspi_macaddr_process)
    cspi_ncr_reset                           0x08001ae9   Thumb Code    20  .\objects\dm9051.o(i.cspi_ncr_reset)
    cspi_phy_read                            0x08001afd   Thumb Code   102  .\objects\dm9051.o(i.cspi_phy_read)
    cspi_phy_write                           0x08001b63   Thumb Code    96  .\objects\dm9051.o(i.cspi_phy_write)
    cspi_phycore_on                          0x08001bc3   Thumb Code    20  .\objects\dm9051.o(i.cspi_phycore_on)
    cspi_read_regs                           0x08001bd7   Thumb Code    38  .\objects\dm9051.o(i.cspi_read_regs)
    cspi_read_rxb                            0x08001bfd   Thumb Code    16  .\objects\dm9051.o(i.cspi_read_rxb)
    cspi_rx_head                             0x08001c0d   Thumb Code    26  .\objects\dm9051.o(i.cspi_rx_head)
    cspi_rx_read                             0x08001c27   Thumb Code    32  .\objects\dm9051.o(i.cspi_rx_read)
    cspi_rx_ready                            0x08001c49   Thumb Code    72  .\objects\dm9051.o(i.cspi_rx_ready)
    cspi_set_fcr                             0x08001c95   Thumb Code    30  .\objects\dm9051.o(i.cspi_set_fcr)
    cspi_set_imr                             0x08001cb9   Thumb Code     8  .\objects\dm9051.o(i.cspi_set_imr)
    cspi_set_mar                             0x08001cc1   Thumb Code    36  .\objects\dm9051.o(i.cspi_set_mar)
    cspi_set_par                             0x08001ce5   Thumb Code    16  .\objects\dm9051.o(i.cspi_set_par)
    cspi_set_rcr                             0x08001cf5   Thumb Code    26  .\objects\dm9051.o(i.cspi_set_rcr)
    cspi_set_recv                            0x08001d11   Thumb Code    26  .\objects\dm9051.o(i.cspi_set_recv)
    cspi_soft_default                        0x08001d31   Thumb Code    68  .\objects\dm9051.o(i.cspi_soft_default)
    cspi_tx_len                              0x08001d79   Thumb Code    24  .\objects\dm9051.o(i.cspi_tx_len)
    cspi_tx_packet_len                       0x08001d91   Thumb Code    12  .\objects\dm9051.o(i.cspi_tx_packet_len)
    cspi_tx_write                            0x08001d9d   Thumb Code    16  .\objects\dm9051.o(i.cspi_tx_write)
    cspi_write_regs                          0x08001dad   Thumb Code    38  .\objects\dm9051.o(i.cspi_write_regs)
    ctick_delay_ms                           0x08001dd3   Thumb Code    24  .\objects\dm9051.o(i.ctick_delay_ms)
    ctick_delay_us                           0x08001deb   Thumb Code    36  .\objects\dm9051.o(i.ctick_delay_us)
    cyc_packets_tocalc                       0x08001e11   Thumb Code   122  .\objects\hex_dump.o(i.cyc_packets_tocalc)
    diff_rx_e                                0x08001f01   Thumb Code    42  .\objects\hex_dump.o(i.diff_rx_e)
    diff_rx_s                                0x08001f8d   Thumb Code    14  .\objects\hex_dump.o(i.diff_rx_s)
    dm9051_boards_heartbeat_now              0x08001fe5   Thumb Code    42  .\objects\main.o(i.dm9051_boards_heartbeat_now)
    dm9051_boards_heartbeat_tick             0x0800201d   Thumb Code    12  .\objects\main.o(i.dm9051_boards_heartbeat_tick)
    dm9051_clock_time                        0x0800202d   Thumb Code    44  .\objects\dm9051.o(i.dm9051_clock_time)
    dm9051_conf                              0x08002061   Thumb Code    46  .\objects\dm9051.o(i.dm9051_conf)
    dm9051_config_app_mcu_name               0x08002095   Thumb Code    14  .\objects\hex_dump.o(i.dm9051_config_app_mcu_name)
    dm9051_imr_disab                         0x080020a9   Thumb Code    12  .\objects\dm9051.o(i.dm9051_imr_disab)
    dm9051_imr_enab                          0x080020b5   Thumb Code    26  .\objects\dm9051.o(i.dm9051_imr_enab)
    dm9051_init                              0x080020d1   Thumb Code    38  .\objects\dm9051.o(i.dm9051_init)
    dm9051_interrupt_get                     0x080020fd   Thumb Code    26  .\objects\dm9051.o(i.dm9051_interrupt_get)
    dm9051_interrupt_reset                   0x0800211d   Thumb Code     8  .\objects\dm9051.o(i.dm9051_interrupt_reset)
    dm9051_isr_enab                          0x08002125   Thumb Code    24  .\objects\dm9051.o(i.dm9051_isr_enab)
    dm9051_read_regs_info                    0x0800213d   Thumb Code    48  .\objects\dm9051.o(i.dm9051_read_regs_info)
    dm9051_read_rx_pointers                  0x0800216d   Thumb Code    20  .\objects\dm9051.o(i.dm9051_read_rx_pointers)
    dm9051_rx                                0x08002181   Thumb Code    30  .\objects\dm9051.o(i.dm9051_rx)
    dm9051_tx                                0x08002261   Thumb Code    36  .\objects\dm9051.o(i.dm9051_tx)
    dm9051if_uart_config                     0x08002285   Thumb Code    50  .\objects\at32f435_437_board.o(i.dm9051if_uart_config)
    dm9051if_uartpin_config                  0x080022bd   Thumb Code    66  .\objects\at32f435_437_board.o(i.dm9051if_uartpin_config)
    dm_eth_app_mcu_name                      0x08002305   Thumb Code    18  .\objects\hex_dump.o(i.dm_eth_app_mcu_name)
    dm_eth_input_hexdump                     0x0800231d   Thumb Code   182  .\objects\hex_dump.o(i.dm_eth_input_hexdump)
    dm_eth_input_hexdump_reset               0x0800243d   Thumb Code    14  .\objects\hex_dump.o(i.dm_eth_input_hexdump_reset)
    dm_eth_polling_downup                    0x08002451   Thumb Code   106  .\objects\platform_info_uip.o(i.dm_eth_polling_downup)
    dm_eth_show_app_help_info                0x080024c1   Thumb Code    84  .\objects\plat_uip.o(i.dm_eth_show_app_help_info)
    env_chip_id_and_ticks                    0x0800254d   Thumb Code   202  .\objects\dm9051.o(i.env_chip_id_and_ticks)
    env_err_rsthdlr3                         0x080026a9   Thumb Code    56  .\objects\dm9051.o(i.env_err_rsthdlr3)
    env_evaluate_rxb                         0x080026e5   Thumb Code    72  .\objects\dm9051.o(i.env_evaluate_rxb)
    env_evaluate_rxb_zero                    0x08002789   Thumb Code    32  .\objects\dm9051.o(i.env_evaluate_rxb_zero)
    exint_default_para_init                  0x080027a9   Thumb Code    14  .\objects\at32f435_437_exint.o(i.exint_default_para_init)
    exint_flag_clear                         0x080027b9   Thumb Code     6  .\objects\at32f435_437_exint.o(i.exint_flag_clear)
    exint_flag_get                           0x080027c5   Thumb Code    24  .\objects\at32f435_437_exint.o(i.exint_flag_get)
    exint_init                               0x080027e1   Thumb Code   148  .\objects\at32f435_437_exint.o(i.exint_init)
    fputc                                    0x08002879   Thumb Code    32  .\objects\at32f435_437_board.o(i.fputc)
    gpio_bits_reset                          0x08002989   Thumb Code     4  .\objects\at32f435_437_gpio.o(i.gpio_bits_reset)
    gpio_bits_set                            0x0800298d   Thumb Code     4  .\objects\at32f435_437_gpio.o(i.gpio_bits_set)
    gpio_default_para_init                   0x08002991   Thumb Code    20  .\objects\at32f435_437_gpio.o(i.gpio_default_para_init)
    gpio_init                                0x080029a5   Thumb Code   122  .\objects\at32f435_437_gpio.o(i.gpio_init)
    gpio_pin_mux_config                      0x08002a1f   Thumb Code    66  .\objects\at32f435_437_gpio.o(i.gpio_pin_mux_config)
    hal_active_interrupt_desc                0x08002a61   Thumb Code     4  .\objects\dm9051.o(i.hal_active_interrupt_desc)
    hal_active_interrupt_info                0x08002a69   Thumb Code    18  .\objects\dm9051.o(i.hal_active_interrupt_info)
    hal_active_interrupt_mode                0x08002aa9   Thumb Code     4  .\objects\dm9051.o(i.hal_active_interrupt_mode)
    hal_board_spi_info                       0x08002aad   Thumb Code    48  .\objects\at32f437_spi1.o(i.hal_board_spi_info)
    hal_clr_int_event                        0x08002b15   Thumb Code    20  .\objects\at32f437_int7.o(i.hal_clr_int_event)
    hal_enable_mcu_irq                       0x08002b2d   Thumb Code    26  .\objects\at32f437_int7.o(i.hal_enable_mcu_irq)
    hal_get_dm9051_date                      0x08002b4d   Thumb Code     4  .\objects\dm9051.o(i.hal_get_dm9051_date)
    hal_get_dm9051_release_num               0x08002b61   Thumb Code     4  .\objects\dm9051.o(i.hal_get_dm9051_release_num)
    hal_int_initialize                       0x08002b6d   Thumb Code   122  .\objects\at32f437_int7.o(i.hal_int_initialize)
    hal_irqline                              0x08002bfd   Thumb Code     6  .\objects\at32f437_int7.o(i.hal_irqline)
    hal_read_mem                             0x08002c09   Thumb Code    54  .\objects\at32f437_spi1.o(i.hal_read_mem)
    hal_read_reg                             0x08002c3f   Thumb Code    34  .\objects\at32f437_spi1.o(i.hal_read_reg)
    hal_set_int_event                        0x08002c61   Thumb Code    20  .\objects\at32f437_int7.o(i.hal_set_int_event)
    hal_spi_info                             0x08002c79   Thumb Code    10  .\objects\at32f437_spi1.o(i.hal_spi_info)
    hal_spi_initialize                       0x08002c89   Thumb Code   198  .\objects\at32f437_spi1.o(i.hal_spi_initialize)
    hal_spi_speed_info                       0x08002d9d   Thumb Code    60  .\objects\at32f437_spi1.o(i.hal_spi_speed_info)
    hal_write_mem                            0x08002e71   Thumb Code    54  .\objects\at32f437_spi1.o(i.hal_write_mem)
    hal_write_reg                            0x08002ea7   Thumb Code    34  .\objects\at32f437_spi1.o(i.hal_write_reg)
    hat_get_int_event                        0x080033c9   Thumb Code    32  .\objects\at32f437_int7.o(i.hat_get_int_event)
    htons                                    0x08003431   Thumb Code    12  .\objects\uip.o(i.htons)
    httpd_appcall                            0x0800343d   Thumb Code   154  .\objects\httpd.o(i.httpd_appcall)
    httpd_cgi                                0x080034e1   Thumb Code    50  .\objects\httpd-cgi.o(i.httpd_cgi)
    httpd_fs_open                            0x0800351d   Thumb Code    42  .\objects\httpd-fs.o(i.httpd_fs_open)
    httpd_init                               0x0800357d   Thumb Code    12  .\objects\httpd.o(i.httpd_init)
    identified_dhcp_start                    0x08003589   Thumb Code     2  .\objects\plat_uip.o(i.identified_dhcp_start)
    identified_dhcp_stop                     0x0800358b   Thumb Code     2  .\objects\plat_uip.o(i.identified_dhcp_stop)
    identified_eth_mac                       0x0800358d   Thumb Code     4  .\objects\dm9051.o(i.identified_eth_mac)
    identified_tcpip_ip                      0x08003595   Thumb Code     4  .\objects\plat_uip.o(i.identified_tcpip_ip)
    identify_eth_mac                         0x0800359d   Thumb Code    64  .\objects\dm9051.o(i.identify_eth_mac)
    init_setup                               0x080035f1   Thumb Code    32  .\objects\dm9051.o(i.init_setup)
    is_zero_ether_addr                       0x08003645   Thumb Code    22  .\objects\dm9051.o(i.is_zero_ether_addr)
    main                                     0x0800365d   Thumb Code    76  .\objects\main.o(i.main)
    ncr_compl_timeout                        0x080036d9   Thumb Code    44  .\objects\dm9051.o(i.ncr_compl_timeout)
    nvic_irq_enable                          0x08003781   Thumb Code   190  .\objects\at32f435_437_misc.o(i.nvic_irq_enable)
    nvic_priority_group_config               0x08003849   Thumb Code    32  .\objects\at32f435_437_misc.o(i.nvic_priority_group_config)
    one_packet_tocalc                        0x08003871   Thumb Code   114  .\objects\hex_dump.o(i.one_packet_tocalc)
    parse_buf_rx_packet                      0x080038fd   Thumb Code    88  .\objects\hex_dump.o(i.parse_buf_rx_packet)
    platform_if_notify_conn_changed          0x08003979   Thumb Code    82  .\objects\platform_info_uip.o(i.platform_if_notify_conn_changed)
    platform_is_link_up                      0x08003a25   Thumb Code     6  .\objects\platform_info_uip.o(i.platform_is_link_up)
    platform_set_link_down                   0x08003a31   Thumb Code     8  .\objects\platform_info_uip.o(i.platform_set_link_down)
    platform_set_link_up                     0x08003a3d   Thumb Code     8  .\objects\platform_info_uip.o(i.platform_set_link_up)
    print_down                               0x08003a49   Thumb Code    22  .\objects\platform_info_uip.o(i.print_down)
    print_up                                 0x08003a75   Thumb Code    42  .\objects\platform_info_uip.o(i.print_up)
    psock_datalen                            0x08003f11   Thumb Code    12  .\objects\psock.o(i.psock_datalen)
    psock_generator_send                     0x08003f1d   Thumb Code   126  .\objects\psock.o(i.psock_generator_send)
    psock_init                               0x08003fa5   Thumb Code    46  .\objects\psock.o(i.psock_init)
    psock_newdata                            0x08003fd5   Thumb Code    48  .\objects\psock.o(i.psock_newdata)
    psock_readto                             0x08004009   Thumb Code   138  .\objects\psock.o(i.psock_readto)
    psock_send                               0x0800409d   Thumb Code   112  .\objects\psock.o(i.psock_send)
    putc                                     0x0800410d   Thumb Code     4  C:\Keil_v540\ARM\ARMCC\Bin\..\lib\armlib\mc_w.l(putc.o)(i.putc)
    pvPortMalloc                             0x08004111   Thumb Code   338  .\objects\heap_4.o(i.pvPortMalloc)
    pxPortInitialiseStack                    0x0800427d   Thumb Code    38  .\objects\include_port.o(i.pxPortInitialiseStack)
    rx_head_takelen                          0x08004321   Thumb Code    62  .\objects\dm9051.o(i.rx_head_takelen)
    rx_pointers_equ                          0x080043a5   Thumb Code    14  .\objects\dm9051.o(i.rx_pointers_equ)
    scfg_exint_line_config                   0x080043b5   Thumb Code   176  .\objects\at32f435_437_scfg.o(i.scfg_exint_line_config)
    spi_default_para_init                    0x08004b9d   Thumb Code    22  .\objects\at32f435_437_spi.o(i.spi_default_para_init)
    spi_enable                               0x08004bb3   Thumb Code    10  .\objects\at32f435_437_spi.o(i.spi_enable)
    spi_i2s_data_receive                     0x08004bbd   Thumb Code     8  .\objects\at32f435_437_spi.o(i.spi_i2s_data_receive)
    spi_i2s_data_transmit                    0x08004bc5   Thumb Code     4  .\objects\at32f435_437_spi.o(i.spi_i2s_data_transmit)
    spi_i2s_flag_get                         0x08004bc9   Thumb Code    16  .\objects\at32f435_437_spi.o(i.spi_i2s_flag_get)
    spi_init                                 0x08004bd9   Thumb Code   344  .\objects\at32f435_437_spi.o(i.spi_init)
    static_ip_welcome_page                   0x08004d8d   Thumb Code   280  .\objects\plat_uip.o(i.static_ip_welcome_page)
    system_clock_config                      0x08004ff9   Thumb Code   144  .\objects\at32f435_437_clock.o(i.system_clock_config)
    system_core_clock_update                 0x08005095   Thumb Code   666  .\objects\system_at32f435_437.o(i.system_core_clock_update)
    tcp_appcall                              0x0800547d   Thumb Code    32  .\objects\app_call.o(i.tcp_appcall)
    timer_expired                            0x080054a1   Thumb Code    26  .\objects\timer.o(i.timer_expired)
    timer_reset                              0x080054bb   Thumb Code    10  .\objects\timer.o(i.timer_reset)
    timer_set                                0x080054c5   Thumb Code    16  .\objects\timer.o(i.timer_set)
    tx_compl_timeout                         0x080054d5   Thumb Code    54  .\objects\dm9051.o(i.tx_compl_timeout)
    uart_print_init                          0x08005549   Thumb Code    16  .\objects\at32f435_437_board.o(i.uart_print_init)
    udp_appcall                              0x08005559   Thumb Code     8  .\objects\app_call.o(i.udp_appcall)
    uip_add32                                0x08005561   Thumb Code   106  .\objects\uip.o(i.uip_add32)
    uip_arp_arpin                            0x08005615   Thumb Code   216  .\objects\uip_arp.o(i.uip_arp_arpin)
    uip_arp_init                             0x080056fd   Thumb Code    46  .\objects\uip_arp.o(i.uip_arp_init)
    uip_arp_out                              0x08005735   Thumb Code   366  .\objects\uip_arp.o(i.uip_arp_out)
    uip_arp_timer                            0x080058d5   Thumb Code    76  .\objects\uip_arp.o(i.uip_arp_timer)
    uip_init                                 0x08005a51   Thumb Code   136  .\objects\uip.o(i.uip_init)
    uip_ipchksum                             0x08005aed   Thumb Code    30  .\objects\uip.o(i.uip_ipchksum)
    uip_listen                               0x08005b11   Thumb Code    54  .\objects\uip.o(i.uip_listen)
    uip_log                                  0x08005b51   Thumb Code    14  .\objects\uip_ctask.o(i.uip_log)
    uip_process                              0x08005b79   Thumb Code  4718  .\objects\uip.o(i.uip_process)
    uip_send                                 0x08006df5   Thumb Code    38  .\objects\uip.o(i.uip_send)
    uip_tcpchksum                            0x08006e25   Thumb Code    10  .\objects\uip.o(i.uip_tcpchksum)
    uip_udpchksum                            0x08006e2f   Thumb Code    10  .\objects\uip.o(i.uip_udpchksum)
    usart_data_transmit                      0x08006ee5   Thumb Code     8  .\objects\at32f435_437_usart.o(i.usart_data_transmit)
    usart_enable                             0x08006eed   Thumb Code    10  .\objects\at32f435_437_usart.o(i.usart_enable)
    usart_flag_get                           0x08006ef7   Thumb Code    16  .\objects\at32f435_437_usart.o(i.usart_flag_get)
    usart_init                               0x08006f09   Thumb Code   174  .\objects\at32f435_437_usart.o(i.usart_init)
    usart_transmitter_enable                 0x08006fc9   Thumb Code    10  .\objects\at32f435_437_usart.o(i.usart_transmitter_enable)
    uxListRemove                             0x08006fd3   Thumb Code    40  .\objects\list.o(i.uxListRemove)
    vListInitialise                          0x08006ffb   Thumb Code    26  .\objects\list.o(i.vListInitialise)
    vListInitialiseItem                      0x08007015   Thumb Code     6  .\objects\list.o(i.vListInitialiseItem)
    vListInsert                              0x0800701b   Thumb Code    52  .\objects\list.o(i.vListInsert)
    vListInsertEnd                           0x0800704f   Thumb Code    24  .\objects\list.o(i.vListInsertEnd)
    vPortEnterCritical                       0x08007069   Thumb Code    76  .\objects\include_port.o(i.vPortEnterCritical)
    vPortExitCritical                        0x080070bd   Thumb Code    56  .\objects\include_port.o(i.vPortExitCritical)
    vPortFree                                0x080070f9   Thumb Code   150  .\objects\heap_4.o(i.vPortFree)
    vPortSetupTimerInterrupt                 0x0800719d   Thumb Code    36  .\objects\include_port.o(i.vPortSetupTimerInterrupt)
    vTaskStartScheduler                      0x080071c5   Thumb Code   112  .\objects\tasks.o(i.vTaskStartScheduler)
    vTaskSuspendAll                          0x08007255   Thumb Code    12  .\objects\tasks.o(i.vTaskSuspendAll)
    vTaskSwitchContext                       0x08007265   Thumb Code   118  .\objects\tasks.o(i.vTaskSwitchContext)
    validate_macaddr                         0x080072f1   Thumb Code    28  .\objects\dm9051.o(i.validate_macaddr)
    vuIP_Init                                0x0800730d   Thumb Code    52  .\objects\uip_ctask.o(i.vuIP_Init)
    vuIP_Process                             0x08007359   Thumb Code   192  .\objects\uip_ctask.o(i.vuIP_Process)
    vuIP_Task                                0x08007439   Thumb Code    32  .\objects\uip_ctask.o(i.vuIP_Task)
    wrpadiff                                 0x08007459   Thumb Code    20  .\objects\hex_dump.o(i.wrpadiff)
    xPortStartScheduler                      0x0800746d   Thumb Code   330  .\objects\include_port.o(i.xPortStartScheduler)
    xPortSysTickHandler                      0x080075d5   Thumb Code    46  .\objects\include_port.o(i.xPortSysTickHandler)
    xTaskCreate                              0x08007609   Thumb Code    96  .\objects\tasks.o(i.xTaskCreate)
    xTaskDelayUntil                          0x08007669   Thumb Code   202  .\objects\tasks.o(i.xTaskDelayUntil)
    xTaskIncrementTick                       0x08007741   Thumb Code   282  .\objects\tasks.o(i.xTaskIncrementTick)
    xTaskResumeAll                           0x08007889   Thumb Code   224  .\objects\tasks.o(i.xTaskResumeAll)
    uip_ethaddr                              0x080079e8   Data           6  .\objects\uip.o(.constdata)
    file_webMain_shtml                       0x08008b7c   Data          16  .\objects\httpd-fs.o(.constdata)
    http_http                                0x08008b94   Data           8  .\objects\http-strings.o(.constdata)
    http_200                                 0x08008b9c   Data           5  .\objects\http-strings.o(.constdata)
    http_301                                 0x08008ba1   Data           5  .\objects\http-strings.o(.constdata)
    http_302                                 0x08008ba6   Data           5  .\objects\http-strings.o(.constdata)
    http_get                                 0x08008bab   Data           5  .\objects\http-strings.o(.constdata)
    http_10                                  0x08008bb0   Data           9  .\objects\http-strings.o(.constdata)
    http_11                                  0x08008bb9   Data           9  .\objects\http-strings.o(.constdata)
    http_content_type                        0x08008bc2   Data          15  .\objects\http-strings.o(.constdata)
    http_texthtml                            0x08008bd1   Data          10  .\objects\http-strings.o(.constdata)
    http_location                            0x08008bdb   Data          11  .\objects\http-strings.o(.constdata)
    http_host                                0x08008be6   Data           7  .\objects\http-strings.o(.constdata)
    http_crnl                                0x08008bed   Data           3  .\objects\http-strings.o(.constdata)
    http_index_html                          0x08008bf0   Data          12  .\objects\http-strings.o(.constdata)
    http_webMain_html                        0x08008bfc   Data          15  .\objects\http-strings.o(.constdata)
    http_404_html                            0x08008c0b   Data          10  .\objects\http-strings.o(.constdata)
    http_referer                             0x08008c15   Data           9  .\objects\http-strings.o(.constdata)
    http_header_200                          0x08008c1e   Data          84  .\objects\http-strings.o(.constdata)
    http_header_404                          0x08008c72   Data          91  .\objects\http-strings.o(.constdata)
    http_content_type_plain                  0x08008ccd   Data          29  .\objects\http-strings.o(.constdata)
    http_content_type_html                   0x08008cea   Data          28  .\objects\http-strings.o(.constdata)
    http_content_type_css                    0x08008d06   Data          27  .\objects\http-strings.o(.constdata)
    http_content_type_text                   0x08008d21   Data          28  .\objects\http-strings.o(.constdata)
    http_content_type_png                    0x08008d3d   Data          28  .\objects\http-strings.o(.constdata)
    http_content_type_gif                    0x08008d59   Data          28  .\objects\http-strings.o(.constdata)
    http_content_type_jpg                    0x08008d75   Data          29  .\objects\http-strings.o(.constdata)
    http_content_type_binary                 0x08008d92   Data          43  .\objects\http-strings.o(.constdata)
    http_html                                0x08008dbd   Data           6  .\objects\http-strings.o(.constdata)
    http_shtml                               0x08008dc3   Data           7  .\objects\http-strings.o(.constdata)
    http_htm                                 0x08008dca   Data           5  .\objects\http-strings.o(.constdata)
    http_css                                 0x08008dcf   Data           5  .\objects\http-strings.o(.constdata)
    http_png                                 0x08008dd4   Data           5  .\objects\http-strings.o(.constdata)
    http_gif                                 0x08008dd9   Data           5  .\objects\http-strings.o(.constdata)
    http_jpg                                 0x08008dde   Data           5  .\objects\http-strings.o(.constdata)
    http_text                                0x08008de3   Data           5  .\objects\http-strings.o(.constdata)
    http_txt                                 0x08008de8   Data           5  .\objects\http-strings.o(.constdata)
    dm9051_def_inf                           0x08008df0   Data          24  .\objects\dm9051.o(.constdata)
    p1                                       0x08008e28   Data           8  .\objects\at32f437_int7.o(.constdata)
    Region$$Table$$Base                      0x0800943c   Number         0  anon$$obj.o(Region$$Table)
    Region$$Table$$Limit                     0x0800945c   Number         0  anon$$obj.o(Region$$Table)
    Web_LED_FLASH                            0x20000004   Data           4  .\objects\main.o(.data)
    network_handler                          0x20000008   Data           4  .\objects\main.o(.data)
    LED_flag                                 0x20000030   Data           4  .\objects\uip_ctask.o(.data)
    downupcount                              0x20000034   Data           4  .\objects\uip_ctask.o(.data)
    dhcpccount                               0x20000038   Data           4  .\objects\uip_ctask.o(.data)
    led_gpio_port                            0x20000054   Data          12  .\objects\at32f435_437_board.o(.data)
    led_gpio_pin                             0x20000060   Data           6  .\objects\at32f435_437_board.o(.data)
    led_gpio_crm_clk                         0x20000068   Data          12  .\objects\at32f435_437_board.o(.data)
    __stdout                                 0x2000007c   Data           4  .\objects\at32f435_437_board.o(.data)
    uart1_s                                  0x20000080   Data           8  .\objects\at32f435_437_board.o(.data)
    system_core_clock                        0x2000008c   Data           4  .\objects\system_at32f435_437.o(.data)
    pntdatc                                  0x20000090   Data           4  .\objects\system_at32f435_437.o(.data)
    pxCurrentTCB                             0x20000098   Data           4  .\objects\tasks.o(.data)
    uxTopUsedPriority                        0x200000d0   Data           4  .\objects\tasks.o(.data)
    uip_hostaddr                             0x200000fc   Data           4  .\objects\uip.o(.data)
    uip_draddr                               0x20000100   Data           4  .\objects\uip.o(.data)
    uip_netmask                              0x20000104   Data           4  .\objects\uip.o(.data)
    uip_appdata                              0x20000108   Data           4  .\objects\uip.o(.data)
    uip_sappdata                             0x2000010c   Data           4  .\objects\uip.o(.data)
    uip_len                                  0x20000110   Data           2  .\objects\uip.o(.data)
    uip_slen                                 0x20000112   Data           2  .\objects\uip.o(.data)
    uip_flags                                0x20000114   Data           1  .\objects\uip.o(.data)
    uip_conn                                 0x20000118   Data           4  .\objects\uip.o(.data)
    uip_udp_conn                             0x2000011c   Data           4  .\objects\uip.o(.data)
    uip_acc32                                0x20000128   Data           4  .\objects\uip.o(.data)
    dm9051_inf                               0x20000140   Data           4  .\objects\dm9051.o(.data)
    lab_data                                 0x20000144   Data           8  .\objects\dm9051.o(.data)
    lab_inf                                  0x2000014c   Data           4  .\objects\dm9051.o(.data)
    final_mac                                0x20000150   Data           6  .\objects\dm9051.o(.data)
    gkeep_mdra_rds                           0x2000018c   Data           2  .\objects\hex_dump.o(.data)
    mac_name_store                           0x2000018e   Data           8  .\objects\hex_dump.o(.data)
    dm9051_interrupt_event                   0x200001a8   Data           4  .\objects\at32f437_int7.o(.data)
    tracing_init_downup                      0x200001ac   Data           4  .\objects\platform_info_uip.o(.data)
    pntdat                                   0x200001bc   Data         252  .\objects\system_at32f435_437.o(.bss)
    uip_buf                                  0x2000a59c   Data        1602  .\objects\uip.o(.bss)
    uip_conns                                0x2000abe0   Data        1020  .\objects\uip.o(.bss)
    uip_listenports                          0x2000afdc   Data          10  .\objects\uip.o(.bss)
    uip_udp_conns                            0x2000afe8   Data         640  .\objects\uip.o(.bss)
    uip_stat                                 0x2000b268   Data          52  .\objects\uip.o(.bss)
    __initial_sp                             0x2000b838   Data           0  .\objects\startup_at32f435_437.o(STACK)



==============================================================================

Memory Map of the image

  Image Entry point : 0x0800020d

  Load Region LR_IROM1 (Base: 0x08000000, Size: 0x00009618, Max: 0x003f0000, ABSOLUTE, COMPRESSED[0x000094c0])

    Execution Region ER_IROM1 (Exec base: 0x08000000, Load base: 0x08000000, Size: 0x0000945c, Max: 0x003f0000, ABSOLUTE)

    Exec Addr    Load Addr    Size         Type   Attr      Idx    E Section Name        Object

    0x08000000   0x08000000   0x0000020c   Data   RO         5381    RESET               .\objects\startup_at32f435_437.o
    0x0800020c   0x0800020c   0x00000000   Code   RO         7949  * .ARM.Collect$$$$00000000  C:\Keil_v540\ARM\ARMCC\Bin\..\lib\armlib\mc_w.l(entry.o)
    0x0800020c   0x0800020c   0x00000004   Code   RO         8240    .ARM.Collect$$$$00000001  C:\Keil_v540\ARM\ARMCC\Bin\..\lib\armlib\mc_w.l(entry2.o)
    0x08000210   0x08000210   0x00000004   Code   RO         8243    .ARM.Collect$$$$00000004  C:\Keil_v540\ARM\ARMCC\Bin\..\lib\armlib\mc_w.l(entry5.o)
    0x08000214   0x08000214   0x00000000   Code   RO         8245    .ARM.Collect$$$$00000008  C:\Keil_v540\ARM\ARMCC\Bin\..\lib\armlib\mc_w.l(entry7b.o)
    0x08000214   0x08000214   0x00000000   Code   RO         8247    .ARM.Collect$$$$0000000A  C:\Keil_v540\ARM\ARMCC\Bin\..\lib\armlib\mc_w.l(entry8b.o)
    0x08000214   0x08000214   0x00000008   Code   RO         8248    .ARM.Collect$$$$0000000B  C:\Keil_v540\ARM\ARMCC\Bin\..\lib\armlib\mc_w.l(entry9a.o)
    0x0800021c   0x0800021c   0x00000000   Code   RO         8250    .ARM.Collect$$$$0000000D  C:\Keil_v540\ARM\ARMCC\Bin\..\lib\armlib\mc_w.l(entry10a.o)
    0x0800021c   0x0800021c   0x00000000   Code   RO         8252    .ARM.Collect$$$$0000000F  C:\Keil_v540\ARM\ARMCC\Bin\..\lib\armlib\mc_w.l(entry11a.o)
    0x0800021c   0x0800021c   0x00000004   Code   RO         8241    .ARM.Collect$$$$00002712  C:\Keil_v540\ARM\ARMCC\Bin\..\lib\armlib\mc_w.l(entry2.o)
    0x08000220   0x08000220   0x000000be   Code   RO          352    .emb_text           .\objects\include_port.o
    0x080002de   0x080002de   0x00000002   PAD
    0x080002e0   0x080002e0   0x00000024   Code   RO         5382    .text               .\objects\startup_at32f435_437.o
    0x08000304   0x08000304   0x00000024   Code   RO         7954    .text               C:\Keil_v540\ARM\ARMCC\Bin\..\lib\armlib\mc_w.l(rand.o)
    0x08000328   0x08000328   0x00000024   Code   RO         7957    .text               C:\Keil_v540\ARM\ARMCC\Bin\..\lib\armlib\mc_w.l(memcpya.o)
    0x0800034c   0x0800034c   0x00000024   Code   RO         7961    .text               C:\Keil_v540\ARM\ARMCC\Bin\..\lib\armlib\mc_w.l(memseta.o)
    0x08000370   0x08000370   0x00000018   Code   RO         7963    .text               C:\Keil_v540\ARM\ARMCC\Bin\..\lib\armlib\mc_w.l(strncpy.o)
    0x08000388   0x08000388   0x00000014   Code   RO         7965    .text               C:\Keil_v540\ARM\ARMCC\Bin\..\lib\armlib\mc_w.l(strchr.o)
    0x0800039c   0x0800039c   0x0000000e   Code   RO         7967    .text               C:\Keil_v540\ARM\ARMCC\Bin\..\lib\armlib\mc_w.l(strlen.o)
    0x080003aa   0x080003aa   0x0000001c   Code   RO         7969    .text               C:\Keil_v540\ARM\ARMCC\Bin\..\lib\armlib\mc_w.l(strcmp.o)
    0x080003c6   0x080003c6   0x00000012   Code   RO         7971    .text               C:\Keil_v540\ARM\ARMCC\Bin\..\lib\armlib\mc_w.l(strcpy.o)
    0x080003d8   0x080003d8   0x0000001e   Code   RO         7973    .text               C:\Keil_v540\ARM\ARMCC\Bin\..\lib\armlib\mc_w.l(strncmp.o)
    0x080003f6   0x080003f6   0x00000020   Code   RO         7975    .text               C:\Keil_v540\ARM\ARMCC\Bin\..\lib\armlib\mc_w.l(strrchr.o)
    0x08000416   0x08000416   0x0000002c   Code   RO         8254    .text               C:\Keil_v540\ARM\ARMCC\Bin\..\lib\armlib\mc_w.l(uidiv.o)
    0x08000442   0x08000442   0x00000062   Code   RO         8256    .text               C:\Keil_v540\ARM\ARMCC\Bin\..\lib\armlib\mc_w.l(uldiv.o)
    0x080004a4   0x080004a4   0x00000000   Code   RO         8258    .text               C:\Keil_v540\ARM\ARMCC\Bin\..\lib\armlib\mc_w.l(iusefp.o)
    0x080004a4   0x080004a4   0x0000014e   Code   RO         8259    .text               C:\Keil_v540\ARM\ARMCC\Bin\..\lib\armlib\mf_w.l(dadd.o)
    0x080005f2   0x080005f2   0x000000e4   Code   RO         8261    .text               C:\Keil_v540\ARM\ARMCC\Bin\..\lib\armlib\mf_w.l(dmul.o)
    0x080006d6   0x080006d6   0x000000de   Code   RO         8263    .text               C:\Keil_v540\ARM\ARMCC\Bin\..\lib\armlib\mf_w.l(ddiv.o)
    0x080007b4   0x080007b4   0x00000030   Code   RO         8265    .text               C:\Keil_v540\ARM\ARMCC\Bin\..\lib\armlib\mf_w.l(dfixul.o)
    0x080007e4   0x080007e4   0x00000030   Code   RO         8267    .text               C:\Keil_v540\ARM\ARMCC\Bin\..\lib\armlib\mf_w.l(cdrcmple.o)
    0x08000814   0x08000814   0x00000024   Code   RO         8269    .text               C:\Keil_v540\ARM\ARMCC\Bin\..\lib\armlib\mc_w.l(init.o)
    0x08000838   0x08000838   0x0000001e   Code   RO         8271    .text               C:\Keil_v540\ARM\ARMCC\Bin\..\lib\armlib\mc_w.l(llshl.o)
    0x08000856   0x08000856   0x00000020   Code   RO         8273    .text               C:\Keil_v540\ARM\ARMCC\Bin\..\lib\armlib\mc_w.l(llushr.o)
    0x08000876   0x08000876   0x00000024   Code   RO         8275    .text               C:\Keil_v540\ARM\ARMCC\Bin\..\lib\armlib\mc_w.l(llsshr.o)
    0x0800089a   0x0800089a   0x000000ba   Code   RO         8277    .text               C:\Keil_v540\ARM\ARMCC\Bin\..\lib\armlib\mf_w.l(depilogue.o)
    0x08000954   0x08000954   0x00000056   Code   RO         8287    .text               C:\Keil_v540\ARM\ARMCC\Bin\..\lib\armlib\mc_w.l(__dczerorl2.o)
    0x080009aa   0x080009aa   0x00000004   Code   RO          281    i.BusFault_Handler  .\objects\at32f435_437_int.o
    0x080009ae   0x080009ae   0x00000010   Code   RO         7707    i.DM_ETH_Init       .\objects\devif_uip.o
    0x080009be   0x080009be   0x00000002   PAD
    0x080009c0   0x080009c0   0x00000018   Code   RO          435    i.DM_ETH_RXHandler_Poll  .\objects\uip_ctask.o
    0x080009d8   0x080009d8   0x0000003e   Code   RO          436    i.DM_ETH_RXHandler_Route  .\objects\uip_ctask.o
    0x08000a16   0x08000a16   0x0000000e   Code   RO         7446    i.DM_ETH_Read_mdra  .\objects\hex_dump.o
    0x08000a24   0x08000a24   0x00000020   Code   RO         7447    i.DM_ETH_ToCalc_rx_pointers  .\objects\hex_dump.o
    0x08000a44   0x08000a44   0x0000001e   Code   RO         7854    i.DM_Eth_Info_Linkup  .\objects\platform_info_uip.o
    0x08000a62   0x08000a62   0x00000018   Code   RO         7855    i.DM_Eth_Read_Info  .\objects\platform_info_uip.o
    0x08000a7a   0x08000a7a   0x00000002   Code   RO          282    i.DebugMon_Handler  .\objects\at32f435_437_int.o
    0x08000a7c   0x08000a7c   0x00000024   Code   RO         7633    i.EXINT9_5_IRQHandler  .\objects\at32f437_int7.o
    0x08000aa0   0x08000aa0   0x00000004   Code   RO          283    i.HardFault_Handler  .\objects\at32f435_437_int.o
    0x08000aa4   0x08000aa4   0x00000004   Code   RO          284    i.MemManage_Handler  .\objects\at32f435_437_int.o
    0x08000aa8   0x08000aa8   0x00000002   Code   RO          285    i.NMI_Handler       .\objects\at32f435_437_int.o
    0x08000aaa   0x08000aaa   0x0000001a   Code   RO          651    i.RttPrintf         .\objects\rttprintf.o
    0x08000ac4   0x08000ac4   0x0000000c   Code   RO            4    i.SysTick_Handler   .\objects\main.o
    0x08000ad0   0x08000ad0   0x00000090   Code   RO         5343    i.SystemInit        .\objects\system_at32f435_437.o
    0x08000b60   0x08000b60   0x00000004   Code   RO          286    i.UsageFault_Handler  .\objects\at32f435_437_int.o
    0x08000b64   0x08000b64   0x00000020   Code   RO         8212    i.__0printf         C:\Keil_v540\ARM\ARMCC\Bin\..\lib\armlib\mc_w.l(printfa.o)
    0x08000b84   0x08000b84   0x00000030   Code   RO         8213    i.__0snprintf       C:\Keil_v540\ARM\ARMCC\Bin\..\lib\armlib\mc_w.l(printfa.o)
    0x08000bb4   0x08000bb4   0x00000028   Code   RO         8214    i.__0sprintf        C:\Keil_v540\ARM\ARMCC\Bin\..\lib\armlib\mc_w.l(printfa.o)
    0x08000bdc   0x08000bdc   0x0000000e   Code   RO         8281    i.__scatterload_copy  C:\Keil_v540\ARM\ARMCC\Bin\..\lib\armlib\mc_w.l(handlers.o)
    0x08000bea   0x08000bea   0x00000002   Code   RO         8282    i.__scatterload_null  C:\Keil_v540\ARM\ARMCC\Bin\..\lib\armlib\mc_w.l(handlers.o)
    0x08000bec   0x08000bec   0x0000000e   Code   RO         8283    i.__scatterload_zeroinit  C:\Keil_v540\ARM\ARMCC\Bin\..\lib\armlib\mc_w.l(handlers.o)
    0x08000bfa   0x08000bfa   0x00000002   PAD
    0x08000bfc   0x08000bfc   0x00000184   Code   RO         8219    i._fp_digits        C:\Keil_v540\ARM\ARMCC\Bin\..\lib\armlib\mc_w.l(printfa.o)
    0x08000d80   0x08000d80   0x000006dc   Code   RO         8220    i._printf_core      C:\Keil_v540\ARM\ARMCC\Bin\..\lib\armlib\mc_w.l(printfa.o)
    0x0800145c   0x0800145c   0x00000024   Code   RO         8221    i._printf_post_padding  C:\Keil_v540\ARM\ARMCC\Bin\..\lib\armlib\mc_w.l(printfa.o)
    0x08001480   0x08001480   0x0000002e   Code   RO         8222    i._printf_pre_padding  C:\Keil_v540\ARM\ARMCC\Bin\..\lib\armlib\mc_w.l(printfa.o)
    0x080014ae   0x080014ae   0x00000016   Code   RO         8223    i._snputc           C:\Keil_v540\ARM\ARMCC\Bin\..\lib\armlib\mc_w.l(printfa.o)
    0x080014c4   0x080014c4   0x0000000a   Code   RO         8224    i._sputc            C:\Keil_v540\ARM\ARMCC\Bin\..\lib\armlib\mc_w.l(printfa.o)
    0x080014ce   0x080014ce   0x00000066   Code   RO         6543    i.buf_bufto         .\objects\psock.o
    0x08001534   0x08001534   0x00000006   Code   RO         6544    i.buf_setup         .\objects\psock.o
    0x0800153a   0x0800153a   0x00000002   PAD
    0x0800153c   0x0800153c   0x00000014   Code   RO         6838    i.check_force_stop  .\objects\dm9051.o
    0x08001550   0x08001550   0x00000046   Code   RO         6334    i.chksum            .\objects\uip.o
    0x08001596   0x08001596   0x00000008   Code   RO         6615    i.clock_time        .\objects\clock-arch.o
    0x0800159e   0x0800159e   0x00000002   PAD
    0x080015a0   0x080015a0   0x00000054   Code   RO            5    i.create_network_task  .\objects\main.o
    0x080015f4   0x080015f4   0x00000014   Code   RO         1461    i.crm_ahb_div_set   .\objects\at32f435_437_crm.o
    0x08001608   0x08001608   0x00000014   Code   RO         1462    i.crm_apb1_div_set  .\objects\at32f435_437_crm.o
    0x0800161c   0x0800161c   0x00000014   Code   RO         1463    i.crm_apb2_div_set  .\objects\at32f435_437_crm.o
    0x08001630   0x08001630   0x00000028   Code   RO         1464    i.crm_auto_step_mode_enable  .\objects\at32f435_437_crm.o
    0x08001658   0x08001658   0x00000068   Code   RO         1471    i.crm_clock_source_enable  .\objects\at32f435_437_crm.o
    0x080016c0   0x080016c0   0x000000fc   Code   RO         1472    i.crm_clocks_freq_get  .\objects\at32f435_437_crm.o
    0x080017bc   0x080017bc   0x00000030   Code   RO         1477    i.crm_flag_get      .\objects\at32f435_437_crm.o
    0x080017ec   0x080017ec   0x0000002e   Code   RO         1479    i.crm_hext_stable_wait  .\objects\at32f435_437_crm.o
    0x0800181a   0x0800181a   0x00000002   PAD
    0x0800181c   0x0800181c   0x0000004c   Code   RO         1486    i.crm_periph_clock_enable  .\objects\at32f435_437_crm.o
    0x08001868   0x08001868   0x00000034   Code   RO         1489    i.crm_pll_config    .\objects\at32f435_437_crm.o
    0x0800189c   0x0800189c   0x00000074   Code   RO         1491    i.crm_reset         .\objects\at32f435_437_crm.o
    0x08001910   0x08001910   0x00000014   Code   RO         1492    i.crm_sysclk_switch  .\objects\at32f435_437_crm.o
    0x08001924   0x08001924   0x00000010   Code   RO         1493    i.crm_sysclk_switch_status_get  .\objects\at32f435_437_crm.o
    0x08001934   0x08001934   0x00000014   Code   RO         6839    i.cspi_core_reset   .\objects\dm9051.o
    0x08001948   0x08001948   0x0000001c   Code   RO         6840    i.cspi_core_start1  .\objects\dm9051.o
    0x08001964   0x08001964   0x00000008   Code   RO         6841    i.cspi_disble_irq   .\objects\dm9051.o
    0x0800196c   0x0800196c   0x0000000c   Code   RO         6842    i.cspi_enable_irq   .\objects\dm9051.o
    0x08001978   0x08001978   0x0000001a   Code   RO         6843    i.cspi_get_chipid   .\objects\dm9051.o
    0x08001992   0x08001992   0x00000016   Code   RO         6844    i.cspi_get_mrrl     .\objects\dm9051.o
    0x080019a8   0x080019a8   0x00000010   Code   RO         6845    i.cspi_get_par      .\objects\dm9051.o
    0x080019b8   0x080019b8   0x00000016   Code   RO         6846    i.cspi_get_rwpa     .\objects\dm9051.o
    0x080019ce   0x080019ce   0x0000001a   Code   RO         6847    i.cspi_get_status   .\objects\dm9051.o
    0x080019e8   0x080019e8   0x00000100   Code   RO         6848    i.cspi_macaddr_process  .\objects\dm9051.o
    0x08001ae8   0x08001ae8   0x00000014   Code   RO         6849    i.cspi_ncr_reset    .\objects\dm9051.o
    0x08001afc   0x08001afc   0x00000066   Code   RO         6850    i.cspi_phy_read     .\objects\dm9051.o
    0x08001b62   0x08001b62   0x00000060   Code   RO         6851    i.cspi_phy_write    .\objects\dm9051.o
    0x08001bc2   0x08001bc2   0x00000014   Code   RO         6852    i.cspi_phycore_on   .\objects\dm9051.o
    0x08001bd6   0x08001bd6   0x00000026   Code   RO         6853    i.cspi_read_regs    .\objects\dm9051.o
    0x08001bfc   0x08001bfc   0x00000010   Code   RO         6854    i.cspi_read_rxb     .\objects\dm9051.o
    0x08001c0c   0x08001c0c   0x0000001a   Code   RO         6855    i.cspi_rx_head      .\objects\dm9051.o
    0x08001c26   0x08001c26   0x00000020   Code   RO         6856    i.cspi_rx_read      .\objects\dm9051.o
    0x08001c46   0x08001c46   0x00000002   PAD
    0x08001c48   0x08001c48   0x0000004c   Code   RO         6857    i.cspi_rx_ready     .\objects\dm9051.o
    0x08001c94   0x08001c94   0x00000024   Code   RO         6858    i.cspi_set_fcr      .\objects\dm9051.o
    0x08001cb8   0x08001cb8   0x00000008   Code   RO         6859    i.cspi_set_imr      .\objects\dm9051.o
    0x08001cc0   0x08001cc0   0x00000024   Code   RO         6860    i.cspi_set_mar      .\objects\dm9051.o
    0x08001ce4   0x08001ce4   0x00000010   Code   RO         6861    i.cspi_set_par      .\objects\dm9051.o
    0x08001cf4   0x08001cf4   0x0000001a   Code   RO         6862    i.cspi_set_rcr      .\objects\dm9051.o
    0x08001d0e   0x08001d0e   0x00000002   PAD
    0x08001d10   0x08001d10   0x00000020   Code   RO         6863    i.cspi_set_recv     .\objects\dm9051.o
    0x08001d30   0x08001d30   0x00000048   Code   RO         6864    i.cspi_soft_default  .\objects\dm9051.o
    0x08001d78   0x08001d78   0x00000018   Code   RO         6865    i.cspi_tx_len       .\objects\dm9051.o
    0x08001d90   0x08001d90   0x0000000c   Code   RO         6866    i.cspi_tx_packet_len  .\objects\dm9051.o
    0x08001d9c   0x08001d9c   0x00000010   Code   RO         6867    i.cspi_tx_write     .\objects\dm9051.o
    0x08001dac   0x08001dac   0x00000026   Code   RO         6868    i.cspi_write_regs   .\objects\dm9051.o
    0x08001dd2   0x08001dd2   0x00000018   Code   RO         6869    i.ctick_delay_ms    .\objects\dm9051.o
    0x08001dea   0x08001dea   0x00000024   Code   RO         6870    i.ctick_delay_us    .\objects\dm9051.o
    0x08001e0e   0x08001e0e   0x00000002   PAD
    0x08001e10   0x08001e10   0x00000090   Code   RO         7448    i.cyc_packets_tocalc  .\objects\hex_dump.o
    0x08001ea0   0x08001ea0   0x0000005c   Code   RO         6545    i.data_acked        .\objects\psock.o
    0x08001efc   0x08001efc   0x00000002   Code   RO         7451    i.debug_diff_rx_pointers  .\objects\hex_dump.o
    0x08001efe   0x08001efe   0x00000002   PAD
    0x08001f00   0x08001f00   0x00000038   Code   RO         7453    i.diff_rx_e         .\objects\hex_dump.o
    0x08001f38   0x08001f38   0x00000038   Code   RO         7454    i.diff_rx_pointers_e  .\objects\hex_dump.o
    0x08001f70   0x08001f70   0x0000001c   Code   RO         7455    i.diff_rx_pointers_s  .\objects\hex_dump.o
    0x08001f8c   0x08001f8c   0x00000014   Code   RO         7456    i.diff_rx_s         .\objects\hex_dump.o
    0x08001fa0   0x08001fa0   0x00000044   Code   RO          437    i.display_input_mode  .\objects\uip_ctask.o
    0x08001fe4   0x08001fe4   0x00000038   Code   RO            6    i.dm9051_boards_heartbeat_now  .\objects\main.o
    0x0800201c   0x0800201c   0x00000010   Code   RO            7    i.dm9051_boards_heartbeat_tick  .\objects\main.o
    0x0800202c   0x0800202c   0x00000034   Code   RO         6871    i.dm9051_clock_time  .\objects\dm9051.o
    0x08002060   0x08002060   0x00000034   Code   RO         6872    i.dm9051_conf       .\objects\dm9051.o
    0x08002094   0x08002094   0x00000014   Code   RO         7457    i.dm9051_config_app_mcu_name  .\objects\hex_dump.o
    0x080020a8   0x080020a8   0x0000000c   Code   RO         6874    i.dm9051_imr_disab  .\objects\dm9051.o
    0x080020b4   0x080020b4   0x0000001a   Code   RO         6875    i.dm9051_imr_enab   .\objects\dm9051.o
    0x080020ce   0x080020ce   0x00000002   PAD
    0x080020d0   0x080020d0   0x0000002c   Code   RO         6877    i.dm9051_init       .\objects\dm9051.o
    0x080020fc   0x080020fc   0x00000020   Code   RO         6878    i.dm9051_interrupt_get  .\objects\dm9051.o
    0x0800211c   0x0800211c   0x00000008   Code   RO         6879    i.dm9051_interrupt_reset  .\objects\dm9051.o
    0x08002124   0x08002124   0x00000018   Code   RO         6880    i.dm9051_isr_enab   .\objects\dm9051.o
    0x0800213c   0x0800213c   0x00000030   Code   RO         6882    i.dm9051_read_regs_info  .\objects\dm9051.o
    0x0800216c   0x0800216c   0x00000014   Code   RO         6883    i.dm9051_read_rx_pointers  .\objects\dm9051.o
    0x08002180   0x08002180   0x0000001e   Code   RO         6884    i.dm9051_rx         .\objects\dm9051.o
    0x0800219e   0x0800219e   0x00000002   PAD
    0x080021a0   0x080021a0   0x000000c0   Code   RO         6888    i.dm9051_show_rxbstatistic  .\objects\dm9051.o
    0x08002260   0x08002260   0x00000024   Code   RO         6890    i.dm9051_tx         .\objects\dm9051.o
    0x08002284   0x08002284   0x00000038   Code   RO          712    i.dm9051if_uart_config  .\objects\at32f435_437_board.o
    0x080022bc   0x080022bc   0x00000048   Code   RO          713    i.dm9051if_uartpin_config  .\objects\at32f435_437_board.o
    0x08002304   0x08002304   0x00000018   Code   RO         7458    i.dm_eth_app_mcu_name  .\objects\hex_dump.o
    0x0800231c   0x0800231c   0x00000120   Code   RO         7459    i.dm_eth_input_hexdump  .\objects\hex_dump.o
    0x0800243c   0x0800243c   0x00000014   Code   RO         7460    i.dm_eth_input_hexdump_reset  .\objects\hex_dump.o
    0x08002450   0x08002450   0x00000070   Code   RO         7856    i.dm_eth_polling_downup  .\objects\platform_info_uip.o
    0x080024c0   0x080024c0   0x0000008c   Code   RO         7762    i.dm_eth_show_app_help_info  .\objects\plat_uip.o
    0x0800254c   0x0800254c   0x0000015c   Code   RO         6893    i.env_chip_id_and_ticks  .\objects\dm9051.o
    0x080026a8   0x080026a8   0x0000003c   Code   RO         6894    i.env_err_rsthdlr3  .\objects\dm9051.o
    0x080026e4   0x080026e4   0x000000a4   Code   RO         6895    i.env_evaluate_rxb  .\objects\dm9051.o
    0x08002788   0x08002788   0x00000020   Code   RO         6896    i.env_evaluate_rxb_zero  .\objects\dm9051.o
    0x080027a8   0x080027a8   0x0000000e   Code   RO         2758    i.exint_default_para_init  .\objects\at32f435_437_exint.o
    0x080027b6   0x080027b6   0x00000002   PAD
    0x080027b8   0x080027b8   0x0000000c   Code   RO         2760    i.exint_flag_clear  .\objects\at32f435_437_exint.o
    0x080027c4   0x080027c4   0x0000001c   Code   RO         2761    i.exint_flag_get    .\objects\at32f435_437_exint.o
    0x080027e0   0x080027e0   0x00000098   Code   RO         2762    i.exint_init        .\objects\at32f435_437_exint.o
    0x08002878   0x08002878   0x00000024   Code   RO          714    i.fputc             .\objects\at32f435_437_board.o
    0x0800289c   0x0800289c   0x00000048   Code   RO         6679    i.generate_part_of_file  .\objects\httpd.o
    0x080028e4   0x080028e4   0x000000a4   Code   RO         6797    i.generate_sys_stats  .\objects\httpd-cgi.o
    0x08002988   0x08002988   0x00000004   Code   RO         3095    i.gpio_bits_reset   .\objects\at32f435_437_gpio.o
    0x0800298c   0x0800298c   0x00000004   Code   RO         3096    i.gpio_bits_set     .\objects\at32f435_437_gpio.o
    0x08002990   0x08002990   0x00000014   Code   RO         3098    i.gpio_default_para_init  .\objects\at32f435_437_gpio.o
    0x080029a4   0x080029a4   0x0000007a   Code   RO         3099    i.gpio_init         .\objects\at32f435_437_gpio.o
    0x08002a1e   0x08002a1e   0x00000042   Code   RO         3104    i.gpio_pin_mux_config  .\objects\at32f435_437_gpio.o
    0x08002a60   0x08002a60   0x00000008   Code   RO         6898    i.hal_active_interrupt_desc  .\objects\dm9051.o
    0x08002a68   0x08002a68   0x00000040   Code   RO         6899    i.hal_active_interrupt_info  .\objects\dm9051.o
    0x08002aa8   0x08002aa8   0x00000004   Code   RO         6900    i.hal_active_interrupt_mode  .\objects\dm9051.o
    0x08002aac   0x08002aac   0x00000068   Code   RO         7336    i.hal_board_spi_info  .\objects\at32f437_spi1.o
    0x08002b14   0x08002b14   0x00000018   Code   RO         7634    i.hal_clr_int_event  .\objects\at32f437_int7.o
    0x08002b2c   0x08002b2c   0x00000020   Code   RO         7636    i.hal_enable_mcu_irq  .\objects\at32f437_int7.o
    0x08002b4c   0x08002b4c   0x00000014   Code   RO         6901    i.hal_get_dm9051_date  .\objects\dm9051.o
    0x08002b60   0x08002b60   0x0000000c   Code   RO         6902    i.hal_get_dm9051_release_num  .\objects\dm9051.o
    0x08002b6c   0x08002b6c   0x00000090   Code   RO         7638    i.hal_int_initialize  .\objects\at32f437_int7.o
    0x08002bfc   0x08002bfc   0x0000000c   Code   RO         7639    i.hal_irqline       .\objects\at32f437_int7.o
    0x08002c08   0x08002c08   0x00000036   Code   RO         7337    i.hal_read_mem      .\objects\at32f437_spi1.o
    0x08002c3e   0x08002c3e   0x00000022   Code   RO         7338    i.hal_read_reg      .\objects\at32f437_spi1.o
    0x08002c60   0x08002c60   0x00000018   Code   RO         7640    i.hal_set_int_event  .\objects\at32f437_int7.o
    0x08002c78   0x08002c78   0x00000010   Code   RO         7339    i.hal_spi_info      .\objects\at32f437_spi1.o
    0x08002c88   0x08002c88   0x000000e0   Code   RO         7340    i.hal_spi_initialize  .\objects\at32f437_spi1.o
    0x08002d68   0x08002d68   0x00000034   Code   RO         7341    i.hal_spi_readxfer  .\objects\at32f437_spi1.o
    0x08002d9c   0x08002d9c   0x00000074   Code   RO         7342    i.hal_spi_speed_info  .\objects\at32f437_spi1.o
    0x08002e10   0x08002e10   0x00000038   Code   RO         7343    i.hal_spi_writexfer  .\objects\at32f437_spi1.o
    0x08002e48   0x08002e48   0x00000014   Code   RO         7344    i.hal_stdpin_hi     .\objects\at32f437_spi1.o
    0x08002e5c   0x08002e5c   0x00000014   Code   RO         7345    i.hal_stdpin_lo     .\objects\at32f437_spi1.o
    0x08002e70   0x08002e70   0x00000036   Code   RO         7346    i.hal_write_mem     .\objects\at32f437_spi1.o
    0x08002ea6   0x08002ea6   0x00000022   Code   RO         7347    i.hal_write_reg     .\objects\at32f437_spi1.o
    0x08002ec8   0x08002ec8   0x0000001a   Code   RO         6680    i.handle_connection  .\objects\httpd.o
    0x08002ee2   0x08002ee2   0x00000002   PAD
    0x08002ee4   0x08002ee4   0x00000184   Code   RO         6681    i.handle_input      .\objects\httpd.o
    0x08003068   0x08003068   0x00000184   Code   RO         6682    i.handle_output     .\objects\httpd.o
    0x080031ec   0x080031ec   0x00000060   Code   RO          441    i.handle_packet     .\objects\uip_ctask.o
    0x0800324c   0x0800324c   0x0000017c   Code   RO         6683    i.handle_script     .\objects\httpd.o
    0x080033c8   0x080033c8   0x00000024   Code   RO         7641    i.hat_get_int_event  .\objects\at32f437_int7.o
    0x080033ec   0x080033ec   0x00000044   Code   RO         7467    i.hex_limit_dump0   .\objects\hex_dump.o
    0x08003430   0x08003430   0x0000000c   Code   RO         6335    i.htons             .\objects\uip.o
    0x0800343c   0x0800343c   0x000000a4   Code   RO         6684    i.httpd_appcall     .\objects\httpd.o
    0x080034e0   0x080034e0   0x0000003c   Code   RO         6798    i.httpd_cgi         .\objects\httpd-cgi.o
    0x0800351c   0x0800351c   0x00000030   Code   RO         6763    i.httpd_fs_open     .\objects\httpd-fs.o
    0x0800354c   0x0800354c   0x00000030   Code   RO         6764    i.httpd_fs_strcmp   .\objects\httpd-fs.o
    0x0800357c   0x0800357c   0x0000000c   Code   RO         6685    i.httpd_init        .\objects\httpd.o
    0x08003588   0x08003588   0x00000002   Code   RO         7767    i.identified_dhcp_start  .\objects\plat_uip.o
    0x0800358a   0x0800358a   0x00000002   Code   RO         7768    i.identified_dhcp_stop  .\objects\plat_uip.o
    0x0800358c   0x0800358c   0x00000008   Code   RO         6903    i.identified_eth_mac  .\objects\dm9051.o
    0x08003594   0x08003594   0x00000008   Code   RO         7770    i.identified_tcpip_ip  .\objects\plat_uip.o
    0x0800359c   0x0800359c   0x00000044   Code   RO         6904    i.identify_eth_mac  .\objects\dm9051.o
    0x080035e0   0x080035e0   0x00000010   Code   RO          442    i.inc_interrupt_count  .\objects\uip_ctask.o
    0x080035f0   0x080035f0   0x00000024   Code   RO         6905    i.init_setup        .\objects\dm9051.o
    0x08003614   0x08003614   0x00000030   Code   RO          443    i.input_packet      .\objects\uip_ctask.o
    0x08003644   0x08003644   0x00000016   Code   RO         6907    i.is_zero_ether_addr  .\objects\dm9051.o
    0x0800365a   0x0800365a   0x00000002   PAD
    0x0800365c   0x0800365c   0x0000007c   Code   RO           10    i.main              .\objects\main.o
    0x080036d8   0x080036d8   0x0000006c   Code   RO         6908    i.ncr_compl_timeout  .\objects\dm9051.o
    0x08003744   0x08003744   0x00000022   Code   RO         6686    i.next_scriptstate  .\objects\httpd.o
    0x08003766   0x08003766   0x0000001a   Code   RO         6799    i.nullfunction      .\objects\httpd-cgi.o
    0x08003780   0x08003780   0x000000c8   Code   RO         3456    i.nvic_irq_enable   .\objects\at32f435_437_misc.o
    0x08003848   0x08003848   0x00000028   Code   RO         3458    i.nvic_priority_group_config  .\objects\at32f435_437_misc.o
    0x08003870   0x08003870   0x0000008c   Code   RO         7468    i.one_packet_tocalc  .\objects\hex_dump.o
    0x080038fc   0x080038fc   0x0000007c   Code   RO         7469    i.parse_buf_rx_packet  .\objects\hex_dump.o
    0x08003978   0x08003978   0x000000ac   Code   RO         7859    i.platform_if_notify_conn_changed  .\objects\platform_info_uip.o
    0x08003a24   0x08003a24   0x0000000c   Code   RO         7860    i.platform_is_link_up  .\objects\platform_info_uip.o
    0x08003a30   0x08003a30   0x0000000c   Code   RO         7861    i.platform_set_link_down  .\objects\platform_info_uip.o
    0x08003a3c   0x08003a3c   0x0000000c   Code   RO         7862    i.platform_set_link_up  .\objects\platform_info_uip.o
    0x08003a48   0x08003a48   0x0000002c   Code   RO         7863    i.print_down        .\objects\platform_info_uip.o
    0x08003a74   0x08003a74   0x0000004c   Code   RO         7864    i.print_up          .\objects\platform_info_uip.o
    0x08003ac0   0x08003ac0   0x00000098   Code   RO         5893    i.prvAddCurrentTaskToDelayedList  .\objects\tasks.o
    0x08003b58   0x08003b58   0x000000b8   Code   RO         5894    i.prvAddNewTaskToReadyList  .\objects\tasks.o
    0x08003c10   0x08003c10   0x00000048   Code   RO         5895    i.prvCheckTasksWaitingTermination  .\objects\tasks.o
    0x08003c58   0x08003c58   0x00000012   Code   RO         5896    i.prvDeleteTCB      .\objects\tasks.o
    0x08003c6a   0x08003c6a   0x00000002   PAD
    0x08003c6c   0x08003c6c   0x0000007c   Code   RO         6267    i.prvHeapInit       .\objects\heap_4.o
    0x08003ce8   0x08003ce8   0x00000028   Code   RO         5897    i.prvIdleTask       .\objects\tasks.o
    0x08003d10   0x08003d10   0x000000be   Code   RO         5898    i.prvInitialiseNewTask  .\objects\tasks.o
    0x08003dce   0x08003dce   0x00000002   PAD
    0x08003dd0   0x08003dd0   0x00000068   Code   RO         5899    i.prvInitialiseTaskLists  .\objects\tasks.o
    0x08003e38   0x08003e38   0x00000068   Code   RO         6268    i.prvInsertBlockIntoFreeList  .\objects\heap_4.o
    0x08003ea0   0x08003ea0   0x00000030   Code   RO         5901    i.prvResetNextTaskUnblockTime  .\objects\tasks.o
    0x08003ed0   0x08003ed0   0x00000040   Code   RO          353    i.prvTaskExitError  .\objects\include_port.o
    0x08003f10   0x08003f10   0x0000000c   Code   RO         6546    i.psock_datalen     .\objects\psock.o
    0x08003f1c   0x08003f1c   0x00000088   Code   RO         6547    i.psock_generator_send  .\objects\psock.o
    0x08003fa4   0x08003fa4   0x0000002e   Code   RO         6548    i.psock_init        .\objects\psock.o
    0x08003fd2   0x08003fd2   0x00000002   PAD
    0x08003fd4   0x08003fd4   0x00000034   Code   RO         6549    i.psock_newdata     .\objects\psock.o
    0x08004008   0x08004008   0x00000094   Code   RO         6551    i.psock_readto      .\objects\psock.o
    0x0800409c   0x0800409c   0x00000070   Code   RO         6552    i.psock_send        .\objects\psock.o
    0x0800410c   0x0800410c   0x00000004   Code   RO         7952    i.putc              C:\Keil_v540\ARM\ARMCC\Bin\..\lib\armlib\mc_w.l(putc.o)
    0x08004110   0x08004110   0x0000016c   Code   RO         6269    i.pvPortMalloc      .\objects\heap_4.o
    0x0800427c   0x0800427c   0x0000002c   Code   RO          354    i.pxPortInitialiseStack  .\objects\include_port.o
    0x080042a8   0x080042a8   0x00000064   Code   RO         6909    i.ret_fire_time     .\objects\dm9051.o
    0x0800430c   0x0800430c   0x00000012   Code   RO         7471    i.room_printf_space  .\objects\hex_dump.o
    0x0800431e   0x0800431e   0x00000002   PAD
    0x08004320   0x08004320   0x00000084   Code   RO         6910    i.rx_head_takelen   .\objects\dm9051.o
    0x080043a4   0x080043a4   0x0000000e   Code   RO         6911    i.rx_pointers_equ   .\objects\dm9051.o
    0x080043b2   0x080043b2   0x00000002   PAD
    0x080043b4   0x080043b4   0x000000b4   Code   RO         3742    i.scfg_exint_line_config  .\objects\at32f435_437_scfg.o
    0x08004468   0x08004468   0x00000050   Code   RO         6553    i.send_data         .\objects\psock.o
    0x080044b8   0x080044b8   0x00000060   Code   RO         6687    i.send_file         .\objects\httpd.o
    0x08004518   0x08004518   0x0000020c   Code   RO         6688    i.send_headers      .\objects\httpd.o
    0x08004724   0x08004724   0x0000043c   Code   RO         6689    i.send_led_file     .\objects\httpd.o
    0x08004b60   0x08004b60   0x0000003c   Code   RO         6690    i.send_part_of_file  .\objects\httpd.o
    0x08004b9c   0x08004b9c   0x00000016   Code   RO         3995    i.spi_default_para_init  .\objects\at32f435_437_spi.o
    0x08004bb2   0x08004bb2   0x0000000a   Code   RO         3996    i.spi_enable        .\objects\at32f435_437_spi.o
    0x08004bbc   0x08004bbc   0x00000008   Code   RO         4000    i.spi_i2s_data_receive  .\objects\at32f435_437_spi.o
    0x08004bc4   0x08004bc4   0x00000004   Code   RO         4001    i.spi_i2s_data_transmit  .\objects\at32f435_437_spi.o
    0x08004bc8   0x08004bc8   0x00000010   Code   RO         4005    i.spi_i2s_flag_get  .\objects\at32f435_437_spi.o
    0x08004bd8   0x08004bd8   0x00000158   Code   RO         4008    i.spi_init          .\objects\at32f435_437_spi.o
    0x08004d30   0x08004d30   0x00000050   Code   RO         7472    i.sprint_headspace_dump0  .\objects\hex_dump.o
    0x08004d80   0x08004d80   0x0000000a   Code   RO         7473    i.sprint_hex_dump0  .\objects\hex_dump.o
    0x08004d8a   0x08004d8a   0x00000002   PAD
    0x08004d8c   0x08004d8c   0x0000020c   Code   RO         7773    i.static_ip_welcome_page  .\objects\plat_uip.o
    0x08004f98   0x08004f98   0x00000060   Code   RO         6800    i.sys_stats         .\objects\httpd-cgi.o
    0x08004ff8   0x08004ff8   0x0000009c   Code   RO          257    i.system_clock_config  .\objects\at32f435_437_clock.o
    0x08005094   0x08005094   0x000003e8   Code   RO         5344    i.system_core_clock_update  .\objects\system_at32f435_437.o
    0x0800547c   0x0800547c   0x00000024   Code   RO          627    i.tcp_appcall       .\objects\app_call.o
    0x080054a0   0x080054a0   0x0000001a   Code   RO         6507    i.timer_expired     .\objects\timer.o
    0x080054ba   0x080054ba   0x0000000a   Code   RO         6508    i.timer_reset       .\objects\timer.o
    0x080054c4   0x080054c4   0x00000010   Code   RO         6510    i.timer_set         .\objects\timer.o
    0x080054d4   0x080054d4   0x00000074   Code   RO         6912    i.tx_compl_timeout  .\objects\dm9051.o
    0x08005548   0x08005548   0x00000010   Code   RO          715    i.uart_print_init   .\objects\at32f435_437_board.o
    0x08005558   0x08005558   0x00000008   Code   RO          628    i.udp_appcall       .\objects\app_call.o
    0x08005560   0x08005560   0x00000070   Code   RO         6336    i.uip_add32         .\objects\uip.o
    0x080055d0   0x080055d0   0x00000044   Code   RO         6337    i.uip_add_rcv_nxt   .\objects\uip.o
    0x08005614   0x08005614   0x000000e8   Code   RO         6457    i.uip_arp_arpin     .\objects\uip_arp.o
    0x080056fc   0x080056fc   0x00000038   Code   RO         6458    i.uip_arp_init      .\objects\uip_arp.o
    0x08005734   0x08005734   0x000001a0   Code   RO         6459    i.uip_arp_out       .\objects\uip_arp.o
    0x080058d4   0x080058d4   0x00000058   Code   RO         6460    i.uip_arp_timer     .\objects\uip_arp.o
    0x0800592c   0x0800592c   0x00000124   Code   RO         6461    i.uip_arp_update    .\objects\uip_arp.o
    0x08005a50   0x08005a50   0x0000009c   Code   RO         6340    i.uip_init          .\objects\uip.o
    0x08005aec   0x08005aec   0x00000024   Code   RO         6341    i.uip_ipchksum      .\objects\uip.o
    0x08005b10   0x08005b10   0x00000040   Code   RO         6342    i.uip_listen        .\objects\uip.o
    0x08005b50   0x08005b50   0x00000028   Code   RO          446    i.uip_log           .\objects\uip_ctask.o
    0x08005b78   0x08005b78   0x0000127c   Code   RO         6343    i.uip_process       .\objects\uip.o
    0x08006df4   0x08006df4   0x00000030   Code   RO         6344    i.uip_send          .\objects\uip.o
    0x08006e24   0x08006e24   0x0000000a   Code   RO         6346    i.uip_tcpchksum     .\objects\uip.o
    0x08006e2e   0x08006e2e   0x0000000a   Code   RO         6348    i.uip_udpchksum     .\objects\uip.o
    0x08006e38   0x08006e38   0x00000064   Code   RO          447    i.uip_update_ip_config  .\objects\uip_ctask.o
    0x08006e9c   0x08006e9c   0x00000048   Code   RO         6350    i.upper_layer_chksum  .\objects\uip.o
    0x08006ee4   0x08006ee4   0x00000008   Code   RO         4520    i.usart_data_transmit  .\objects\at32f435_437_usart.o
    0x08006eec   0x08006eec   0x0000000a   Code   RO         4524    i.usart_enable      .\objects\at32f435_437_usart.o
    0x08006ef6   0x08006ef6   0x00000010   Code   RO         4526    i.usart_flag_get    .\objects\at32f435_437_usart.o
    0x08006f06   0x08006f06   0x00000002   PAD
    0x08006f08   0x08006f08   0x000000c0   Code   RO         4529    i.usart_init        .\objects\at32f435_437_usart.o
    0x08006fc8   0x08006fc8   0x0000000a   Code   RO         4546    i.usart_transmitter_enable  .\objects\at32f435_437_usart.o
    0x08006fd2   0x08006fd2   0x00000028   Code   RO         5500    i.uxListRemove      .\objects\list.o
    0x08006ffa   0x08006ffa   0x0000001a   Code   RO         5501    i.vListInitialise   .\objects\list.o
    0x08007014   0x08007014   0x00000006   Code   RO         5502    i.vListInitialiseItem  .\objects\list.o
    0x0800701a   0x0800701a   0x00000034   Code   RO         5503    i.vListInsert       .\objects\list.o
    0x0800704e   0x0800704e   0x00000018   Code   RO         5504    i.vListInsertEnd    .\objects\list.o
    0x08007066   0x08007066   0x00000002   PAD
    0x08007068   0x08007068   0x00000054   Code   RO          356    i.vPortEnterCritical  .\objects\include_port.o
    0x080070bc   0x080070bc   0x0000003c   Code   RO          357    i.vPortExitCritical  .\objects\include_port.o
    0x080070f8   0x080070f8   0x000000a4   Code   RO         6270    i.vPortFree         .\objects\heap_4.o
    0x0800719c   0x0800719c   0x00000028   Code   RO          358    i.vPortSetupTimerInterrupt  .\objects\include_port.o
    0x080071c4   0x080071c4   0x00000090   Code   RO         5930    i.vTaskStartScheduler  .\objects\tasks.o
    0x08007254   0x08007254   0x00000010   Code   RO         5932    i.vTaskSuspendAll   .\objects\tasks.o
    0x08007264   0x08007264   0x0000008c   Code   RO         5933    i.vTaskSwitchContext  .\objects\tasks.o
    0x080072f0   0x080072f0   0x0000001c   Code   RO         6914    i.validate_macaddr  .\objects\dm9051.o
    0x0800730c   0x0800730c   0x0000004c   Code   RO          449    i.vuIP_Init         .\objects\uip_ctask.o
    0x08007358   0x08007358   0x000000e0   Code   RO          450    i.vuIP_Process      .\objects\uip_ctask.o
    0x08007438   0x08007438   0x00000020   Code   RO          451    i.vuIP_Task         .\objects\uip_ctask.o
    0x08007458   0x08007458   0x00000014   Code   RO         7475    i.wrpadiff          .\objects\hex_dump.o
    0x0800746c   0x0800746c   0x00000168   Code   RO          360    i.xPortStartScheduler  .\objects\include_port.o
    0x080075d4   0x080075d4   0x00000034   Code   RO          361    i.xPortSysTickHandler  .\objects\include_port.o
    0x08007608   0x08007608   0x00000060   Code   RO         5936    i.xTaskCreate       .\objects\tasks.o
    0x08007668   0x08007668   0x000000d8   Code   RO         5937    i.xTaskDelayUntil   .\objects\tasks.o
    0x08007740   0x08007740   0x00000148   Code   RO         5945    i.xTaskIncrementTick  .\objects\tasks.o
    0x08007888   0x08007888   0x00000104   Code   RO         5949    i.xTaskResumeAll    .\objects\tasks.o
    0x0800798c   0x0800798c   0x00000018   Data   RO          458    .constdata          .\objects\uip_ctask.o
    0x080079a4   0x080079a4   0x00000026   Data   RO         1496    .constdata          .\objects\at32f435_437_crm.o
    0x080079ca   0x080079ca   0x00000016   Data   RO         5346    .constdata          .\objects\system_at32f435_437.o
    0x080079e0   0x080079e0   0x0000000e   Data   RO         6352    .constdata          .\objects\uip.o
    0x080079ee   0x080079ee   0x0000000a   Data   RO         6463    .constdata          .\objects\uip_arp.o
    0x080079f8   0x080079f8   0x00001194   Data   RO         6765    .constdata          .\objects\httpd-fs.o
    0x08008b8c   0x08008b8c   0x00000008   Data   RO         6801    .constdata          .\objects\httpd-cgi.o
    0x08008b94   0x08008b94   0x00000259   Data   RO         6828    .constdata          .\objects\http-strings.o
    0x08008ded   0x08008ded   0x00000003   PAD
    0x08008df0   0x08008df0   0x00000018   Data   RO         6917    .constdata          .\objects\dm9051.o
    0x08008e08   0x08008e08   0x0000000e   Data   RO         7350    .constdata          .\objects\at32f437_spi1.o
    0x08008e16   0x08008e16   0x00000002   PAD
    0x08008e18   0x08008e18   0x00000018   Data   RO         7642    .constdata          .\objects\at32f437_int7.o
    0x08008e30   0x08008e30   0x00000047   Data   RO          459    .conststring        .\objects\uip_ctask.o
    0x08008e77   0x08008e77   0x00000001   PAD
    0x08008e78   0x08008e78   0x00000088   Data   RO         5347    .conststring        .\objects\system_at32f435_437.o
    0x08008f00   0x08008f00   0x0000011f   Data   RO         6691    .conststring        .\objects\httpd.o
    0x0800901f   0x0800901f   0x00000001   PAD
    0x08009020   0x08009020   0x00000222   Data   RO         6802    .conststring        .\objects\httpd-cgi.o
    0x08009242   0x08009242   0x00000002   PAD
    0x08009244   0x08009244   0x0000005d   Data   RO         6918    .conststring        .\objects\dm9051.o
    0x080092a1   0x080092a1   0x00000003   PAD
    0x080092a4   0x080092a4   0x00000039   Data   RO         7351    .conststring        .\objects\at32f437_spi1.o
    0x080092dd   0x080092dd   0x00000003   PAD
    0x080092e0   0x080092e0   0x00000096   Data   RO         7478    .conststring        .\objects\hex_dump.o
    0x08009376   0x08009376   0x00000002   PAD
    0x08009378   0x08009378   0x00000024   Data   RO         7643    .conststring        .\objects\at32f437_int7.o
    0x0800939c   0x0800939c   0x0000009e   Data   RO         7867    .conststring        .\objects\platform_info_uip.o
    0x0800943a   0x0800943a   0x00000002   PAD
    0x0800943c   0x0800943c   0x00000020   Data   RO         8279    Region$$Table       anon$$obj.o


    Execution Region RW_IRAM1 (Exec base: 0x20000000, Load base: 0x0800945c, Size: 0x0000b838, Max: 0x00060000, ABSOLUTE, COMPRESSED[0x00000064])

    Exec Addr    Load Addr    Size         Type   Attr      Idx    E Section Name        Object

    0x20000000   COMPRESSED   0x00000018   Data   RW           13    .data               .\objects\main.o
    0x20000018   COMPRESSED   0x00000010   Data   RW          362    .data               .\objects\include_port.o
    0x20000028   COMPRESSED   0x0000002c   Data   RW          460    .data               .\objects\uip_ctask.o
    0x20000054   COMPRESSED   0x00000035   Data   RW          716    .data               .\objects\at32f435_437_board.o
    0x20000089   COMPRESSED   0x00000003   PAD
    0x2000008c   COMPRESSED   0x00000008   Data   RW         5348    .data               .\objects\system_at32f435_437.o
    0x20000094   COMPRESSED   0x00000044   Data   RW         5952    .data               .\objects\tasks.o
    0x200000d8   COMPRESSED   0x00000024   Data   RW         6276    .data               .\objects\heap_4.o
    0x200000fc   COMPRESSED   0x00000034   Data   RW         6353    .data               .\objects\uip.o
    0x20000130   COMPRESSED   0x00000008   Data   RW         6464    .data               .\objects\uip_arp.o
    0x20000138   COMPRESSED   0x00000008   Data   RW         6803    .data               .\objects\httpd-cgi.o
    0x20000140   COMPRESSED   0x00000024   Data   RW         6919    .data               .\objects\dm9051.o
    0x20000164   COMPRESSED   0x00000014   Data   RW         7352    .data               .\objects\at32f437_spi1.o
    0x20000178   COMPRESSED   0x00000028   Data   RW         7479    .data               .\objects\hex_dump.o
    0x200001a0   COMPRESSED   0x0000000c   Data   RW         7644    .data               .\objects\at32f437_int7.o
    0x200001ac   COMPRESSED   0x0000000c   Data   RW         7868    .data               .\objects\platform_info_uip.o
    0x200001b8   COMPRESSED   0x00000004   Data   RW         7955    .data               C:\Keil_v540\ARM\ARMCC\Bin\..\lib\armlib\mc_w.l(rand.o)
    0x200001bc        -       0x000000fc   Zero   RW         5345    .bss                .\objects\system_at32f435_437.o
    0x200002b8        -       0x000002e4   Zero   RW         5951    .bss                .\objects\tasks.o
    0x2000059c        -       0x0000a000   Zero   RW         6275    .bss                .\objects\heap_4.o
    0x2000a59c        -       0x00000d00   Zero   RW         6351    .bss                .\objects\uip.o
    0x2000b29c        -       0x00000060   Zero   RW         6462    .bss                .\objects\uip_arp.o
    0x2000b2fc        -       0x0000013a   Zero   RW         6916    .bss                .\objects\dm9051.o
    0x2000b436   COMPRESSED   0x00000002   PAD
    0x2000b438        -       0x00000400   Zero   RW         5379    STACK               .\objects\startup_at32f435_437.o


==============================================================================

Image component sizes


      Code (inc. data)   RO Data    RW Data    ZI Data      Debug   Object Name

        44          4          0          0          0        960   .\objects\app_call.o
       180         16          0         53          0       5373   .\objects\at32f435_437_board.o
       156         12          0          0          0        590   .\objects\at32f435_437_clock.o
       830        104         38          0          0       8712   .\objects\at32f435_437_crm.o
       206         14          0          0          0       2859   .\objects\at32f435_437_exint.o
       216          0          0          0          0       3673   .\objects\at32f435_437_gpio.o
        20          0          0          0          0       2845   .\objects\at32f435_437_int.o
       240         18          0          0          0      32126   .\objects\at32f435_437_misc.o
       180          4          0          0          0        713   .\objects\at32f435_437_scfg.o
       404          0          0          0          0       4210   .\objects\at32f435_437_spi.o
       236         18          0          0          0       3766   .\objects\at32f435_437_usart.o
       308         46         60         12          0       5458   .\objects\at32f437_int7.o
       784        166         71         20          0      11300   .\objects\at32f437_spi1.o
         8          0          0          0          0        505   .\objects\clock-arch.o
        16          0          0          0          0       1086   .\objects\devif_uip.o
      3178        754        117         36        314      48444   .\objects\dm9051.o
         0          0          0          0          0       6260   .\objects\event_groups.o
       756         74          0         36      40960       7567   .\objects\heap_4.o
      1164        262        150         40          0      18123   .\objects\hex_dump.o
         0          0        601          0          0       2279   .\objects\http-strings.o
       346         44        554          8          0       3384   .\objects\httpd-cgi.o
        96          6       4500          0          0       2717   .\objects\httpd-fs.o
      3228        518        287          0          0       9893   .\objects\httpd.o
       894         78          0         16          0      11324   .\objects\include_port.o
       148          0          0          0          0       3634   .\objects\list.o
       292        114          0         24          0      75136   .\objects\main.o
       676        304          0          0          0       3398   .\objects\plat_uip.o
       494        166        158         12          0       7346   .\objects\platform_info_uip.o
       786         44          0          0          0       7424   .\objects\psock.o
        26          0          0          0          0       1124   .\objects\rttprintf.o
        36          8        524          0       1024        932   .\objects\startup_at32f435_437.o
      1144        352        158          8        252       2911   .\objects\system_at32f435_437.o
         0          0          0          0          0       1476   .\objects\tapdev.o
      2008        272          0         68        740      22316   .\objects\tasks.o
        52          0          0          0          0       1930   .\objects\timer.o
      5390        684         14         52       3328      19067   .\objects\uip.o
      1084        108         10          8         96      13010   .\objects\uip_arp.o
       786        150         95         44          0      14828   .\objects\uip_ctask.o

    ----------------------------------------------------------------------
     26456       4340       7388        440      46716     368699   Object Totals
         0          0         32          0          0          0   (incl. Generated)
        44          0         19          3          2          0   (incl. Padding)

    ----------------------------------------------------------------------

      Code (inc. data)   RO Data    RW Data    ZI Data      Debug   Library Member Name

        86          0          0          0          0          0   C:\Keil_v540\ARM\ARMCC\Bin\..\lib\armlib\mc_w.l(__dczerorl2.o)
         0          0          0          0          0          0   C:\Keil_v540\ARM\ARMCC\Bin\..\lib\armlib\mc_w.l(entry.o)
         0          0          0          0          0          0   C:\Keil_v540\ARM\ARMCC\Bin\..\lib\armlib\mc_w.l(entry10a.o)
         0          0          0          0          0          0   C:\Keil_v540\ARM\ARMCC\Bin\..\lib\armlib\mc_w.l(entry11a.o)
         8          4          0          0          0          0   C:\Keil_v540\ARM\ARMCC\Bin\..\lib\armlib\mc_w.l(entry2.o)
         4          0          0          0          0          0   C:\Keil_v540\ARM\ARMCC\Bin\..\lib\armlib\mc_w.l(entry5.o)
         0          0          0          0          0          0   C:\Keil_v540\ARM\ARMCC\Bin\..\lib\armlib\mc_w.l(entry7b.o)
         0          0          0          0          0          0   C:\Keil_v540\ARM\ARMCC\Bin\..\lib\armlib\mc_w.l(entry8b.o)
         8          4          0          0          0          0   C:\Keil_v540\ARM\ARMCC\Bin\..\lib\armlib\mc_w.l(entry9a.o)
        30          0          0          0          0          0   C:\Keil_v540\ARM\ARMCC\Bin\..\lib\armlib\mc_w.l(handlers.o)
        36          8          0          0          0         68   C:\Keil_v540\ARM\ARMCC\Bin\..\lib\armlib\mc_w.l(init.o)
         0          0          0          0          0          0   C:\Keil_v540\ARM\ARMCC\Bin\..\lib\armlib\mc_w.l(iusefp.o)
        30          0          0          0          0         68   C:\Keil_v540\ARM\ARMCC\Bin\..\lib\armlib\mc_w.l(llshl.o)
        36          0          0          0          0         68   C:\Keil_v540\ARM\ARMCC\Bin\..\lib\armlib\mc_w.l(llsshr.o)
        32          0          0          0          0         68   C:\Keil_v540\ARM\ARMCC\Bin\..\lib\armlib\mc_w.l(llushr.o)
        36          0          0          0          0         68   C:\Keil_v540\ARM\ARMCC\Bin\..\lib\armlib\mc_w.l(memcpya.o)
        36          0          0          0          0        108   C:\Keil_v540\ARM\ARMCC\Bin\..\lib\armlib\mc_w.l(memseta.o)
      2378        100          0          0          0        756   C:\Keil_v540\ARM\ARMCC\Bin\..\lib\armlib\mc_w.l(printfa.o)
         4          0          0          0          0         68   C:\Keil_v540\ARM\ARMCC\Bin\..\lib\armlib\mc_w.l(putc.o)
        36         10          0          4          0        136   C:\Keil_v540\ARM\ARMCC\Bin\..\lib\armlib\mc_w.l(rand.o)
        20          0          0          0          0         68   C:\Keil_v540\ARM\ARMCC\Bin\..\lib\armlib\mc_w.l(strchr.o)
        28          0          0          0          0         76   C:\Keil_v540\ARM\ARMCC\Bin\..\lib\armlib\mc_w.l(strcmp.o)
        18          0          0          0          0         68   C:\Keil_v540\ARM\ARMCC\Bin\..\lib\armlib\mc_w.l(strcpy.o)
        14          0          0          0          0         68   C:\Keil_v540\ARM\ARMCC\Bin\..\lib\armlib\mc_w.l(strlen.o)
        30          0          0          0          0         80   C:\Keil_v540\ARM\ARMCC\Bin\..\lib\armlib\mc_w.l(strncmp.o)
        24          0          0          0          0         76   C:\Keil_v540\ARM\ARMCC\Bin\..\lib\armlib\mc_w.l(strncpy.o)
        32          0          0          0          0         68   C:\Keil_v540\ARM\ARMCC\Bin\..\lib\armlib\mc_w.l(strrchr.o)
        44          0          0          0          0         80   C:\Keil_v540\ARM\ARMCC\Bin\..\lib\armlib\mc_w.l(uidiv.o)
        98          0          0          0          0         92   C:\Keil_v540\ARM\ARMCC\Bin\..\lib\armlib\mc_w.l(uldiv.o)
        48          0          0          0          0         68   C:\Keil_v540\ARM\ARMCC\Bin\..\lib\armlib\mf_w.l(cdrcmple.o)
       334          0          0          0          0        148   C:\Keil_v540\ARM\ARMCC\Bin\..\lib\armlib\mf_w.l(dadd.o)
       222          0          0          0          0        100   C:\Keil_v540\ARM\ARMCC\Bin\..\lib\armlib\mf_w.l(ddiv.o)
       186          0          0          0          0        176   C:\Keil_v540\ARM\ARMCC\Bin\..\lib\armlib\mf_w.l(depilogue.o)
        48          0          0          0          0         68   C:\Keil_v540\ARM\ARMCC\Bin\..\lib\armlib\mf_w.l(dfixul.o)
       228          0          0          0          0         96   C:\Keil_v540\ARM\ARMCC\Bin\..\lib\armlib\mf_w.l(dmul.o)

    ----------------------------------------------------------------------
      4136        126          0          4          0       2740   Library Totals
         2          0          0          0          0          0   (incl. Padding)

    ----------------------------------------------------------------------

      Code (inc. data)   RO Data    RW Data    ZI Data      Debug   Library Name

      3068        126          0          4          0       2084   C:\Keil_v540\ARM\ARMCC\Bin\..\lib\armlib\mc_w.l
      1066          0          0          0          0        656   C:\Keil_v540\ARM\ARMCC\Bin\..\lib\armlib\mf_w.l

    ----------------------------------------------------------------------
      4136        126          0          4          0       2740   Library Totals

    ----------------------------------------------------------------------

==============================================================================


      Code (inc. data)   RO Data    RW Data    ZI Data      Debug   

     30592       4466       7388        444      46716     344115   Grand Totals
     30592       4466       7388        100      46716     344115   ELF Image Totals (compressed)
     30592       4466       7388        100          0          0   ROM Totals

==============================================================================

    Total RO  Size (Code + RO Data)                37980 (  37.09kB)
    Total RW  Size (RW Data + ZI Data)             47160 (  46.05kB)
    Total ROM Size (Code + RO Data + RW Data)      38080 (  37.19kB)

==============================================================================

