Component: ARM Compiler 5.06 update 5 (build 528) Tool: armlink [4d35e2]

==============================================================================

Section Cross References

    at32f435_437_clock.o(i.system_clock_config) refers to at32f435_437_crm.o(i.crm_periph_clock_enable) for crm_periph_clock_enable
    at32f435_437_clock.o(i.system_clock_config) refers to at32f435_437_crm.o(i.crm_reset) for crm_reset
    at32f435_437_clock.o(i.system_clock_config) refers to at32f435_437_crm.o(i.crm_clock_source_enable) for crm_clock_source_enable
    at32f435_437_clock.o(i.system_clock_config) refers to at32f435_437_crm.o(i.crm_hext_stable_wait) for crm_hext_stable_wait
    at32f435_437_clock.o(i.system_clock_config) refers to at32f435_437_crm.o(i.crm_pll_config) for crm_pll_config
    at32f435_437_clock.o(i.system_clock_config) refers to at32f435_437_crm.o(i.crm_flag_get) for crm_flag_get
    at32f435_437_clock.o(i.system_clock_config) refers to at32f435_437_crm.o(i.crm_ahb_div_set) for crm_ahb_div_set
    at32f435_437_clock.o(i.system_clock_config) refers to at32f435_437_crm.o(i.crm_apb2_div_set) for crm_apb2_div_set
    at32f435_437_clock.o(i.system_clock_config) refers to at32f435_437_crm.o(i.crm_apb1_div_set) for crm_apb1_div_set
    at32f435_437_clock.o(i.system_clock_config) refers to at32f435_437_crm.o(i.crm_auto_step_mode_enable) for crm_auto_step_mode_enable
    at32f435_437_clock.o(i.system_clock_config) refers to at32f435_437_crm.o(i.crm_sysclk_switch) for crm_sysclk_switch
    at32f435_437_clock.o(i.system_clock_config) refers to at32f435_437_crm.o(i.crm_sysclk_switch_status_get) for crm_sysclk_switch_status_get
    at32f435_437_clock.o(i.system_clock_config) refers to system_at32f435_437.o(i.system_core_clock_update) for system_core_clock_update
    at32f435_437_clock.o(i.system_timer_init) refers to system_at32f435_437.o(.data) for system_core_clock
    at32f435_437_int.o(i.SysTick_Handler) refers to netconf_emac.o(i.time_update) for time_update
    main.o(i.board_init) refers to at32f435_437_misc.o(i.nvic_priority_group_config) for nvic_priority_group_config
    main.o(i.board_init) refers to at32f435_437_clock.o(i.system_clock_config) for system_clock_config
    main.o(i.board_init) refers to at32f435_437_board.o(i.uart_print_init) for uart_print_init
    main.o(i.board_init) refers to at32f435_437_board.o(i.delay_init) for delay_init
    main.o(i.board_init) refers to at32f435_437_board.o(i.at32_led_init) for at32_led_init
    main.o(i.dm_version_info) refers to _printf_percent.o(.ARM.Collect$$_printf_percent$$00000000) for _printf_percent
    main.o(i.dm_version_info) refers to _printf_s.o(.ARM.Collect$$_printf_percent$$00000014) for _printf_s
    main.o(i.dm_version_info) refers to _printf_str.o(.text) for _printf_str
    main.o(i.dm_version_info) refers to __2sprintf.o(.text) for __2sprintf
    main.o(i.dm_version_info) refers to __2printf.o(.text) for __2printf
    main.o(i.dm_version_info) refers to main.o(i.ver_string_get) for ver_string_get
    main.o(i.dm_version_info) refers to main.o(.bss) for version_string
    main.o(i.dump_data) refers to _printf_pad.o(.text) for _printf_pre_padding
    main.o(i.dump_data) refers to _printf_percent.o(.ARM.Collect$$_printf_percent$$00000000) for _printf_percent
    main.o(i.dump_data) refers to _printf_u.o(.ARM.Collect$$_printf_percent$$0000000A) for _printf_u
    main.o(i.dump_data) refers to _printf_dec.o(.text) for _printf_int_dec
    main.o(i.dump_data) refers to _printf_x.o(.ARM.Collect$$_printf_percent$$0000000C) for _printf_x
    main.o(i.dump_data) refers to _printf_hex_int.o(.text) for _printf_longlong_hex
    main.o(i.dump_data) refers to _printf_s.o(.ARM.Collect$$_printf_percent$$00000014) for _printf_s
    main.o(i.dump_data) refers to _printf_str.o(.text) for _printf_str
    main.o(i.dump_data) refers to __2sprintf.o(.text) for __2sprintf
    main.o(i.dump_data) refers to __2printf.o(.text) for __2printf
    main.o(i.dump_data) refers to main.o(.data) for link_log_reset_allow_num_dump_data
    main.o(i.lwip_periodic_handle) refers to tcp.o(i.tcp_tmr) for tcp_tmr
    main.o(i.lwip_periodic_handle) refers to etharp.o(i.etharp_tmr) for etharp_tmr
    main.o(i.lwip_periodic_handle) refers to main.o(.data) for local_time
    main.o(i.lwip_periodic_link) refers to _printf_percent.o(.ARM.Collect$$_printf_percent$$00000000) for _printf_percent
    main.o(i.lwip_periodic_link) refers to _printf_d.o(.ARM.Collect$$_printf_percent$$00000009) for _printf_d
    main.o(i.lwip_periodic_link) refers to _printf_dec.o(.text) for _printf_int_dec
    main.o(i.lwip_periodic_link) refers to main.o(i.tcpip_stack_netif) for tcpip_stack_netif
    main.o(i.lwip_periodic_link) refers to platform_info_lwip.o(i.dm_eth_polling_downup) for dm_eth_polling_downup
    main.o(i.lwip_periodic_link) refers to __2printf.o(.text) for __2printf
    main.o(i.lwip_periodic_link) refers to ethernetif_v51.o(i.ethernetif_polling_downup) for ethernetif_polling_downup
[...]
    sys_timeouts_init                        0x08007f21   Thumb Code    30  timeouts.o(i.sys_timeouts_init)
    system_clock_config                      0x08007f49   Thumb Code   144  at32f435_437_clock.o(i.system_clock_config)
    system_core_clock_update                 0x08007fe5   Thumb Code   214  system_at32f435_437.o(i.system_core_clock_update)
    system_timer_init                        0x080080d5   Thumb Code    92  at32f435_437_clock.o(i.system_timer_init)
    systick_clock_source_config              0x0800813d   Thumb Code    40  at32f435_437_misc.o(i.systick_clock_source_config)
    tcp_abandon                              0x08008165   Thumb Code   240  tcp.o(i.tcp_abandon)
    tcp_abort                                0x08008265   Thumb Code    14  tcp.o(i.tcp_abort)
    tcp_accept                               0x08008273   Thumb Code    16  tcp.o(i.tcp_accept)
    tcp_alloc                                0x08008299   Thumb Code   272  tcp.o(i.tcp_alloc)
    tcp_arg                                  0x080083bd   Thumb Code     6  tcp.o(i.tcp_arg)
    tcp_bind                                 0x080083c5   Thumb Code   168  tcp.o(i.tcp_bind)
    tcp_close                                0x08008479   Thumb Code    48  tcp.o(i.tcp_close)
    tcp_eff_send_mss_netif                   0x08008789   Thumb Code    48  tcp.o(i.tcp_eff_send_mss_netif)
    tcp_enqueue_flags                        0x080087b9   Thumb Code   278  tcp_out.o(i.tcp_enqueue_flags)
    tcp_err                                  0x080088d5   Thumb Code     8  tcp.o(i.tcp_err)
    tcp_fasttmr                              0x080088dd   Thumb Code   150  tcp.o(i.tcp_fasttmr)
    tcp_free                                 0x08008981   Thumb Code    14  tcp.o(i.tcp_free)
    tcp_free_ooseq                           0x08008a23   Thumb Code    20  tcp.o(i.tcp_free_ooseq)
    tcp_init                                 0x08008ab9   Thumb Code     2  tcp.o(i.tcp_init)
    tcp_input                                0x08008abd   Thumb Code  1594  tcp_in.o(i.tcp_input)
    tcp_keepalive                            0x08009175   Thumb Code    94  tcp_out.o(i.tcp_keepalive)
    tcp_listen_with_backlog                  0x0800947d   Thumb Code    18  tcp.o(i.tcp_listen_with_backlog)
    tcp_listen_with_backlog_and_err          0x08009491   Thumb Code   206  tcp.o(i.tcp_listen_with_backlog_and_err)
    tcp_netif_ip_addr_changed                0x0800956d   Thumb Code    64  tcp.o(i.tcp_netif_ip_addr_changed)
    tcp_new_ip_type                          0x080095e7   Thumb Code    16  tcp.o(i.tcp_new_ip_type)
    tcp_next_iss                             0x08009661   Thumb Code    22  tcp.o(i.tcp_next_iss)
    tcp_output                               0x08009711   Thumb Code   610  tcp_out.o(i.tcp_output)
    tcp_pcb_purge                            0x08009d1b   Thumb Code   112  tcp.o(i.tcp_pcb_purge)
    tcp_pcb_remove                           0x08009d8b   Thumb Code   106  tcp.o(i.tcp_pcb_remove)
    tcp_poll                                 0x08009df5   Thumb Code    18  tcp.o(i.tcp_poll)
    tcp_process_refused_data                 0x0800a3f9   Thumb Code   170  tcp.o(i.tcp_process_refused_data)
    tcp_recv                                 0x0800ae41   Thumb Code     8  tcp.o(i.tcp_recv)
    tcp_recv_null                            0x0800ae49   Thumb Code    58  tcp.o(i.tcp_recv_null)
    tcp_recved                               0x0800ae83   Thumb Code    94  tcp.o(i.tcp_recved)
    tcp_rexmit                               0x0800aef9   Thumb Code   134  tcp_out.o(i.tcp_rexmit)
    tcp_rexmit_fast                          0x0800af85   Thumb Code   124  tcp_out.o(i.tcp_rexmit_fast)
    tcp_rexmit_rto                           0x0800b001   Thumb Code    20  tcp_out.o(i.tcp_rexmit_rto)
    tcp_rexmit_rto_commit                    0x0800b015   Thumb Code    30  tcp_out.o(i.tcp_rexmit_rto_commit)
    tcp_rexmit_rto_prepare                   0x0800b033   Thumb Code   142  tcp_out.o(i.tcp_rexmit_rto_prepare)
    tcp_rst                                  0x0800b0e1   Thumb Code   116  tcp_out.o(i.tcp_rst)
    tcp_seg_copy                             0x0800b159   Thumb Code    38  tcp.o(i.tcp_seg_copy)
    tcp_seg_free                             0x0800b17f   Thumb Code    26  tcp.o(i.tcp_seg_free)
    tcp_segs_free                            0x0800b199   Thumb Code    24  tcp.o(i.tcp_segs_free)
    tcp_send_empty_ack                       0x0800b1b1   Thumb Code   172  tcp_out.o(i.tcp_send_empty_ack)
    tcp_send_fin                             0x0800b25d   Thumb Code    78  tcp_out.o(i.tcp_send_fin)
    tcp_sent                                 0x0800b2ab   Thumb Code     8  tcp.o(i.tcp_sent)
    tcp_setprio                              0x0800b2b3   Thumb Code    14  tcp.o(i.tcp_setprio)
    tcp_slowtmr                              0x0800b2c1   Thumb Code  1036  tcp.o(i.tcp_slowtmr)
    tcp_split_unsent_seg                     0x0800b6cd   Thumb Code   430  tcp_out.o(i.tcp_split_unsent_seg)
    tcp_timer_needed                         0x0800b881   Thumb Code    38  timeouts.o(i.tcp_timer_needed)
    tcp_tmr                                  0x0800b965   Thumb Code    30  tcp.o(i.tcp_tmr)
    tcp_trigger_input_pcb_close              0x0800b989   Thumb Code    14  tcp_in.o(i.tcp_trigger_input_pcb_close)
    tcp_update_rcv_ann_wnd                   0x0800b99d   Thumb Code    74  tcp.o(i.tcp_update_rcv_ann_wnd)
    tcp_write                                0x0800b9e9   Thumb Code  1140  tcp_out.o(i.tcp_write)
    tcp_zero_window_probe                    0x0800bee5   Thumb Code   236  tcp_out.o(i.tcp_zero_window_probe)
    tcpip_stack_init_E                       0x0800bfd1   Thumb Code   172  netconf_emac.o(i.tcpip_stack_init_E)
    tcpip_stack_netif                        0x0800c10d   Thumb Code     4  main.o(i.tcpip_stack_netif)
    time_update                              0x0800c14d   Thumb Code    12  netconf_emac.o(i.time_update)
    tx_compl_timeout                         0x0800c15d   Thumb Code    54  dm9051.o(i.tx_compl_timeout)
    tx_manager_dispatch_w                    0x0800c1d1   Thumb Code    16  devif_lwip.o(i.tx_manager_dispatch_w)
    uart_print_init                          0x0800c1e1   Thumb Code   104  at32f435_437_board.o(i.uart_print_init)
    udp_init                                 0x0800c255   Thumb Code     2  udp.o(i.udp_init)
    udp_input                                0x0800c259   Thumb Code   642  udp.o(i.udp_input)
    udp_netif_ip_addr_changed                0x0800c549   Thumb Code    42  udp.o(i.udp_netif_ip_addr_changed)
    usart_data_transmit                      0x0800c579   Thumb Code     8  at32f435_437_usart.o(i.usart_data_transmit)
    usart_enable                             0x0800c581   Thumb Code    10  at32f435_437_usart.o(i.usart_enable)
    usart_flag_get                           0x0800c58b   Thumb Code    16  at32f435_437_usart.o(i.usart_flag_get)
    usart_init                               0x0800c59d   Thumb Code   162  at32f435_437_usart.o(i.usart_init)
    usart_transmitter_enable                 0x0800c649   Thumb Code    10  at32f435_437_usart.o(i.usart_transmitter_enable)
    validate_macaddr                         0x0800c653   Thumb Code    28  dm9051.o(i.validate_macaddr)
    _get_lc_ctype                            0x0800c671   Thumb Code    44  lc_ctype_c.o(locale$$code)
    _fp_init                                 0x0800c69d   Thumb Code    10  fpinit.o(x$fpl$fpinit)
    __fplib_config_fpu_vfp                   0x0800c6a5   Thumb Code     0  fpinit.o(x$fpl$fpinit)
    __fplib_config_pureend_doubles           0x0800c6a5   Thumb Code     0  fpinit.o(x$fpl$fpinit)
    ethbroadcast                             0x0800c6fa   Data           6  ethernet.o(.constdata)
    ethzero                                  0x0800c700   Data           6  ethernet.o(.constdata)
    ip_addr_any                              0x0800c708   Data           4  ip4_addr.o(.constdata)
    ip_addr_broadcast                        0x0800c70c   Data           4  ip4_addr.o(.constdata)
    memp_RAW_PCB                             0x0800c710   Data          20  memp.o(.constdata)
    memp_UDP_PCB                             0x0800c724   Data          20  memp.o(.constdata)
    memp_TCP_PCB                             0x0800c738   Data          20  memp.o(.constdata)
    memp_TCP_PCB_LISTEN                      0x0800c74c   Data          20  memp.o(.constdata)
    memp_TCP_SEG                             0x0800c760   Data          20  memp.o(.constdata)
    memp_REASSDATA                           0x0800c774   Data          20  memp.o(.constdata)
    memp_FRAG_PBUF                           0x0800c788   Data          20  memp.o(.constdata)
    memp_IGMP_GROUP                          0x0800c79c   Data          20  memp.o(.constdata)
    memp_SYS_TIMEOUT                         0x0800c7b0   Data          20  memp.o(.constdata)
    memp_PBUF                                0x0800c7c4   Data          20  memp.o(.constdata)
    memp_PBUF_POOL                           0x0800c7d8   Data          20  memp.o(.constdata)
    memp_pools                               0x0800c7ec   Data          44  memp.o(.constdata)
    tcp_pcb_lists                            0x0800c858   Data          16  tcp.o(.constdata)
    lwip_cyclic_timers                       0x0800c868   Data          32  timeouts.o(.constdata)
    lwip_num_cyclic_timers                   0x0800c888   Data           4  timeouts.o(.constdata)
    dm9051_def_inf                           0x0800c88c   Data          24  dm9051.o(.constdata)
    p1                                       0x0800c8c4   Data           8  at32f437_int7.o(.constdata)
    data__contributor_html                   0x0800d0a5   Data        1363  fs_jjdynamic.o(.constdata)
    file__404_html                           0x08012920   Data          20  fs_jjdynamic.o(.constdata)
    file__contributor_html                   0x08012934   Data          20  fs_jjdynamic.o(.constdata)
    file__favicon_ico                        0x08012948   Data          20  fs_jjdynamic.o(.constdata)
    file__index_html                         0x0801295c   Data          20  fs_jjdynamic.o(.constdata)
    file__logo_jpg                           0x08012970   Data          20  fs_jjdynamic.o(.constdata)
    file__style2_css                         0x08012984   Data          20  fs_jjdynamic.o(.constdata)
    Region$$Table$$Base                      0x08012d90   Number         0  anon$$obj.o(Region$$Table)
    Region$$Table$$Limit                     0x08012db0   Number         0  anon$$obj.o(Region$$Table)
    __ctype                                  0x08012dbd   Data           0  lc_ctype_c.o(locale$$data)
    tcp_timer                                0x20000000   Data           4  main.o(.data)
    arp_timer                                0x20000004   Data           4  main.o(.data)
    link_timer                               0x20000008   Data           4  main.o(.data)
    g_speed                                  0x2000000c   Data           1  main.o(.data)
    local_time                               0x20000010   Data           4  main.o(.data)
    rxhdl_v51                                0x20000014   Data           4  main.o(.data)
    netif_v51_ready                          0x20000018   Data           4  main.o(.data)
    led_gpio_port                            0x20000030   Data          12  at32f435_437_board.o(.data)
    led_gpio_pin                             0x2000003c   Data           6  at32f435_437_board.o(.data)
    led_gpio_crm_clk                         0x20000044   Data          12  at32f435_437_board.o(.data)
    __stdout                                 0x20000058   Data           4  at32f435_437_board.o(.data)
    system_core_clock                        0x20000060   Data           4  system_at32f435_437.o(.data)
    netif_list                               0x200000b8   Data           4  netif.o(.data)
    netif_default                            0x200000bc   Data           4  netif.o(.data)
    pbuf_free_ooseq_pending                  0x200000c2   Data           1  pbuf.o(.data)
    lwip_sys_now                             0x200000c8   Data           4  sys_arch.o(.data)
    tcp_ticks                                0x200000d0   Data           4  tcp.o(.data)
    tcp_bound_pcbs                           0x200000d4   Data           4  tcp.o(.data)
    tcp_listen_pcbs                          0x200000d8   Data           4  tcp.o(.data)
    tcp_active_pcbs                          0x200000dc   Data           4  tcp.o(.data)
    tcp_tw_pcbs                              0x200000e0   Data           4  tcp.o(.data)
    tcp_active_pcbs_changed                  0x200000e4   Data           1  tcp.o(.data)
    tcp_input_pcb                            0x20000110   Data           4  tcp_in.o(.data)
    udp_pcbs                                 0x20000124   Data           4  udp.o(.data)
    lwip_set_MACaddr                         0x20000128   Data           4  ethernetif_v51.o(.data)
    dm9051_inf                               0x20000130   Data           4  dm9051.o(.data)
    lab_data                                 0x20000134   Data           8  dm9051.o(.data)
    lab_inf                                  0x2000013c   Data           4  dm9051.o(.data)
    final_mac                                0x20000140   Data           6  dm9051.o(.data)
    dm9051_interrupt_event                   0x20000170   Data           4  at32f437_int7.o(.data)
    gkeep_mdra_rds                           0x20000188   Data           2  hex_dump.o(.data)
    mac_name_store                           0x2000018a   Data           8  hex_dump.o(.data)
    plat_netif                               0x2000019c   Data           4  plat_lwip.o(.data)
    tracing_init_downup                      0x200001a8   Data           4  platform_info_lwip.o(.data)
    netif_emac                               0x20000208   Data         124  main.o(.bss)
    netif_v51                                0x20000284   Data         124  main.o(.bss)
    EthBuff                                  0x2000033c   Data        2002  netconf.o(.bss)
    ip_data                                  0x20000c00   Data          24  ip.o(.bss)
    ram_heap                                 0x20000c18   Data       20499  mem.o(.bss)
    memp_memory_RAW_PCB_base                 0x20005c2c   Data         115  memp.o(.bss)
    memp_memory_UDP_PCB_base                 0x20005cb0   Data         163  memp.o(.bss)
    memp_memory_TCP_PCB_base                 0x20005d64   Data         783  memp.o(.bss)
    memp_memory_TCP_PCB_LISTEN_base          0x20006084   Data         227  memp.o(.bss)
    memp_memory_TCP_SEG_base                 0x20006178   Data         243  memp.o(.bss)
    memp_memory_REASSDATA_base               0x2000627c   Data         163  memp.o(.bss)
    memp_memory_FRAG_PBUF_base               0x20006330   Data         483  memp.o(.bss)
    memp_memory_IGMP_GROUP_base              0x20006524   Data         131  memp.o(.bss)
    memp_memory_SYS_TIMEOUT_base             0x200065b8   Data         195  memp.o(.bss)
    memp_memory_PBUF_base                    0x2000668c   Data         387  memp.o(.bss)
    memp_memory_PBUF_POOL_base               0x20006820   Data       20243  memp.o(.bss)
    lwip_stats                               0x2000b7c0   Data         448  stats.o(.bss)
    _random_number_data                      0x2000bf10   Data         228  rand.o(.bss)
    __libspace_start                         0x2000bff4   Data          96  libspace.o(.bss)
    __temporary_stack_top$libspace           0x2000c054   Data           0  libspace.o(.bss)



==============================================================================

Memory Map of the image

  Image Entry point : 0x0800020d

  Load Region LR_IROM1 (Base: 0x08000000, Size: 0x0001308c, Max: 0x00400000, ABSOLUTE, COMPRESSED[0x00012f14])

    Execution Region ER_IROM1 (Exec base: 0x08000000, Load base: 0x08000000, Size: 0x00012ec0, Max: 0x00400000, ABSOLUTE)

    Exec Addr    Load Addr    Size         Type   Attr      Idx    E Section Name        Object

    0x08000000   0x08000000   0x0000020c   Data   RO         3279    RESET               startup_at32f435_437.o
    0x0800020c   0x0800020c   0x00000008   Code   RO         7196  * !!!main             c_w.l(__main.o)
    0x08000214   0x08000214   0x00000034   Code   RO         7406    !!!scatter          c_w.l(__scatter.o)
    0x08000248   0x08000248   0x0000005a   Code   RO         7404    !!dczerorl2         c_w.l(__dczerorl2.o)
    0x080002a2   0x080002a2   0x00000002   PAD
    0x080002a4   0x080002a4   0x0000001c   Code   RO         7408    !!handler_zi        c_w.l(__scatter_zi.o)
    0x080002c0   0x080002c0   0x00000000   Code   RO         7161    .ARM.Collect$$_printf_percent$$00000000  c_w.l(_printf_percent.o)
    0x080002c0   0x080002c0   0x00000006   Code   RO         7158    .ARM.Collect$$_printf_percent$$00000008  c_w.l(_printf_i.o)
    0x080002c6   0x080002c6   0x00000006   Code   RO         7159    .ARM.Collect$$_printf_percent$$00000009  c_w.l(_printf_d.o)
    0x080002cc   0x080002cc   0x00000006   Code   RO         7160    .ARM.Collect$$_printf_percent$$0000000A  c_w.l(_printf_u.o)
    0x080002d2   0x080002d2   0x00000006   Code   RO         7157    .ARM.Collect$$_printf_percent$$0000000B  c_w.l(_printf_o.o)
    0x080002d8   0x080002d8   0x00000006   Code   RO         7156    .ARM.Collect$$_printf_percent$$0000000C  c_w.l(_printf_x.o)
    0x080002de   0x080002de   0x0000000a   Code   RO         7230    .ARM.Collect$$_printf_percent$$00000012  c_w.l(_printf_l.o)
    0x080002e8   0x080002e8   0x00000006   Code   RO         7154    .ARM.Collect$$_printf_percent$$00000013  c_w.l(_printf_c.o)
    0x080002ee   0x080002ee   0x00000006   Code   RO         7155    .ARM.Collect$$_printf_percent$$00000014  c_w.l(_printf_s.o)
    0x080002f4   0x080002f4   0x00000006   Code   RO         7162    .ARM.Collect$$_printf_percent$$00000015  c_w.l(_printf_lc.o)
    0x080002fa   0x080002fa   0x00000004   Code   RO         7229    .ARM.Collect$$_printf_percent$$00000017  c_w.l(_printf_percent_end.o)
    0x080002fe   0x080002fe   0x00000002   Code   RO         7336    .ARM.Collect$$libinit$$00000000  c_w.l(libinit.o)
    0x08000300   0x08000300   0x00000004   Code   RO         7240    .ARM.Collect$$libinit$$00000001  c_w.l(libinit2.o)
    0x08000304   0x08000304   0x00000000   Code   RO         7243    .ARM.Collect$$libinit$$00000004  c_w.l(libinit2.o)
    0x08000304   0x08000304   0x00000000   Code   RO         7246    .ARM.Collect$$libinit$$0000000A  c_w.l(libinit2.o)
    0x08000304   0x08000304   0x00000000   Code   RO         7248    .ARM.Collect$$libinit$$0000000C  c_w.l(libinit2.o)
    0x08000304   0x08000304   0x00000004   Code   RO         7249    .ARM.Collect$$libinit$$0000000D  c_w.l(libinit2.o)
    0x08000308   0x08000308   0x00000000   Code   RO         7250    .ARM.Collect$$libinit$$0000000E  c_w.l(libinit2.o)
    0x08000308   0x08000308   0x00000006   Code   RO         7251    .ARM.Collect$$libinit$$0000000F  c_w.l(libinit2.o)
    0x0800030e   0x0800030e   0x00000000   Code   RO         7253    .ARM.Collect$$libinit$$00000011  c_w.l(libinit2.o)
    0x0800030e   0x0800030e   0x0000000c   Code   RO         7254    .ARM.Collect$$libinit$$00000012  c_w.l(libinit2.o)
    0x0800031a   0x0800031a   0x00000000   Code   RO         7255    .ARM.Collect$$libinit$$00000013  c_w.l(libinit2.o)
    0x0800031a   0x0800031a   0x00000000   Code   RO         7257    .ARM.Collect$$libinit$$00000015  c_w.l(libinit2.o)
    0x0800031a   0x0800031a   0x00000000   Code   RO         7259    .ARM.Collect$$libinit$$00000017  c_w.l(libinit2.o)
    0x0800031a   0x0800031a   0x00000000   Code   RO         7261    .ARM.Collect$$libinit$$00000019  c_w.l(libinit2.o)
    0x0800031a   0x0800031a   0x00000000   Code   RO         7263    .ARM.Collect$$libinit$$0000001B  c_w.l(libinit2.o)
    0x0800031a   0x0800031a   0x00000000   Code   RO         7265    .ARM.Collect$$libinit$$0000001D  c_w.l(libinit2.o)
    0x0800031a   0x0800031a   0x00000000   Code   RO         7267    .ARM.Collect$$libinit$$0000001F  c_w.l(libinit2.o)
    0x0800031a   0x0800031a   0x00000000   Code   RO         7269    .ARM.Collect$$libinit$$00000021  c_w.l(libinit2.o)
    0x0800031a   0x0800031a   0x00000000   Code   RO         7271    .ARM.Collect$$libinit$$00000023  c_w.l(libinit2.o)
    0x0800031a   0x0800031a   0x00000000   Code   RO         7273    .ARM.Collect$$libinit$$00000025  c_w.l(libinit2.o)
    0x0800031a   0x0800031a   0x00000000   Code   RO         7277    .ARM.Collect$$libinit$$0000002C  c_w.l(libinit2.o)
    0x0800031a   0x0800031a   0x00000000   Code   RO         7279    .ARM.Collect$$libinit$$0000002E  c_w.l(libinit2.o)
    0x0800031a   0x0800031a   0x00000000   Code   RO         7281    .ARM.Collect$$libinit$$00000030  c_w.l(libinit2.o)
    0x0800031a   0x0800031a   0x00000000   Code   RO         7283    .ARM.Collect$$libinit$$00000032  c_w.l(libinit2.o)
    0x0800031a   0x0800031a   0x00000002   Code   RO         7284    .ARM.Collect$$libinit$$00000033  c_w.l(libinit2.o)
    0x0800031c   0x0800031c   0x00000002   Code   RO         7371    .ARM.Collect$$libshutdown$$00000000  c_w.l(libshutdown.o)
    0x0800031e   0x0800031e   0x00000000   Code   RO         7387    .ARM.Collect$$libshutdown$$00000002  c_w.l(libshutdown2.o)
    0x0800031e   0x0800031e   0x00000000   Code   RO         7389    .ARM.Collect$$libshutdown$$00000004  c_w.l(libshutdown2.o)
    0x0800031e   0x0800031e   0x00000000   Code   RO         7392    .ARM.Collect$$libshutdown$$00000007  c_w.l(libshutdown2.o)
    0x0800031e   0x0800031e   0x00000000   Code   RO         7395    .ARM.Collect$$libshutdown$$0000000A  c_w.l(libshutdown2.o)
    0x0800031e   0x0800031e   0x00000000   Code   RO         7397    .ARM.Collect$$libshutdown$$0000000C  c_w.l(libshutdown2.o)
    0x0800031e   0x0800031e   0x00000000   Code   RO         7400    .ARM.Collect$$libshutdown$$0000000F  c_w.l(libshutdown2.o)
    0x0800031e   0x0800031e   0x00000002   Code   RO         7401    .ARM.Collect$$libshutdown$$00000010  c_w.l(libshutdown2.o)
    0x08000320   0x08000320   0x00000000   Code   RO         7200    .ARM.Collect$$rtentry$$00000000  c_w.l(__rtentry.o)
    0x08000320   0x08000320   0x00000000   Code   RO         7289    .ARM.Collect$$rtentry$$00000002  c_w.l(__rtentry2.o)
    0x08000320   0x08000320   0x00000006   Code   RO         7301    .ARM.Collect$$rtentry$$00000004  c_w.l(__rtentry4.o)
    0x08000326   0x08000326   0x00000000   Code   RO         7291    .ARM.Collect$$rtentry$$00000009  c_w.l(__rtentry2.o)
    0x08000326   0x08000326   0x00000004   Code   RO         7292    .ARM.Collect$$rtentry$$0000000A  c_w.l(__rtentry2.o)
    0x0800032a   0x0800032a   0x00000000   Code   RO         7294    .ARM.Collect$$rtentry$$0000000C  c_w.l(__rtentry2.o)
    0x0800032a   0x0800032a   0x00000008   Code   RO         7295    .ARM.Collect$$rtentry$$0000000D  c_w.l(__rtentry2.o)
    0x08000332   0x08000332   0x00000002   Code   RO         7339    .ARM.Collect$$rtexit$$00000000  c_w.l(rtexit.o)
    0x08000334   0x08000334   0x00000000   Code   RO         7355    .ARM.Collect$$rtexit$$00000002  c_w.l(rtexit2.o)
    0x08000334   0x08000334   0x00000004   Code   RO         7356    .ARM.Collect$$rtexit$$00000003  c_w.l(rtexit2.o)
    0x08000338   0x08000338   0x00000006   Code   RO         7357    .ARM.Collect$$rtexit$$00000004  c_w.l(rtexit2.o)
    0x0800033e   0x0800033e   0x00000002   PAD
    0x08000340   0x08000340   0x00000034   Code   RO         7167    .emb_text           c_w.l(rand.o)
    0x08000374   0x08000374   0x00000040   Code   RO         3280    .text               startup_at32f435_437.o
    0x080003b4   0x080003b4   0x00000002   Code   RO         7076    .text               c_w.l(use_no_semi_2.o)
    0x080003b6   0x080003b6   0x00000002   PAD
    0x080003b8   0x080003b8   0x00000010   Code   RO         7078    .text               c_w.l(rt_ctype_table.o)
    0x080003c8   0x080003c8   0x000000ee   Code   RO         7080    .text               c_w.l(lludivv7m.o)
    0x080004b6   0x080004b6   0x00000002   PAD
    0x080004b8   0x080004b8   0x00000018   Code   RO         7082    .text               c_w.l(__2printf.o)
    0x080004d0   0x080004d0   0x0000002c   Code   RO         7084    .text               c_w.l(__2sprintf.o)
    0x080004fc   0x080004fc   0x00000038   Code   RO         7086    .text               c_w.l(__2snprintf.o)
    0x08000534   0x08000534   0x0000004e   Code   RO         7096    .text               c_w.l(_printf_pad.o)
    0x08000582   0x08000582   0x00000024   Code   RO         7098    .text               c_w.l(_printf_truncate.o)
    0x080005a6   0x080005a6   0x00000052   Code   RO         7100    .text               c_w.l(_printf_str.o)
    0x080005f8   0x080005f8   0x00000078   Code   RO         7102    .text               c_w.l(_printf_dec.o)
    0x08000670   0x08000670   0x000000bc   Code   RO         7104    .text               c_w.l(_printf_wctomb.o)
    0x0800072c   0x0800072c   0x00000050   Code   RO         7109    .text               c_w.l(_printf_oct_int.o)
    0x0800077c   0x0800077c   0x00000058   Code   RO         7116    .text               c_w.l(_printf_hex_int.o)
    0x080007d4   0x080007d4   0x00000188   Code   RO         7151    .text               c_w.l(__printf_flags_ss_wp.o)
    0x0800095c   0x0800095c   0x00000004   Code   RO         7165    .text               c_w.l(putc.o)
    0x08000960   0x08000960   0x0000003c   Code   RO         7168    .text               c_w.l(rand.o)
    0x0800099c   0x0800099c   0x00000014   Code   RO         7172    .text               c_w.l(strchr.o)
    0x080009b0   0x080009b0   0x00000058   Code   RO         7174    .text               c_w.l(memcmp.o)
    0x08000a08   0x08000a08   0x00000048   Code   RO         7176    .text               c_w.l(strcpy.o)
    0x08000a50   0x08000a50   0x0000003e   Code   RO         7178    .text               c_w.l(strlen.o)
    0x08000a8e   0x08000a8e   0x00000096   Code   RO         7180    .text               c_w.l(strncmp.o)
    0x08000b24   0x08000b24   0x0000008a   Code   RO         7182    .text               c_w.l(rt_memcpy_v6.o)
    0x08000bae   0x08000bae   0x00000064   Code   RO         7186    .text               c_w.l(rt_memcpy_w.o)
    0x08000c12   0x08000c12   0x00000044   Code   RO         7188    .text               c_w.l(rt_memclr.o)
    0x08000c56   0x08000c56   0x0000004e   Code   RO         7190    .text               c_w.l(rt_memclr_w.o)
    0x08000ca4   0x08000ca4   0x00000080   Code   RO         7192    .text               c_w.l(strcmpv7m.o)
    0x08000d24   0x08000d24   0x00000006   Code   RO         7194    .text               c_w.l(heapauxi.o)
    0x08000d2a   0x08000d2a   0x00000002   Code   RO         7198    .text               c_w.l(use_no_semi.o)
    0x08000d2c   0x08000d2c   0x00000008   Code   RO         7208    .text               c_w.l(rt_locale_intlibspace.o)
    0x08000d34   0x08000d34   0x000000b2   Code   RO         7215    .text               c_w.l(_printf_intcommon.o)
    0x08000de6   0x08000de6   0x00000002   PAD
    0x08000de8   0x08000de8   0x00000030   Code   RO         7217    .text               c_w.l(_printf_char_common.o)
    0x08000e18   0x08000e18   0x0000000a   Code   RO         7219    .text               c_w.l(_sputc.o)
    0x08000e22   0x08000e22   0x00000010   Code   RO         7221    .text               c_w.l(_snputc.o)
    0x08000e32   0x08000e32   0x0000002c   Code   RO         7223    .text               c_w.l(_printf_char.o)
    0x08000e5e   0x08000e5e   0x00000002   PAD
    0x08000e60   0x08000e60   0x00000024   Code   RO         7225    .text               c_w.l(_printf_char_file.o)
    0x08000e84   0x08000e84   0x0000002c   Code   RO         7227    .text               c_w.l(_printf_wchar.o)
    0x08000eb0   0x08000eb0   0x00000040   Code   RO         7233    .text               c_w.l(_wcrtomb.o)
    0x08000ef0   0x08000ef0   0x00000008   Code   RO         7285    .text               c_w.l(libspace.o)
    0x08000ef8   0x08000ef8   0x00000008   Code   RO         7309    .text               c_w.l(ferror.o)
    0x08000f00   0x08000f00   0x0000004a   Code   RO         7317    .text               c_w.l(sys_stackheap_outer.o)
    0x08000f4a   0x08000f4a   0x00000012   Code   RO         7321    .text               c_w.l(exit.o)
    0x08000f5c   0x08000f5c   0x00000004   Code   RO          156    i.BusFault_Handler  at32f435_437_int.o
    0x08000f60   0x08000f60   0x00000028   Code   RO          566    i.DM_ETHER_Receive_Route_W1  netconf.o
    0x08000f88   0x08000f88   0x00000010   Code   RO         6833    i.DM_ETH_Init_W     devif_lwip.o
    0x08000f98   0x08000f98   0x0000001e   Code   RO         6705    i.DM_Eth_Info_Linkup  platform_info_lwip.o
    0x08000fb6   0x08000fb6   0x00000018   Code   RO         6706    i.DM_Eth_Read_Info  platform_info_lwip.o
    0x08000fce   0x08000fce   0x00000002   PAD
    0x08000fd0   0x08000fd0   0x00000108   Code   RO         6707    i.DM_Eth_Show_status_W  platform_info_lwip.o
    0x080010d8   0x080010d8   0x00000002   Code   RO          157    i.DebugMon_Handler  at32f435_437_int.o
    0x080010da   0x080010da   0x00000002   Code   RO          158    i.EMAC_IRQHandler   at32f435_437_int.o
    0x080010dc   0x080010dc   0x00000024   Code   RO         6336    i.EXINT9_5_IRQHandler  at32f437_int7.o
    0x08001100   0x08001100   0x00000004   Code   RO          159    i.HardFault_Handler  at32f435_437_int.o
    0x08001104   0x08001104   0x00000004   Code   RO          160    i.MemManage_Handler  at32f435_437_int.o
    0x08001108   0x08001108   0x00000002   Code   RO          161    i.NMI_Handler       at32f435_437_int.o
    0x0800110a   0x0800110a   0x00000002   Code   RO          162    i.PendSV_Handler    at32f435_437_int.o
    0x0800110c   0x0800110c   0x00000002   Code   RO          163    i.SVC_Handler       at32f435_437_int.o
    0x0800110e   0x0800110e   0x00000008   Code   RO          164    i.SysTick_Handler   at32f435_437_int.o
    0x08001116   0x08001116   0x00000002   PAD
    0x08001118   0x08001118   0x00000090   Code   RO         3243    i.SystemInit        system_at32f435_437.o
    0x080011a8   0x080011a8   0x00000004   Code   RO          165    i.UsageFault_Handler  at32f435_437_int.o
    0x080011ac   0x080011ac   0x0000000e   Code   RO         7144    i._is_digit         c_w.l(__printf_wp.o)
    0x080011ba   0x080011ba   0x00000004   Code   RO         1057    i._sys_exit         at32f435_437_board.o
    0x080011be   0x080011be   0x00000002   PAD
    0x080011c0   0x080011c0   0x00000050   Code   RO         1063    i.at32_led_init     at32f435_437_board.o
    0x08001210   0x08001210   0x0000002c   Code   RO          333    i.board_init        main.o
    0x0800123c   0x0800123c   0x00000014   Code   RO         5719    i.check_force_stop  dm9051.o
    0x08001250   0x08001250   0x00000014   Code   RO         1178    i.crm_ahb_div_set   at32f435_437_crm.o
    0x08001264   0x08001264   0x00000014   Code   RO         1179    i.crm_apb1_div_set  at32f435_437_crm.o
    0x08001278   0x08001278   0x00000014   Code   RO         1180    i.crm_apb2_div_set  at32f435_437_crm.o
    0x0800128c   0x0800128c   0x00000028   Code   RO         1181    i.crm_auto_step_mode_enable  at32f435_437_crm.o
    0x080012b4   0x080012b4   0x00000068   Code   RO         1188    i.crm_clock_source_enable  at32f435_437_crm.o
    0x0800131c   0x0800131c   0x00000110   Code   RO         1189    i.crm_clocks_freq_get  at32f435_437_crm.o
    0x0800142c   0x0800142c   0x00000030   Code   RO         1194    i.crm_flag_get      at32f435_437_crm.o
    0x0800145c   0x0800145c   0x0000002e   Code   RO         1196    i.crm_hext_stable_wait  at32f435_437_crm.o
    0x0800148a   0x0800148a   0x00000002   PAD
    0x0800148c   0x0800148c   0x0000004c   Code   RO         1203    i.crm_periph_clock_enable  at32f435_437_crm.o
    0x080014d8   0x080014d8   0x00000048   Code   RO         1206    i.crm_pll_config    at32f435_437_crm.o
    0x08001520   0x08001520   0x00000078   Code   RO         1208    i.crm_reset         at32f435_437_crm.o
    0x08001598   0x08001598   0x00000014   Code   RO         1209    i.crm_sysclk_switch  at32f435_437_crm.o
    0x080015ac   0x080015ac   0x00000010   Code   RO         1210    i.crm_sysclk_switch_status_get  at32f435_437_crm.o
    0x080015bc   0x080015bc   0x00000014   Code   RO         5720    i.cspi_core_reset   dm9051.o
    0x080015d0   0x080015d0   0x0000001c   Code   RO         5721    i.cspi_core_start1  dm9051.o
    0x080015ec   0x080015ec   0x00000008   Code   RO         5722    i.cspi_disble_irq   dm9051.o
    0x080015f4   0x080015f4   0x0000000c   Code   RO         5723    i.cspi_enable_irq   dm9051.o
    0x08001600   0x08001600   0x0000001a   Code   RO         5724    i.cspi_get_chipid   dm9051.o
    0x0800161a   0x0800161a   0x00000016   Code   RO         5725    i.cspi_get_mrrl     dm9051.o
    0x08001630   0x08001630   0x00000010   Code   RO         5726    i.cspi_get_par      dm9051.o
    0x08001640   0x08001640   0x00000016   Code   RO         5727    i.cspi_get_rwpa     dm9051.o
    0x08001656   0x08001656   0x0000001a   Code   RO         5728    i.cspi_get_status   dm9051.o
    0x08001670   0x08001670   0x00000100   Code   RO         5729    i.cspi_macaddr_process  dm9051.o
    0x08001770   0x08001770   0x00000014   Code   RO         5730    i.cspi_ncr_reset    dm9051.o
    0x08001784   0x08001784   0x00000066   Code   RO         5731    i.cspi_phy_read     dm9051.o
    0x080017ea   0x080017ea   0x00000060   Code   RO         5732    i.cspi_phy_write    dm9051.o
    0x0800184a   0x0800184a   0x00000014   Code   RO         5733    i.cspi_phycore_on   dm9051.o
    0x0800185e   0x0800185e   0x00000026   Code   RO         5734    i.cspi_read_regs    dm9051.o
    0x08001884   0x08001884   0x00000010   Code   RO         5735    i.cspi_read_rxb     dm9051.o
    0x08001894   0x08001894   0x0000001a   Code   RO         5736    i.cspi_rx_head      dm9051.o
    0x080018ae   0x080018ae   0x00000020   Code   RO         5737    i.cspi_rx_read      dm9051.o
    0x080018ce   0x080018ce   0x00000002   PAD
    0x080018d0   0x080018d0   0x0000004c   Code   RO         5738    i.cspi_rx_ready     dm9051.o
    0x0800191c   0x0800191c   0x00000024   Code   RO         5739    i.cspi_set_fcr      dm9051.o
    0x08001940   0x08001940   0x00000008   Code   RO         5740    i.cspi_set_imr      dm9051.o
    0x08001948   0x08001948   0x00000024   Code   RO         5741    i.cspi_set_mar      dm9051.o
    0x0800196c   0x0800196c   0x00000010   Code   RO         5742    i.cspi_set_par      dm9051.o
    0x0800197c   0x0800197c   0x0000001a   Code   RO         5743    i.cspi_set_rcr      dm9051.o
    0x08001996   0x08001996   0x00000002   PAD
    0x08001998   0x08001998   0x00000020   Code   RO         5744    i.cspi_set_recv     dm9051.o
    0x080019b8   0x080019b8   0x00000048   Code   RO         5745    i.cspi_soft_default  dm9051.o
    0x08001a00   0x08001a00   0x00000018   Code   RO         5746    i.cspi_tx_len       dm9051.o
    0x08001a18   0x08001a18   0x0000000c   Code   RO         5747    i.cspi_tx_packet_len  dm9051.o
    0x08001a24   0x08001a24   0x00000010   Code   RO         5748    i.cspi_tx_write     dm9051.o
    0x08001a34   0x08001a34   0x00000026   Code   RO         5749    i.cspi_write_regs   dm9051.o
    0x08001a5a   0x08001a5a   0x00000018   Code   RO         5750    i.ctick_delay_ms    dm9051.o
    0x08001a72   0x08001a72   0x00000024   Code   RO         5751    i.ctick_delay_us    dm9051.o
    0x08001a96   0x08001a96   0x00000002   PAD
    0x08001a98   0x08001a98   0x00000038   Code   RO         1067    i.delay_init        at32f435_437_board.o
    0x08001ad0   0x08001ad0   0x00000044   Code   RO          567    i.display_input_mode  netconf.o
    0x08001b14   0x08001b14   0x00000034   Code   RO         5752    i.dm9051_clock_time  dm9051.o
    0x08001b48   0x08001b48   0x00000034   Code   RO         5753    i.dm9051_conf       dm9051.o
    0x08001b7c   0x08001b7c   0x00000014   Code   RO         6421    i.dm9051_config_app_mcu_name  hex_dump.o
    0x08001b90   0x08001b90   0x0000000c   Code   RO         6595    i.dm9051_config_if  plat_lwip.o
    0x08001b9c   0x08001b9c   0x0000000c   Code   RO         5755    i.dm9051_imr_disab  dm9051.o
    0x08001ba8   0x08001ba8   0x0000001a   Code   RO         5756    i.dm9051_imr_enab   dm9051.o
    0x08001bc2   0x08001bc2   0x00000002   PAD
    0x08001bc4   0x08001bc4   0x0000002c   Code   RO         5758    i.dm9051_init       dm9051.o
    0x08001bf0   0x08001bf0   0x00000020   Code   RO         5759    i.dm9051_interrupt_get  dm9051.o
    0x08001c10   0x08001c10   0x00000008   Code   RO         5760    i.dm9051_interrupt_reset  dm9051.o
    0x08001c18   0x08001c18   0x00000018   Code   RO         5761    i.dm9051_isr_enab   dm9051.o
    0x08001c30   0x08001c30   0x0000000e   Code   RO         5762    i.dm9051_link_update  dm9051.o
    0x08001c3e   0x08001c3e   0x00000030   Code   RO         5763    i.dm9051_read_regs_info  dm9051.o
    0x08001c6e   0x08001c6e   0x00000014   Code   RO         5764    i.dm9051_read_rx_pointers  dm9051.o
    0x08001c82   0x08001c82   0x0000001e   Code   RO         5765    i.dm9051_rx         dm9051.o
    0x08001ca0   0x08001ca0   0x000000c0   Code   RO         5769    i.dm9051_show_rxbstatistic  dm9051.o
    0x08001d60   0x08001d60   0x00000024   Code   RO         5771    i.dm9051_tx         dm9051.o
    0x08001d84   0x08001d84   0x00000018   Code   RO         6422    i.dm_eth_app_mcu_name  hex_dump.o
    0x08001d9c   0x08001d9c   0x00000014   Code   RO         6424    i.dm_eth_input_hexdump_reset  hex_dump.o
    0x08001db0   0x08001db0   0x00000058   Code   RO         6596    i.dm_eth_netif      plat_lwip.o
    0x08001e08   0x08001e08   0x00000070   Code   RO         6708    i.dm_eth_polling_downup  platform_info_lwip.o
    0x08001e78   0x08001e78   0x0000008c   Code   RO         6597    i.dm_eth_show_app_help_info  plat_lwip.o
    0x08001f04   0x08001f04   0x00000002   Code   RO          335    i.dm_wait2_periodic_stat  main.o
    0x08001f06   0x08001f06   0x0000001a   Code   RO         4126    i.do_memp_free_pool  memp.o
    0x08001f20   0x08001f20   0x00000042   Code   RO         4127    i.do_memp_malloc_pool  memp.o
    0x08001f62   0x08001f62   0x00000002   PAD
    0x08001f64   0x08001f64   0x000000e0   Code   RO         6836    i.dump_data         devif_lwip.o
    0x08002044   0x08002044   0x0000015c   Code   RO         5774    i.env_chip_id_and_ticks  dm9051.o
    0x080021a0   0x080021a0   0x0000003c   Code   RO         5775    i.env_err_rsthdlr3  dm9051.o
    0x080021dc   0x080021dc   0x000000a4   Code   RO         5776    i.env_evaluate_rxb  dm9051.o
    0x08002280   0x08002280   0x00000020   Code   RO         5777    i.env_evaluate_rxb_zero  dm9051.o
    0x080022a0   0x080022a0   0x00000038   Code   RO         3402    i.etharp_cleanup_netif  etharp.o
    0x080022d8   0x080022d8   0x00000184   Code   RO         3404    i.etharp_find_entry  etharp.o
    0x0800245c   0x0800245c   0x00000078   Code   RO         3405    i.etharp_free_entry  etharp.o
    0x080024d4   0x080024d4   0x00000104   Code   RO         3407    i.etharp_input      etharp.o
    0x080025d8   0x080025d8   0x00000158   Code   RO         3408    i.etharp_output     etharp.o
    0x08002730   0x08002730   0x000000b4   Code   RO         3409    i.etharp_output_to_arp_index  etharp.o
    0x080027e4   0x080027e4   0x0000018c   Code   RO         3410    i.etharp_query      etharp.o
    0x08002970   0x08002970   0x000000b0   Code   RO         3411    i.etharp_raw        etharp.o
    0x08002a20   0x08002a20   0x0000001c   Code   RO         3413    i.etharp_request    etharp.o
    0x08002a3c   0x08002a3c   0x0000002c   Code   RO         3414    i.etharp_request_dst  etharp.o
    0x08002a68   0x08002a68   0x000000e8   Code   RO         3415    i.etharp_tmr        etharp.o
    0x08002b50   0x08002b50   0x000000f4   Code   RO         3416    i.etharp_update_arp_entry  etharp.o
    0x08002c44   0x08002c44   0x00000130   Code   RO         3509    i.ethernet_input    ethernet.o
    0x08002d74   0x08002d74   0x00000068   Code   RO         3510    i.ethernet_output   ethernet.o
    0x08002ddc   0x08002ddc   0x00000044   Code   RO         6711    i.ethernetif_dhcp_start  platform_info_lwip.o
    0x08002e20   0x08002e20   0x00000002   Code   RO         6712    i.ethernetif_dhcp_stop  platform_info_lwip.o
    0x08002e22   0x08002e22   0x00000002   PAD
    0x08002e24   0x08002e24   0x00000098   Code   RO         5609    i.ethernetif_init_E  ethernetif.o
    0x08002ebc   0x08002ebc   0x0000002e   Code   RO         5629    i.ethernetif_input  ethernetif_v51.o
    0x08002eea   0x08002eea   0x00000048   Code   RO         5630    i.ethernetif_link_polling  ethernetif_v51.o
    0x08002f32   0x08002f32   0x00000002   PAD
    0x08002f34   0x08002f34   0x00000050   Code   RO         6713    i.ethernetif_notify_conn_changed  platform_info_lwip.o
    0x08002f84   0x08002f84   0x00000014   Code   RO         5631    i.ethernetif_polling_downup  ethernetif_v51.o
    0x08002f98   0x08002f98   0x000000a8   Code   RO         6714    i.ethernetif_set_link  platform_info_lwip.o
    0x08003040   0x08003040   0x0000000c   Code   RO          542    i.ethernetif_update_config  at32_emac.o
    0x0800304c   0x0800304c   0x000001c0   Code   RO          570    i.ethnode_config    netconf.o
    0x0800320c   0x0800320c   0x0000000e   Code   RO         2429    i.exint_default_para_init  at32f435_437_exint.o
    0x0800321a   0x0800321a   0x00000002   PAD
    0x0800321c   0x0800321c   0x0000000c   Code   RO         2431    i.exint_flag_clear  at32f435_437_exint.o
    0x08003228   0x08003228   0x0000001c   Code   RO         2432    i.exint_flag_get    at32f435_437_exint.o
    0x08003244   0x08003244   0x00000098   Code   RO         2433    i.exint_init        at32f435_437_exint.o
    0x080032dc   0x080032dc   0x0000007e   Code   RO         6926    i.extract_uri_parameters  httpd.o
    0x0800335a   0x0800335a   0x00000002   PAD
    0x0800335c   0x0800335c   0x00000034   Code   RO         1071    i.fputc             at32f435_437_board.o
    0x08003390   0x08003390   0x0000000a   Code   RO         6887    i.fs_bytes_left     fs_jjdynamic.o
    0x0800339a   0x0800339a   0x00000002   Code   RO         6888    i.fs_close          fs_jjdynamic.o
    0x0800339c   0x0800339c   0x00000044   Code   RO         6889    i.fs_open           fs_jjdynamic.o
    0x080033e0   0x080033e0   0x00000008   Code   RO          571    i.get_ReceiveBuffer  netconf.o
    0x080033e8   0x080033e8   0x00000008   Code   RO          572    i.get_TransmitBuffer  netconf.o
    0x080033f0   0x080033f0   0x00000004   Code   RO         2495    i.gpio_bits_reset   at32f435_437_gpio.o
    0x080033f4   0x080033f4   0x00000004   Code   RO         2496    i.gpio_bits_set     at32f435_437_gpio.o
    0x080033f8   0x080033f8   0x00000014   Code   RO         2498    i.gpio_default_para_init  at32f435_437_gpio.o
    0x0800340c   0x0800340c   0x0000007a   Code   RO         2499    i.gpio_init         at32f435_437_gpio.o
    0x08003486   0x08003486   0x00000042   Code   RO         2504    i.gpio_pin_mux_config  at32f435_437_gpio.o
    0x080034c8   0x080034c8   0x00000008   Code   RO         5779    i.hal_active_interrupt_desc  dm9051.o
    0x080034d0   0x080034d0   0x00000040   Code   RO         5780    i.hal_active_interrupt_info  dm9051.o
    0x08003510   0x08003510   0x00000004   Code   RO         5781    i.hal_active_interrupt_mode  dm9051.o
    0x08003514   0x08003514   0x00000068   Code   RO         6226    i.hal_board_spi_info  at32f437_spi1.o
    0x0800357c   0x0800357c   0x00000018   Code   RO         6337    i.hal_clr_int_event  at32f437_int7.o
    0x08003594   0x08003594   0x00000020   Code   RO         6339    i.hal_enable_mcu_irq  at32f437_int7.o
    0x080035b4   0x080035b4   0x00000014   Code   RO         5782    i.hal_get_dm9051_date  dm9051.o
    0x080035c8   0x080035c8   0x0000000c   Code   RO         5783    i.hal_get_dm9051_release_num  dm9051.o
    0x080035d4   0x080035d4   0x00000090   Code   RO         6341    i.hal_int_initialize  at32f437_int7.o
    0x08003664   0x08003664   0x0000000c   Code   RO         6342    i.hal_irqline       at32f437_int7.o
    0x08003670   0x08003670   0x00000036   Code   RO         6227    i.hal_read_mem      at32f437_spi1.o
    0x080036a6   0x080036a6   0x00000022   Code   RO         6228    i.hal_read_reg      at32f437_spi1.o
    0x080036c8   0x080036c8   0x00000018   Code   RO         6343    i.hal_set_int_event  at32f437_int7.o
    0x080036e0   0x080036e0   0x00000010   Code   RO         6229    i.hal_spi_info      at32f437_spi1.o
    0x080036f0   0x080036f0   0x000000e0   Code   RO         6230    i.hal_spi_initialize  at32f437_spi1.o
    0x080037d0   0x080037d0   0x00000034   Code   RO         6231    i.hal_spi_readxfer  at32f437_spi1.o
    0x08003804   0x08003804   0x00000074   Code   RO         6232    i.hal_spi_speed_info  at32f437_spi1.o
    0x08003878   0x08003878   0x00000038   Code   RO         6233    i.hal_spi_writexfer  at32f437_spi1.o
    0x080038b0   0x080038b0   0x00000014   Code   RO         6234    i.hal_stdpin_hi     at32f437_spi1.o
    0x080038c4   0x080038c4   0x00000014   Code   RO         6235    i.hal_stdpin_lo     at32f437_spi1.o
    0x080038d8   0x080038d8   0x00000036   Code   RO         6236    i.hal_write_mem     at32f437_spi1.o
    0x0800390e   0x0800390e   0x00000022   Code   RO         6237    i.hal_write_reg     at32f437_spi1.o
    0x08003930   0x08003930   0x00000024   Code   RO         6344    i.hat_get_int_event  at32f437_int7.o
    0x08003954   0x08003954   0x00000074   Code   RO         6927    i.http_accept       httpd.o
    0x080039c8   0x080039c8   0x00000036   Code   RO         6928    i.http_check_eof    httpd.o
    0x080039fe   0x080039fe   0x00000012   Code   RO         6929    i.http_close_conn   httpd.o
    0x08003a10   0x08003a10   0x00000070   Code   RO         6930    i.http_close_or_abort_conn  httpd.o
    0x08003a80   0x08003a80   0x00000010   Code   RO         6931    i.http_eof          httpd.o
    0x08003a90   0x08003a90   0x00000016   Code   RO         6932    i.http_err          httpd.o
    0x08003aa6   0x08003aa6   0x00000002   PAD
    0x08003aa8   0x08003aa8   0x000001b4   Code   RO         6933    i.http_find_file    httpd.o
    0x08003c5c   0x08003c5c   0x00000064   Code   RO         6934    i.http_get_404_file  httpd.o
    0x08003cc0   0x08003cc0   0x0000006c   Code   RO         6935    i.http_init_file    httpd.o
    0x08003d2c   0x08003d2c   0x0000017c   Code   RO         6936    i.http_parse_request  httpd.o
    0x08003ea8   0x08003ea8   0x00000064   Code   RO         6937    i.http_poll         httpd.o
    0x08003f0c   0x08003f0c   0x0000009e   Code   RO         6938    i.http_recv         httpd.o
    0x08003faa   0x08003faa   0x00000054   Code   RO         6939    i.http_send         httpd.o
    0x08003ffe   0x08003ffe   0x00000048   Code   RO         6940    i.http_send_data_nonssi  httpd.o
    0x08004046   0x08004046   0x0000002a   Code   RO         6941    i.http_sent         httpd.o
    0x08004070   0x08004070   0x00000016   Code   RO         6942    i.http_state_alloc  httpd.o
    0x08004086   0x08004086   0x00000022   Code   RO         6943    i.http_state_eof    httpd.o
    0x080040a8   0x080040a8   0x00000014   Code   RO         6944    i.http_state_free   httpd.o
    0x080040bc   0x080040bc   0x0000000e   Code   RO         6945    i.http_state_init   httpd.o
    0x080040ca   0x080040ca   0x00000088   Code   RO         6946    i.http_write        httpd.o
    0x08004152   0x08004152   0x00000002   PAD
    0x08004154   0x08004154   0x00000050   Code   RO         6949    i.httpd_init_with_netif  httpd.o
    0x080041a4   0x080041a4   0x00000024   Code   RO         3540    i.icmp_dest_unreach  icmp.o
    0x080041c8   0x080041c8   0x00000360   Code   RO         3541    i.icmp_input        icmp.o
    0x08004528   0x08004528   0x000000c4   Code   RO         3542    i.icmp_send_response  icmp.o
    0x080045ec   0x080045ec   0x00000024   Code   RO         3543    i.icmp_time_exceeded  icmp.o
    0x08004610   0x08004610   0x0000000e   Code   RO         6602    i.identified_dhcp_start  plat_lwip.o
    0x0800461e   0x0800461e   0x0000000e   Code   RO         6603    i.identified_dhcp_stop  plat_lwip.o
    0x0800462c   0x0800462c   0x00000008   Code   RO         5784    i.identified_eth_mac  dm9051.o
    0x08004634   0x08004634   0x0000000a   Code   RO         6605    i.identified_tcpip_ip  plat_lwip.o
    0x0800463e   0x0800463e   0x00000002   PAD
    0x08004640   0x08004640   0x00000044   Code   RO         5785    i.identify_eth_mac  dm9051.o
    0x08004684   0x08004684   0x0000002a   Code   RO         3589    i.igmp_delaying_member  igmp.o
    0x080046ae   0x080046ae   0x00000002   PAD
    0x080046b0   0x080046b0   0x00000024   Code   RO         3590    i.igmp_init         igmp.o
    0x080046d4   0x080046d4   0x000001d8   Code   RO         3591    i.igmp_input        igmp.o
    0x080048ac   0x080048ac   0x00000050   Code   RO         3592    i.igmp_ip_output_if  igmp.o
    0x080048fc   0x080048fc   0x00000020   Code   RO         3597    i.igmp_lookfor_group  igmp.o
    0x0800491c   0x0800491c   0x00000058   Code   RO         3598    i.igmp_lookup_group  igmp.o
    0x08004974   0x08004974   0x00000020   Code   RO         3600    i.igmp_report_groups  igmp.o
    0x08004994   0x08004994   0x000000a4   Code   RO         3601    i.igmp_send         igmp.o
    0x08004a38   0x08004a38   0x00000048   Code   RO         3602    i.igmp_start        igmp.o
    0x08004a80   0x08004a80   0x00000016   Code   RO         3603    i.igmp_start_timer  igmp.o
    0x08004a96   0x08004a96   0x00000002   PAD
    0x08004a98   0x08004a98   0x0000004c   Code   RO         3605    i.igmp_timeout      igmp.o
    0x08004ae4   0x08004ae4   0x00000038   Code   RO         3606    i.igmp_tmr          igmp.o
    0x08004b1c   0x08004b1c   0x00000014   Code   RO         3715    i.inet_chksum       inet_chksum.o
    0x08004b30   0x08004b30   0x00000056   Code   RO         3716    i.inet_chksum_pbuf  inet_chksum.o
    0x08004b86   0x08004b86   0x0000004c   Code   RO         3717    i.inet_chksum_pseudo  inet_chksum.o
    0x08004bd2   0x08004bd2   0x0000008c   Code   RO         3719    i.inet_cksum_pseudo_base  inet_chksum.o
    0x08004c5e   0x08004c5e   0x00000002   PAD
    0x08004c60   0x08004c60   0x00000024   Code   RO         5786    i.init_setup        dm9051.o
    0x08004c84   0x08004c84   0x0000004e   Code   RO         3927    i.ip4_addr_isbroadcast_u32  ip4_addr.o
    0x08004cd2   0x08004cd2   0x00000002   PAD
    0x08004cd4   0x08004cd4   0x000001fc   Code   RO         3983    i.ip4_frag          ip4_frag.o
    0x08004ed0   0x08004ed0   0x00000398   Code   RO         3856    i.ip4_input         ip4.o
    0x08005268   0x08005268   0x0000003c   Code   RO         3857    i.ip4_input_accept  ip4.o
    0x080052a4   0x080052a4   0x00000034   Code   RO         3859    i.ip4_output_if     ip4.o
    0x080052d8   0x080052d8   0x00000044   Code   RO         3860    i.ip4_output_if_opt  ip4.o
    0x0800531c   0x0800531c   0x00000270   Code   RO         3861    i.ip4_output_if_opt_src  ip4.o
    0x0800558c   0x0800558c   0x00000280   Code   RO         3984    i.ip4_reass         ip4_frag.o
    0x0800580c   0x0800580c   0x000000d4   Code   RO         3863    i.ip4_route         ip4.o
    0x080058e0   0x080058e0   0x00000024   Code   RO         3721    i.ip_chksum_pseudo  inet_chksum.o
    0x08005904   0x08005904   0x0000000a   Code   RO         3985    i.ip_frag_alloc_pbuf_custom_ref  ip4_frag.o
    0x0800590e   0x0800590e   0x0000000e   Code   RO         3986    i.ip_frag_free_pbuf_custom_ref  ip4_frag.o
    0x0800591c   0x0800591c   0x0000017a   Code   RO         3987    i.ip_reass_chain_frag_into_datagram_and_validate  ip4_frag.o
    0x08005a96   0x08005a96   0x00000002   PAD
    0x08005a98   0x08005a98   0x00000028   Code   RO         3988    i.ip_reass_dequeue_datagram  ip4_frag.o
    0x08005ac0   0x08005ac0   0x00000068   Code   RO         3989    i.ip_reass_enqueue_new_datagram  ip4_frag.o
    0x08005b28   0x08005b28   0x00000098   Code   RO         3990    i.ip_reass_free_complete_datagram  ip4_frag.o
    0x08005bc0   0x08005bc0   0x00000088   Code   RO         3991    i.ip_reass_remove_oldest_datagram  ip4_frag.o
    0x08005c48   0x08005c48   0x0000003c   Code   RO         3992    i.ip_reass_tmr      ip4_frag.o
    0x08005c84   0x08005c84   0x00000018   Code   RO         3993    i.ipfrag_free_pbuf_custom  ip4_frag.o
    0x08005c9c   0x08005c9c   0x00000016   Code   RO         5788    i.is_zero_ether_addr  dm9051.o
    0x08005cb2   0x08005cb2   0x00000002   PAD
    0x08005cb4   0x08005cb4   0x00000058   Code   RO         6715    i.link_display      platform_info_lwip.o
    0x08005d0c   0x08005d0c   0x000000c0   Code   RO         5632    i.low_level_init    ethernetif_v51.o
    0x08005dcc   0x08005dcc   0x0000004e   Code   RO         5633    i.low_level_input   ethernetif_v51.o
    0x08005e1a   0x08005e1a   0x00000036   Code   RO         5634    i.low_level_output  ethernetif_v51.o
    0x08005e50   0x08005e50   0x0000000c   Code   RO         5635    i.low_level_status  ethernetif_v51.o
    0x08005e5c   0x08005e5c   0x00000050   Code   RO         5418    i.lwip_cyclic_timer  timeouts.o
    0x08005eac   0x08005eac   0x0000001a   Code   RO         3323    i.lwip_htonl        def.o
    0x08005ec6   0x08005ec6   0x0000000c   Code   RO         3324    i.lwip_htons        def.o
    0x08005ed2   0x08005ed2   0x00000026   Code   RO         3783    i.lwip_init         init.o
    0x08005ef8   0x08005ef8   0x000000ac   Code   RO         6716    i.lwip_periodic_display_handle  platform_info_lwip.o
    0x08005fa4   0x08005fa4   0x00000058   Code   RO          337    i.lwip_periodic_handle  main.o
    0x08005ffc   0x08005ffc   0x000000c4   Code   RO          338    i.lwip_periodic_link  main.o
    0x080060c0   0x080060c0   0x00000034   Code   RO          339    i.lwip_periodic_link_hdlr  main.o
    0x080060f4   0x080060f4   0x0000001a   Code   RO          573    i.lwip_pkt_handle_v51  netconf.o
    0x0800610e   0x0800610e   0x0000005e   Code   RO         3723    i.lwip_standard_chksum  inet_chksum.o
    0x0800616c   0x0800616c   0x0000004a   Code   RO         3328    i.lwip_strnstr      def.o
    0x080061b6   0x080061b6   0x00000002   PAD
    0x080061b8   0x080061b8   0x000000bc   Code   RO          340    i.main              main.o
    0x08006274   0x08006274   0x000000e4   Code   RO         4053    i.mem_free          mem.o
    0x08006358   0x08006358   0x00000068   Code   RO         4054    i.mem_init          mem.o
    0x080063c0   0x080063c0   0x00000058   Code   RO         4055    i.mem_link_valid    mem.o
    0x08006418   0x08006418   0x00000170   Code   RO         4056    i.mem_malloc        mem.o
    0x08006588   0x08006588   0x00000010   Code   RO         4057    i.mem_to_ptr        mem.o
    0x08006598   0x08006598   0x00000150   Code   RO         4058    i.mem_trim          mem.o
    0x080066e8   0x080066e8   0x00000028   Code   RO         4128    i.memp_free         memp.o
    0x08006710   0x08006710   0x00000030   Code   RO         4130    i.memp_init         memp.o
    0x08006740   0x08006740   0x00000038   Code   RO         4131    i.memp_init_pool    memp.o
    0x08006778   0x08006778   0x00000024   Code   RO         4132    i.memp_malloc       memp.o
    0x0800679c   0x0800679c   0x0000006c   Code   RO         5789    i.ncr_compl_timeout  dm9051.o
    0x08006808   0x08006808   0x00000128   Code   RO         4232    i.netif_add         netif.o
    0x08006930   0x08006930   0x00000020   Code   RO         4235    i.netif_do_ip_addr_changed  netif.o
    0x08006950   0x08006950   0x0000002a   Code   RO         4236    i.netif_do_set_gw   netif.o
    0x0800697a   0x0800697a   0x00000046   Code   RO         4237    i.netif_do_set_ipaddr  netif.o
    0x080069c0   0x080069c0   0x0000002a   Code   RO         4238    i.netif_do_set_netmask  netif.o
    0x080069ea   0x080069ea   0x00000002   PAD
    0x080069ec   0x080069ec   0x00000028   Code   RO         4240    i.netif_get_by_index  netif.o
    0x08006a14   0x08006a14   0x00000048   Code   RO         4242    i.netif_init        netif.o
    0x08006a5c   0x08006a5c   0x00000024   Code   RO         4243    i.netif_input       netif.o
    0x08006a80   0x08006a80   0x0000004c   Code   RO         4244    i.netif_issue_reports  netif.o
    0x08006acc   0x08006acc   0x000000c0   Code   RO         4245    i.netif_loop_output  netif.o
    0x08006b8c   0x08006b8c   0x00000012   Code   RO         4246    i.netif_loop_output_ipv4  netif.o
    0x08006b9e   0x08006b9e   0x00000002   PAD
    0x08006ba0   0x08006ba0   0x00000044   Code   RO         4247    i.netif_loopif_init  netif.o
    0x08006be4   0x08006be4   0x00000008   Code   RO         4249    i.netif_null_output_ip4  netif.o
    0x08006bec   0x08006bec   0x00000060   Code   RO         4253    i.netif_set_addr    netif.o
    0x08006c4c   0x08006c4c   0x00000010   Code   RO         4254    i.netif_set_default  netif.o
    0x08006c5c   0x08006c5c   0x00000046   Code   RO         4255    i.netif_set_down    netif.o
    0x08006ca2   0x08006ca2   0x00000006   Code   RO         4258    i.netif_set_link_callback  netif.o
    0x08006ca8   0x08006ca8   0x00000038   Code   RO         4259    i.netif_set_link_down  netif.o
    0x08006ce0   0x08006ce0   0x00000040   Code   RO         4260    i.netif_set_link_up  netif.o
    0x08006d20   0x08006d20   0x0000003e   Code   RO         4262    i.netif_set_up      netif.o
    0x08006d5e   0x08006d5e   0x00000002   PAD
    0x08006d60   0x08006d60   0x000000c8   Code   RO         2598    i.nvic_irq_enable   at32f435_437_misc.o
    0x08006e28   0x08006e28   0x00000028   Code   RO         2600    i.nvic_priority_group_config  at32f435_437_misc.o
    0x08006e50   0x08006e50   0x00000012   Code   RO         4453    i.pbuf_add_header   pbuf.o
    0x08006e62   0x08006e62   0x00000066   Code   RO         4455    i.pbuf_add_header_impl  pbuf.o
    0x08006ec8   0x08006ec8   0x00000128   Code   RO         4456    i.pbuf_alloc        pbuf.o
    0x08006ff0   0x08006ff0   0x00000034   Code   RO         4457    i.pbuf_alloc_reference  pbuf.o
    0x08007024   0x08007024   0x0000005a   Code   RO         4458    i.pbuf_alloced_custom  pbuf.o
    0x0800707e   0x0800707e   0x00000030   Code   RO         4459    i.pbuf_cat          pbuf.o
    0x080070ae   0x080070ae   0x00000012   Code   RO         4461    i.pbuf_clen         pbuf.o
    0x080070c0   0x080070c0   0x0000002c   Code   RO         4462    i.pbuf_clone        pbuf.o
    0x080070ec   0x080070ec   0x000000b4   Code   RO         4464    i.pbuf_copy         pbuf.o
    0x080071a0   0x080071a0   0x00000080   Code   RO         4465    i.pbuf_copy_partial  pbuf.o
    0x08007220   0x08007220   0x00000086   Code   RO         4467    i.pbuf_free         pbuf.o
    0x080072a6   0x080072a6   0x00000012   Code   RO         4473    i.pbuf_header_force  pbuf.o
    0x080072b8   0x080072b8   0x00000022   Code   RO         4474    i.pbuf_header_impl  pbuf.o
    0x080072da   0x080072da   0x0000001e   Code   RO         4475    i.pbuf_init_alloced_pbuf  pbuf.o
    0x080072f8   0x080072f8   0x00000010   Code   RO         4478    i.pbuf_pool_is_empty  pbuf.o
    0x08007308   0x08007308   0x00000074   Code   RO         4480    i.pbuf_realloc      pbuf.o
    0x0800737c   0x0800737c   0x0000000e   Code   RO         4481    i.pbuf_ref          pbuf.o
    0x0800738a   0x0800738a   0x00000042   Code   RO         4482    i.pbuf_remove_header  pbuf.o
    0x080073cc   0x080073cc   0x000000a8   Code   RO         6717    i.platform_if_notify_conn_changed  platform_info_lwip.o
    0x08007474   0x08007474   0x0000000c   Code   RO         6718    i.platform_is_link_up  platform_info_lwip.o
    0x08007480   0x08007480   0x0000000c   Code   RO         6719    i.platform_set_link_down  platform_info_lwip.o
    0x0800748c   0x0800748c   0x0000000c   Code   RO         6720    i.platform_set_link_up  platform_info_lwip.o
    0x08007498   0x08007498   0x0000008c   Code   RO         4059    i.plug_holes        mem.o
    0x08007524   0x08007524   0x00000020   Code   RO         5636    i.polling_end_info  ethernetif_v51.o
    0x08007544   0x08007544   0x0000002c   Code   RO         6721    i.print_down        platform_info_lwip.o
    0x08007570   0x08007570   0x0000004c   Code   RO         6722    i.print_up          platform_info_lwip.o
    0x080075bc   0x080075bc   0x00000010   Code   RO         4060    i.ptr_to_mem        mem.o
    0x080075cc   0x080075cc   0x00000094   Code   RO         4695    i.raw_input         raw.o
    0x08007660   0x08007660   0x00000044   Code   RO         4696    i.raw_input_local_match  raw.o
    0x080076a4   0x080076a4   0x00000030   Code   RO         4697    i.raw_netif_ip_addr_changed  raw.o
    0x080076d4   0x080076d4   0x00000064   Code   RO         5790    i.ret_fire_time     dm9051.o
    0x08007738   0x08007738   0x00000084   Code   RO         5791    i.rx_head_takelen   dm9051.o
    0x080077bc   0x080077bc   0x0000001a   Code   RO         6838    i.rx_manager_dispatch_w  devif_lwip.o
    0x080077d6   0x080077d6   0x0000000e   Code   RO         5792    i.rx_pointers_equ   dm9051.o
    0x080077e4   0x080077e4   0x000000b4   Code   RO         2662    i.scfg_exint_line_config  at32f435_437_scfg.o
    0x08007898   0x08007898   0x00000016   Code   RO         3089    i.spi_default_para_init  at32f435_437_spi.o
    0x080078ae   0x080078ae   0x0000000a   Code   RO         3090    i.spi_enable        at32f435_437_spi.o
    0x080078b8   0x080078b8   0x00000008   Code   RO         3094    i.spi_i2s_data_receive  at32f435_437_spi.o
    0x080078c0   0x080078c0   0x00000004   Code   RO         3095    i.spi_i2s_data_transmit  at32f435_437_spi.o
    0x080078c4   0x080078c4   0x00000010   Code   RO         3099    i.spi_i2s_flag_get  at32f435_437_spi.o
    0x080078d4   0x080078d4   0x00000158   Code   RO         3102    i.spi_init          at32f435_437_spi.o
    0x08007a2c   0x08007a2c   0x000000a8   Code   RO          342    i.stack_enum_show_netif_ip  main.o
    0x08007ad4   0x08007ad4   0x00000064   Code   RO          712    i.stack_init        netconf_emac.o
    0x08007b38   0x08007b38   0x00000048   Code   RO          343    i.stack_show_netif_list  main.o
    0x08007b80   0x08007b80   0x00000118   Code   RO          344    i.stack_switch_default_netif_ip  main.o
    0x08007c98   0x08007c98   0x00000008   Code   RO          574    i.stack_tcpip_init_v51  netconf.o
    0x08007ca0   0x08007ca0   0x000001b4   Code   RO         6608    i.static_ip_welcome_page  plat_lwip.o
    0x08007e54   0x08007e54   0x00000014   Code   RO         4790    i.stats_init        stats.o
    0x08007e68   0x08007e68   0x0000000c   Code   RO         4829    i.sys_now           sys_arch.o
    0x08007e74   0x08007e74   0x0000001e   Code   RO         5421    i.sys_timeout       timeouts.o
    0x08007e92   0x08007e92   0x00000002   PAD
    0x08007e94   0x08007e94   0x0000008c   Code   RO         5422    i.sys_timeout_abs   timeouts.o
    0x08007f20   0x08007f20   0x00000028   Code   RO         5423    i.sys_timeouts_init  timeouts.o
    0x08007f48   0x08007f48   0x0000009c   Code   RO            4    i.system_clock_config  at32f435_437_clock.o
    0x08007fe4   0x08007fe4   0x000000f0   Code   RO         3244    i.system_core_clock_update  system_at32f435_437.o
    0x080080d4   0x080080d4   0x00000068   Code   RO            5    i.system_timer_init  at32f435_437_clock.o
    0x0800813c   0x0800813c   0x00000028   Code   RO         2603    i.systick_clock_source_config  at32f435_437_misc.o
    0x08008164   0x08008164   0x00000100   Code   RO         4854    i.tcp_abandon       tcp.o
    0x08008264   0x08008264   0x0000000e   Code   RO         4855    i.tcp_abort         tcp.o
    0x08008272   0x08008272   0x00000010   Code   RO         4856    i.tcp_accept        tcp.o
    0x08008282   0x08008282   0x00000014   Code   RO         4857    i.tcp_accept_null   tcp.o
    0x08008296   0x08008296   0x00000002   PAD
    0x08008298   0x08008298   0x00000124   Code   RO         4858    i.tcp_alloc         tcp.o
    0x080083bc   0x080083bc   0x00000006   Code   RO         4859    i.tcp_arg           tcp.o
    0x080083c2   0x080083c2   0x00000002   PAD
    0x080083c4   0x080083c4   0x000000b4   Code   RO         4860    i.tcp_bind          tcp.o
    0x08008478   0x08008478   0x00000030   Code   RO         4862    i.tcp_close         tcp.o
    0x080084a8   0x080084a8   0x00000154   Code   RO         4863    i.tcp_close_shutdown  tcp.o
    0x080085fc   0x080085fc   0x0000009c   Code   RO         4864    i.tcp_close_shutdown_fin  tcp.o
    0x08008698   0x08008698   0x000000f0   Code   RO         5265    i.tcp_create_segment  tcp_out.o
    0x08008788   0x08008788   0x00000030   Code   RO         4867    i.tcp_eff_send_mss_netif  tcp.o
    0x080087b8   0x080087b8   0x0000011c   Code   RO         5266    i.tcp_enqueue_flags  tcp_out.o
    0x080088d4   0x080088d4   0x00000008   Code   RO         4868    i.tcp_err           tcp.o
    0x080088dc   0x080088dc   0x000000a4   Code   RO         4869    i.tcp_fasttmr       tcp.o
    0x08008980   0x08008980   0x0000000e   Code   RO         4870    i.tcp_free          tcp.o
    0x0800898e   0x0800898e   0x00000002   PAD
    0x08008990   0x08008990   0x00000084   Code   RO         5172    i.tcp_free_acked_segments  tcp_in.o
    0x08008a14   0x08008a14   0x0000000e   Code   RO         4871    i.tcp_free_listen   tcp.o
    0x08008a22   0x08008a22   0x00000014   Code   RO         4872    i.tcp_free_ooseq    tcp.o
    0x08008a36   0x08008a36   0x00000002   PAD
    0x08008a38   0x08008a38   0x00000048   Code   RO         5173    i.tcp_get_next_optbyte  tcp_in.o
    0x08008a80   0x08008a80   0x00000038   Code   RO         4873    i.tcp_handle_closepend  tcp.o
    0x08008ab8   0x08008ab8   0x00000002   Code   RO         4874    i.tcp_init          tcp.o
    0x08008aba   0x08008aba   0x00000002   PAD
    0x08008abc   0x08008abc   0x0000066c   Code   RO         5174    i.tcp_input         tcp_in.o
    0x08009128   0x08009128   0x0000004c   Code   RO         5175    i.tcp_input_delayed_close  tcp_in.o
    0x08009174   0x08009174   0x0000005e   Code   RO         5267    i.tcp_keepalive     tcp_out.o
    0x080091d2   0x080091d2   0x00000002   PAD
    0x080091d4   0x080091d4   0x0000006c   Code   RO         4875    i.tcp_kill_prio     tcp.o
    0x08009240   0x08009240   0x0000004c   Code   RO         4876    i.tcp_kill_state    tcp.o
    0x0800928c   0x0800928c   0x00000040   Code   RO         4877    i.tcp_kill_timewait  tcp.o
    0x080092cc   0x080092cc   0x00000024   Code   RO         4878    i.tcp_listen_closed  tcp.o
    0x080092f0   0x080092f0   0x0000018c   Code   RO         5176    i.tcp_listen_input  tcp_in.o
    0x0800947c   0x0800947c   0x00000012   Code   RO         4879    i.tcp_listen_with_backlog  tcp.o
    0x0800948e   0x0800948e   0x00000002   PAD
    0x08009490   0x08009490   0x000000dc   Code   RO         4880    i.tcp_listen_with_backlog_and_err  tcp.o
    0x0800956c   0x0800956c   0x0000004c   Code   RO         4881    i.tcp_netif_ip_addr_changed  tcp.o
    0x080095b8   0x080095b8   0x0000002e   Code   RO         4882    i.tcp_netif_ip_addr_changed_pcblist  tcp.o
    0x080095e6   0x080095e6   0x00000010   Code   RO         4884    i.tcp_new_ip_type   tcp.o
    0x080095f6   0x080095f6   0x00000002   PAD
    0x080095f8   0x080095f8   0x00000068   Code   RO         4885    i.tcp_new_port      tcp.o
    0x08009660   0x08009660   0x00000020   Code   RO         4886    i.tcp_next_iss      tcp.o
    0x08009680   0x08009680   0x00000090   Code   RO         5177    i.tcp_oos_insert_segment  tcp_in.o
    0x08009710   0x08009710   0x00000268   Code   RO         5268    i.tcp_output        tcp_out.o
    0x08009978   0x08009978   0x0000003c   Code   RO         5269    i.tcp_output_alloc_header  tcp_out.o
    0x080099b4   0x080099b4   0x00000076   Code   RO         5270    i.tcp_output_alloc_header_common  tcp_out.o
    0x08009a2a   0x08009a2a   0x00000002   PAD
    0x08009a2c   0x08009a2c   0x00000088   Code   RO         5271    i.tcp_output_control_segment  tcp_out.o
    0x08009ab4   0x08009ab4   0x00000012   Code   RO         5272    i.tcp_output_fill_options  tcp_out.o
    0x08009ac6   0x08009ac6   0x00000002   PAD
    0x08009ac8   0x08009ac8   0x00000110   Code   RO         5273    i.tcp_output_segment  tcp_out.o
    0x08009bd8   0x08009bd8   0x00000012   Code   RO         5274    i.tcp_output_segment_busy  tcp_out.o
    0x08009bea   0x08009bea   0x00000002   PAD
    0x08009bec   0x08009bec   0x000000b8   Code   RO         5178    i.tcp_parseopt      tcp_in.o
    0x08009ca4   0x08009ca4   0x00000076   Code   RO         5275    i.tcp_pbuf_prealloc  tcp_out.o
    0x08009d1a   0x08009d1a   0x00000070   Code   RO         4887    i.tcp_pcb_purge     tcp.o
    0x08009d8a   0x08009d8a   0x0000006a   Code   RO         4888    i.tcp_pcb_remove    tcp.o
    0x08009df4   0x08009df4   0x00000012   Code   RO         4889    i.tcp_poll          tcp.o
    0x08009e06   0x08009e06   0x00000002   PAD
    0x08009e08   0x08009e08   0x000005f0   Code   RO         5179    i.tcp_process       tcp_in.o
    0x0800a3f8   0x0800a3f8   0x000000aa   Code   RO         4890    i.tcp_process_refused_data  tcp.o
    0x0800a4a2   0x0800a4a2   0x00000002   PAD
    0x0800a4a4   0x0800a4a4   0x0000099c   Code   RO         5180    i.tcp_receive       tcp_in.o
    0x0800ae40   0x0800ae40   0x00000008   Code   RO         4891    i.tcp_recv          tcp.o
    0x0800ae48   0x0800ae48   0x0000003a   Code   RO         4892    i.tcp_recv_null     tcp.o
    0x0800ae82   0x0800ae82   0x0000005e   Code   RO         4893    i.tcp_recved        tcp.o
    0x0800aee0   0x0800aee0   0x00000018   Code   RO         4894    i.tcp_remove_listener  tcp.o
    0x0800aef8   0x0800aef8   0x0000008c   Code   RO         5276    i.tcp_rexmit        tcp_out.o
    0x0800af84   0x0800af84   0x0000007c   Code   RO         5277    i.tcp_rexmit_fast   tcp_out.o
    0x0800b000   0x0800b000   0x00000014   Code   RO         5278    i.tcp_rexmit_rto    tcp_out.o
    0x0800b014   0x0800b014   0x0000001e   Code   RO         5279    i.tcp_rexmit_rto_commit  tcp_out.o
    0x0800b032   0x0800b032   0x0000008e   Code   RO         5280    i.tcp_rexmit_rto_prepare  tcp_out.o
    0x0800b0c0   0x0800b0c0   0x0000001e   Code   RO         5281    i.tcp_route         tcp_out.o
    0x0800b0de   0x0800b0de   0x00000002   PAD
    0x0800b0e0   0x0800b0e0   0x00000078   Code   RO         5282    i.tcp_rst           tcp_out.o
    0x0800b158   0x0800b158   0x00000026   Code   RO         4895    i.tcp_seg_copy      tcp.o
    0x0800b17e   0x0800b17e   0x0000001a   Code   RO         4896    i.tcp_seg_free      tcp.o
    0x0800b198   0x0800b198   0x00000018   Code   RO         4897    i.tcp_segs_free     tcp.o
    0x0800b1b0   0x0800b1b0   0x000000ac   Code   RO         5283    i.tcp_send_empty_ack  tcp_out.o
    0x0800b25c   0x0800b25c   0x0000004e   Code   RO         5284    i.tcp_send_fin      tcp_out.o
    0x0800b2aa   0x0800b2aa   0x00000008   Code   RO         4898    i.tcp_sent          tcp.o
    0x0800b2b2   0x0800b2b2   0x0000000e   Code   RO         4899    i.tcp_setprio       tcp.o
    0x0800b2c0   0x0800b2c0   0x0000040c   Code   RO         4901    i.tcp_slowtmr       tcp.o
    0x0800b6cc   0x0800b6cc   0x000001b4   Code   RO         5285    i.tcp_split_unsent_seg  tcp_out.o
    0x0800b880   0x0800b880   0x00000038   Code   RO         5426    i.tcp_timer_needed  timeouts.o
    0x0800b8b8   0x0800b8b8   0x000000ac   Code   RO         5181    i.tcp_timewait_input  tcp_in.o
    0x0800b964   0x0800b964   0x00000024   Code   RO         4903    i.tcp_tmr           tcp.o
    0x0800b988   0x0800b988   0x00000014   Code   RO         5182    i.tcp_trigger_input_pcb_close  tcp_in.o
    0x0800b99c   0x0800b99c   0x0000004a   Code   RO         4905    i.tcp_update_rcv_ann_wnd  tcp.o
    0x0800b9e6   0x0800b9e6   0x00000002   PAD
    0x0800b9e8   0x0800b9e8   0x00000478   Code   RO         5286    i.tcp_write         tcp_out.o
    0x0800be60   0x0800be60   0x00000084   Code   RO         5287    i.tcp_write_checks  tcp_out.o
    0x0800bee4   0x0800bee4   0x000000ec   Code   RO         5288    i.tcp_zero_window_probe  tcp_out.o
    0x0800bfd0   0x0800bfd0   0x0000013c   Code   RO          713    i.tcpip_stack_init_E  netconf_emac.o
    0x0800c10c   0x0800c10c   0x00000008   Code   RO          345    i.tcpip_stack_netif  main.o
    0x0800c114   0x0800c114   0x00000038   Code   RO         5427    i.tcpip_tcp_timer   timeouts.o
    0x0800c14c   0x0800c14c   0x00000010   Code   RO          714    i.time_update       netconf_emac.o
    0x0800c15c   0x0800c15c   0x00000074   Code   RO         5793    i.tx_compl_timeout  dm9051.o
    0x0800c1d0   0x0800c1d0   0x00000010   Code   RO         6839    i.tx_manager_dispatch_w  devif_lwip.o
    0x0800c1e0   0x0800c1e0   0x00000074   Code   RO         1072    i.uart_print_init   at32f435_437_board.o
    0x0800c254   0x0800c254   0x00000002   Code   RO         5495    i.udp_init          udp.o
    0x0800c256   0x0800c256   0x00000002   PAD
    0x0800c258   0x0800c258   0x00000290   Code   RO         5496    i.udp_input         udp.o
    0x0800c4e8   0x0800c4e8   0x00000060   Code   RO         5497    i.udp_input_local_match  udp.o
    0x0800c548   0x0800c548   0x00000030   Code   RO         5498    i.udp_netif_ip_addr_changed  udp.o
    0x0800c578   0x0800c578   0x00000008   Code   RO         1412    i.usart_data_transmit  at32f435_437_usart.o
    0x0800c580   0x0800c580   0x0000000a   Code   RO         1416    i.usart_enable      at32f435_437_usart.o
    0x0800c58a   0x0800c58a   0x00000010   Code   RO         1418    i.usart_flag_get    at32f435_437_usart.o
    0x0800c59a   0x0800c59a   0x00000002   PAD
    0x0800c59c   0x0800c59c   0x000000ac   Code   RO         1421    i.usart_init        at32f435_437_usart.o
    0x0800c648   0x0800c648   0x0000000a   Code   RO         1438    i.usart_transmitter_enable  at32f435_437_usart.o
    0x0800c652   0x0800c652   0x0000001c   Code   RO         5795    i.validate_macaddr  dm9051.o
    0x0800c66e   0x0800c66e   0x00000002   PAD
    0x0800c670   0x0800c670   0x0000002c   Code   RO         7236    locale$$code        c_w.l(lc_ctype_c.o)
    0x0800c69c   0x0800c69c   0x0000000a   Code   RO         7315    x$fpl$fpinit        fz_wm.l(fpinit.o)
    0x0800c6a6   0x0800c6a6   0x00000018   Data   RO          577    .constdata          netconf.o
    0x0800c6be   0x0800c6be   0x00000026   Data   RO         1213    .constdata          at32f435_437_crm.o
    0x0800c6e4   0x0800c6e4   0x00000016   Data   RO         3245    .constdata          system_at32f435_437.o
    0x0800c6fa   0x0800c6fa   0x0000000c   Data   RO         3511    .constdata          ethernet.o
    0x0800c706   0x0800c706   0x00000002   PAD
    0x0800c708   0x0800c708   0x00000008   Data   RO         3934    .constdata          ip4_addr.o
    0x0800c710   0x0800c710   0x00000108   Data   RO         4135    .constdata          memp.o
    0x0800c818   0x0800c818   0x00000050   Data   RO         4906    .constdata          tcp.o
    0x0800c868   0x0800c868   0x00000024   Data   RO         5428    .constdata          timeouts.o
    0x0800c88c   0x0800c88c   0x00000018   Data   RO         5798    .constdata          dm9051.o
    0x0800c8a4   0x0800c8a4   0x0000000e   Data   RO         6240    .constdata          at32f437_spi1.o
    0x0800c8b2   0x0800c8b2   0x00000002   PAD
    0x0800c8b4   0x0800c8b4   0x00000018   Data   RO         6345    .constdata          at32f437_int7.o
    0x0800c8cc   0x0800c8cc   0x00000018   Data   RO         6725    .constdata          platform_info_lwip.o
    0x0800c8e4   0x0800c8e4   0x000060b4   Data   RO         6890    .constdata          fs_jjdynamic.o
    0x08012998   0x08012998   0x00000028   Data   RO         6951    .constdata          httpd.o
    0x080129c0   0x080129c0   0x00000008   Data   RO         7105    .constdata          c_w.l(_printf_wctomb.o)
    0x080129c8   0x080129c8   0x00000028   Data   RO         7117    .constdata          c_w.l(_printf_hex_int.o)
    0x080129f0   0x080129f0   0x00000011   Data   RO         7152    .constdata          c_w.l(__printf_flags_ss_wp.o)
    0x08012a01   0x08012a01   0x00000003   PAD
    0x08012a04   0x08012a04   0x00000047   Data   RO          578    .conststring        netconf.o
    0x08012a4b   0x08012a4b   0x00000001   PAD
    0x08012a4c   0x08012a4c   0x0000007c   Data   RO         4136    .conststring        memp.o
    0x08012ac8   0x08012ac8   0x0000006d   Data   RO         4907    .conststring        tcp.o
    0x08012b35   0x08012b35   0x00000003   PAD
    0x08012b38   0x08012b38   0x0000005d   Data   RO         5799    .conststring        dm9051.o
    0x08012b95   0x08012b95   0x00000003   PAD
    0x08012b98   0x08012b98   0x00000039   Data   RO         6241    .conststring        at32f437_spi1.o
    0x08012bd1   0x08012bd1   0x00000003   PAD
    0x08012bd4   0x08012bd4   0x00000024   Data   RO         6346    .conststring        at32f437_int7.o
    0x08012bf8   0x08012bf8   0x00000156   Data   RO         6726    .conststring        platform_info_lwip.o
    0x08012d4e   0x08012d4e   0x00000002   PAD
    0x08012d50   0x08012d50   0x00000040   Data   RO         6952    .conststring        httpd.o
    0x08012d90   0x08012d90   0x00000020   Data   RO         7402    Region$$Table       anon$$obj.o
    0x08012db0   0x08012db0   0x00000110   Data   RO         7235    locale$$data        c_w.l(lc_ctype_c.o)


    Execution Region RW_IRAM1 (Exec base: 0x20000000, Load base: 0x08012ec0, Size: 0x0000c658, Max: 0x00060000, ABSOLUTE, COMPRESSED[0x00000054])

    Exec Addr    Load Addr    Size         Type   Attr      Idx    E Section Name        Object

    0x20000000   COMPRESSED   0x00000020   Data   RW          349    .data               main.o
    0x20000020   COMPRESSED   0x00000010   Data   RW          579    .data               netconf.o
    0x20000030   COMPRESSED   0x0000002d   Data   RW         1073    .data               at32f435_437_board.o
    0x2000005d   COMPRESSED   0x00000003   PAD
    0x20000060   COMPRESSED   0x00000004   Data   RW         3246    .data               system_at32f435_437.o
    0x20000064   COMPRESSED   0x00000001   Data   RW         3418    .data               etharp.o
    0x20000065   COMPRESSED   0x00000003   PAD
    0x20000068   COMPRESSED   0x00000008   Data   RW         3607    .data               igmp.o
    0x20000070   COMPRESSED   0x00000008   Data   RW         3865    .data               ip4.o
    0x20000078   COMPRESSED   0x00000006   Data   RW         3994    .data               ip4_frag.o
    0x2000007e   COMPRESSED   0x00000002   PAD
    0x20000080   COMPRESSED   0x0000000c   Data   RW         4062    .data               mem.o
    0x2000008c   COMPRESSED   0x0000002c   Data   RW         4137    .data               memp.o
    0x200000b8   COMPRESSED   0x0000000a   Data   RW         4264    .data               netif.o
    0x200000c2   COMPRESSED   0x00000001   Data   RW         4489    .data               pbuf.o
    0x200000c3   COMPRESSED   0x00000001   PAD
    0x200000c4   COMPRESSED   0x00000004   Data   RW         4705    .data               raw.o
    0x200000c8   COMPRESSED   0x00000004   Data   RW         4830    .data               sys_arch.o
    0x200000cc   COMPRESSED   0x00000020   Data   RW         4908    .data               tcp.o
    0x200000ec   COMPRESSED   0x00000028   Data   RW         5184    .data               tcp_in.o
    0x20000114   COMPRESSED   0x0000000c   Data   RW         5429    .data               timeouts.o
    0x20000120   COMPRESSED   0x00000008   Data   RW         5508    .data               udp.o
    0x20000128   COMPRESSED   0x00000008   Data   RW         5639    .data               ethernetif_v51.o
    0x20000130   COMPRESSED   0x00000024   Data   RW         5800    .data               dm9051.o
    0x20000154   COMPRESSED   0x00000014   Data   RW         6242    .data               at32f437_spi1.o
    0x20000168   COMPRESSED   0x0000000c   Data   RW         6347    .data               at32f437_int7.o
    0x20000174   COMPRESSED   0x00000028   Data   RW         6443    .data               hex_dump.o
    0x2000019c   COMPRESSED   0x00000008   Data   RW         6611    .data               plat_lwip.o
    0x200001a4   COMPRESSED   0x00000018   Data   RW         6727    .data               platform_info_lwip.o
    0x200001bc   COMPRESSED   0x00000004   Data   RW         6842    .data               devif_lwip.o
    0x200001c0   COMPRESSED   0x0000000c   Data   RW         6953    .data               httpd.o
    0x200001cc        -       0x00000134   Zero   RW          348    .bss                main.o
    0x20000300        -       0x0000080e   Zero   RW          576    .bss                netconf.o
    0x20000b0e   COMPRESSED   0x00000002   PAD
    0x20000b10        -       0x000000f0   Zero   RW         3417    .bss                etharp.o
    0x20000c00        -       0x00000018   Zero   RW         3844    .bss                ip.o
    0x20000c18        -       0x00005013   Zero   RW         4061    .bss                mem.o
    0x20005c2b   COMPRESSED   0x00000001   PAD
    0x20005c2c        -       0x00005b18   Zero   RW         4134    .bss                memp.o
    0x2000b744        -       0x0000007c   Zero   RW         4263    .bss                netif.o
    0x2000b7c0        -       0x000001c0   Zero   RW         4791    .bss                stats.o
    0x2000b980        -       0x00000014   Zero   RW         5183    .bss                tcp_in.o
    0x2000b994        -       0x0000013a   Zero   RW         5797    .bss                dm9051.o
    0x2000bace        -       0x00000440   Zero   RW         6950    .bss                httpd.o
    0x2000bf0e   COMPRESSED   0x00000002   PAD
    0x2000bf10        -       0x000000e4   Zero   RW         7169    .bss                c_w.l(rand.o)
    0x2000bff4        -       0x00000060   Zero   RW         7286    .bss                c_w.l(libspace.o)
    0x2000c054   COMPRESSED   0x00000004   PAD
    0x2000c058        -       0x00000200   Zero   RW         3278    HEAP                startup_at32f435_437.o
    0x2000c258        -       0x00000400   Zero   RW         3277    STACK               startup_at32f435_437.o


==============================================================================

Image component sizes


      Code (inc. data)   RO Data    RW Data    ZI Data      Debug   Object Name

         0          0          0          0          0       2432   altcp.o
        12          0          0          0          0        559   at32_emac.o
       308         48          0         45          0       5885   at32f435_437_board.o
       260         24          0          0          0      86537   at32f435_437_clock.o
       874        106         38          0          0       8784   at32f435_437_crm.o
       206         14          0          0          0       2875   at32f435_437_exint.o
       216          0          0          0          0       3697   at32f435_437_gpio.o
        34          0          0          0          0      30134   at32f435_437_int.o
       280         18          0          0          0      32736   at32f435_437_misc.o
       180          4          0          0          0        717   at32f435_437_scfg.o
       404          0          0          0          0       4226   at32f435_437_spi.o
       216         10          0          0          0       3774   at32f435_437_usart.o
       308         46         60         12          0       5482   at32f437_int7.o
       784        166         71         20          0      11348   at32f437_spi1.o
       112          0          0          0          0       2093   def.o
       282         34          0          4          0       3452   devif_lwip.o
      3192        754        117         36        314      49817   dm9051.o
         0          0          0          0          0        620   err.o
      2468         88          0          1        240      12743   etharp.o
       408         12         12          0          0       2934   ethernet.o
       152         12          0          0          0       1536   ethernetif.o
       506         76          0          8          0       8032   ethernetif_v51.o
        80          4      24756          0          0       4795   fs_jjdynamic.o
        64         18          0         40          0       8480   hex_dump.o
      2250        120        104         12       1088      24208   httpd.o
      1132         24          0          0          0       9821   icmp.o
      1172         66          0          8          0      16898   igmp.o
       452          0          0          0          0      13660   inet_chksum.o
        38          0          0          0          0        608   init.o
         0          0          0          0         24       3286   ip.o
      1936         52          0          8          0       8372   ip4.o
        78          0          8          0          0       9466   ip4_addr.o
      2066         50          0          6          0      12934   ip4_frag.o
      1098        378          0         32        308      22981   main.o
      1296         94          0         12      20499       8525   mem.o
       272         16        388         44      23320      11316   memp.o
       606         44         95         16       2062      19512   netconf.o
       432        186          0          0          0       1796   netconf_emac.o
      1362         66          0         10        124      22248   netif.o
      1404          4          0          1          0      18133   pbuf.o
       714        356          0          8          0      10456   plat_lwip.o
      1332        464        366         24          0      13646   platform_info_lwip.o
       264         20          0          4          0       7963   raw.o
        64         26        524          0       1536        944   startup_at32f435_437.o
        20         10          0          0        448       5646   stats.o
        12          6          0          4          0        821   sys_arch.o
       384         42         22          4          0       2308   system_at32f435_437.o
      4296        212        189         32          0      45013   tcp.o
      6820        400          0         40         20      33031   tcp_in.o
      4778         60          0          0          0      34454   tcp_out.o
       402         58         36         12          0       6373   timeouts.o
       802         24          0          8          0       6522   udp.o

    ----------------------------------------------------------------------
     46918       4212      26834        460      49988     664629   Object Totals
         0          0         32          0          0          0   (incl. Generated)
        90          0         16          9          5          0   (incl. Padding)

    ----------------------------------------------------------------------

      Code (inc. data)   RO Data    RW Data    ZI Data      Debug   Library Member Name

        24          4          0          0          0         84   __2printf.o
        56          6          0          0          0         88   __2snprintf.o
        44          6          0          0          0         84   __2sprintf.o
        90          0          0          0          0          0   __dczerorl2.o
         8          0          0          0          0         68   __main.o
       392          4         17          0          0         92   __printf_flags_ss_wp.o
        14          0          0          0          0         68   __printf_wp.o
         0          0          0          0          0          0   __rtentry.o
        12          0          0          0          0          0   __rtentry2.o
         6          0          0          0          0          0   __rtentry4.o
        52          8          0          0          0          0   __scatter.o
        28          0          0          0          0          0   __scatter_zi.o
         6          0          0          0          0          0   _printf_c.o
        44          0          0          0          0        108   _printf_char.o
        48          6          0          0          0         96   _printf_char_common.o
        36          4          0          0          0         80   _printf_char_file.o
         6          0          0          0          0          0   _printf_d.o
       120         16          0          0          0         92   _printf_dec.o
        88          4         40          0          0         88   _printf_hex_int.o
         6          0          0          0          0          0   _printf_i.o
       178          0          0          0          0         88   _printf_intcommon.o
        10          0          0          0          0          0   _printf_l.o
         6          0          0          0          0          0   _printf_lc.o
         6          0          0          0          0          0   _printf_o.o
        80          8          0          0          0         88   _printf_oct_int.o
        78          0          0          0          0        108   _printf_pad.o
         0          0          0          0          0          0   _printf_percent.o
         4          0          0          0          0          0   _printf_percent_end.o
         6          0          0          0          0          0   _printf_s.o
        82          0          0          0          0         80   _printf_str.o
        36          0          0          0          0         84   _printf_truncate.o
         6          0          0          0          0          0   _printf_u.o
        44          0          0          0          0        108   _printf_wchar.o
       188          6          8          0          0         92   _printf_wctomb.o
         6          0          0          0          0          0   _printf_x.o
        16          0          0          0          0         68   _snputc.o
        10          0          0          0          0         68   _sputc.o
        64          0          0          0          0         92   _wcrtomb.o
        18          0          0          0          0         80   exit.o
         8          0          0          0          0         68   ferror.o
         6          0          0          0          0        152   heapauxi.o
        44         10        272          0          0         76   lc_ctype_c.o
         2          0          0          0          0          0   libinit.o
        28          0          0          0          0          0   libinit2.o
         2          0          0          0          0          0   libshutdown.o
         2          0          0          0          0          0   libshutdown2.o
         8          4          0          0         96         68   libspace.o
       238          0          0          0          0        100   lludivv7m.o
        88          0          0          0          0         76   memcmp.o
         4          0          0          0          0         68   putc.o
       112         18          0          0        228        160   rand.o
        16          4          0          0          0         76   rt_ctype_table.o
         8          4          0          0          0         68   rt_locale_intlibspace.o
        68          0          0          0          0         68   rt_memclr.o
        78          0          0          0          0         80   rt_memclr_w.o
       138          0          0          0          0         68   rt_memcpy_v6.o
       100          0          0          0          0         80   rt_memcpy_w.o
         2          0          0          0          0          0   rtexit.o
        10          0          0          0          0          0   rtexit2.o
        20          0          0          0          0         68   strchr.o
       128          0          0          0          0         68   strcmpv7m.o
        72          0          0          0          0         80   strcpy.o
        62          0          0          0          0         76   strlen.o
       150          0          0          0          0         80   strncmp.o
        74          0          0          0          0         80   sys_stackheap_outer.o
         2          0          0          0          0         68   use_no_semi.o
         2          0          0          0          0         68   use_no_semi_2.o
        10          0          0          0          0        116   fpinit.o

    ----------------------------------------------------------------------
      3412        112        340          0        328       3816   Library Totals
        12          0          3          0          4          0   (incl. Padding)

    ----------------------------------------------------------------------

      Code (inc. data)   RO Data    RW Data    ZI Data      Debug   Library Name

      3390        112        337          0        324       3700   c_w.l
        10          0          0          0          0        116   fz_wm.l

    ----------------------------------------------------------------------
      3412        112        340          0        328       3816   Library Totals

    ----------------------------------------------------------------------

==============================================================================


      Code (inc. data)   RO Data    RW Data    ZI Data      Debug   

     50330       4324      27174        460      50316     623813   Grand Totals
     50330       4324      27174         84      50316     623813   ELF Image Totals (compressed)
     50330       4324      27174         84          0          0   ROM Totals

==============================================================================

    Total RO  Size (Code + RO Data)                77504 (  75.69kB)
    Total RW  Size (RW Data + ZI Data)             50776 (  49.59kB)
    Total ROM Size (Code + RO Data + RW Data)      77588 (  75.77kB)

==============================================================================

